raw=/home/mgta29/tc7200u-research/research/generated/2026-05-31-010955-source-payload.raw
wrapped=/mnt/c/tftp/tc7200-stage1-map-base.bin
raw_size=4618983
wrapped_size=4619075
signature=0xa825
expected_signature=0xa825
control=0x0005
major=0x0100
minor=0x03ff
build_time=0x5444bf55
file_length=4618983
load_address=0x80004000
filename=TC7200U-D6.02.11-141019-F-1C1.bin
hcs=0x62c7
expected_hcs=0x62c7
crc=0xa0259e23
size_ok=True
raw_sha256=2a14c78cdd47e473c63aef7520ee102cafd85ae71e9a3d933b126a0ae8e21f30
wrapped_sha256=cd0795803d2936b46606b4c2d889ac709f14232b570592c726c348a185d72abd

OK: wrapped image matches raw payload and expected header fields
