done!
blasting from 0x80010000 to 0x01591937 (0x80010000 - 0x815a1940)
Starting kernel at 80010000...

[    0.000000] Linux version 6.12.89 (mgta29@CerberusNB) (mips-openwrt-linux-musl-gcc (OpenWrt GCC 14.3.0 r34427-6865d489d2) 14.3.0, GNU ld (GNU Binutils) 2.44) #0 SMP Sun May 24 17:13:55 2026
[    0.000000] CPU0 revision is: 0002a080 (Broadcom BMIPS4350)
[    0.000000] MIPS: machine is Technicolor TC7200.U
[    0.000000] earlycon: bcm63xx_uart0 at MMIO 0x14e00500 (options '')
[    0.000000] printk: legacy bootconsole [bcm63xx_uart0] enabled
[    0.000000] Kernel sections are not in the memory maps
[    0.000000] Wasting 576 bytes for tracking 16 unused pages
[    0.000000] Initrd not found or empty - disabling initrd
[    0.000000] OF: reserved mem: Reserved memory: No reserved-memory node in the DT
[    0.000000] Primary instruction cache 64kB, VIPT, 4-way, linesize 16 bytes.
[    0.000000] Primary data cache 32kB, 2-way, VIPT, cache aliases, linesize 16 bytes
[    0.000000] Zone ranges:
[    0.000000]   Normal   [mem 0x0000000000010000-0x000000000fffffff]
[    0.000000] Movable zone start for each node
[    0.000000] Early memory node ranges
[    0.000000]   node   0: [mem 0x0000000000010000-0x00000000016e7fff]
[    0.000000]   node   0: [mem 0x0000000006000000-0x0000000007ffffff]
[    0.000000]   node   0: [mem 0x000000000e000000-0x000000000fffffff]
[    0.000000] Initmem setup node 0 [mem 0x0000000000010000-0x000000000fffffff]
[    0.000000] On node 0, zone Normal: 16 pages in unavailable ranges
[    0.000000] On node 0, zone Normal: 18712 pages in unavailable ranges
[    0.000000] On node 0, zone Normal: 24576 pages in unavailable ranges
[    0.000000] percpu: Embedded 12 pages/cpu s19664 r8192 d21296 u49152
[    0.000000] Kernel command line: console=ttyS0,115200 earlycon
[    0.000000] Dentry cache hash table entries: 8192 (order: 3, 32768 bytes, linear)
[    0.000000] Inode-cache hash table entries: 4096 (order: 2, 16384 bytes, linear)
[    0.000000] Built 1 zonelists, mobility grouping on.  Total pages: 22232
[    0.000000] mem auto-init: stack:off, heap alloc:off, heap free:off
[    0.000000] SLUB: HWalign=64, Order=0-3, MinObjects=0, CPUs=1, Nodes=1
[    0.000000] rcu: Hierarchical RCU implementation.
[    0.000000] rcu: 	RCU restricting CPUs from NR_CPUS=2 to nr_cpu_ids=1.
[    0.000000] 	Tracing variant of Tasks RCU enabled.
[    0.000000] rcu: RCU calculated value of scheduler-enlistment delay is 10 jiffies.
[    0.000000] rcu: Adjusting geometry for rcu_fanout_leaf=16, nr_cpu_ids=1
[    0.000000] RCU Tasks Trace: Setting shift to 0 and lim to 1 rcu_task_cb_adjust=1 rcu_task_cpu_ids=1.
[    0.000000] NR_IRQS: 256
[    0.000000] rcu: srcu_init: Setting srcu_struct sizes based on contention.
[    0.000000] clocksource: MIPS: mask: 0xffffffff max_cycles: 0xffffffff, max_idle_ns: 6370868154 ns
[    0.000107] sched_clock: 32 bits at 300MHz, resolution 3ns, wraps every 7158278654ns
[    0.019210] Calibrating delay loop... 4.42 BogoMIPS (lpj=22144)
[    0.160654] pid_max: default: 32768 minimum: 301
[    2.907753] Mount-cache hash table entries: 1024 (order: 0, 4096 bytes, linear)
[    2.919519] Mountpoint-cache hash table entries: 1024 (order: 0, 4096 bytes, linear)
[    5.038897] rcu: Hierarchical SRCU implementation.
[    5.046509] rcu: 	Max phase no-delay instances is 1000.
[    5.150579] smp: Bringing up secondary CPUs ...
[    5.157905] smp: Brought up 1 node, 1 CPU
[    5.185849] Memory: 62492K/88928K available (8399K kernel code, 657K rwdata, 1788K rodata, 12316K init, 224K bss, 25816K reserved, 0K cma-reserved)
[    5.518815] clocksource: jiffies: mask: 0xffffffff max_cycles: 0xffffffff, max_idle_ns: 19112604462750000 ns
[    5.534375] futex hash table entries: 256 (order: 2, 16384 bytes, linear)
[    7.326086] pinctrl core: initialized pinctrl subsystem
[    8.035862] NET: Registered PF_NETLINK/PF_ROUTE protocol family
[   10.156457] clocksource: Switched to clocksource MIPS
[   13.022850] NET: Registered PF_INET protocol family
[   13.069130] IP idents hash table entries: 2048 (order: 2, 16384 bytes, linear)
[   13.215940] tcp_listen_portaddr_hash hash table entries: 512 (order: 0, 4096 bytes, linear)
[   13.231035] Table-perturb hash table entries: 65536 (order: 6, 262144 bytes, linear)
[   13.243930] TCP established hash table entries: 1024 (order: 0, 4096 bytes, linear)
[   13.261677] TCP bind hash table entries: 1024 (order: 2, 16384 bytes, linear)
[   13.279227] TCP: Hash tables configured (established 1024 bind 1024)
[   13.374523] MPTCP token hash table entries: 256 (order: 0, 4096 bytes, linear)
[   13.436011] UDP hash table entries: 256 (order: 1, 8192 bytes, linear)
[   13.449351] UDP-Lite hash table entries: 256 (order: 1, 8192 bytes, linear)
[   13.614134] NET: Registered PF_UNIX/PF_LOCAL protocol family
[   13.627398] PCI: CLS 0 bytes, default 16
[   17.779939] workingset: timestamp_bits=14 max_order=14 bucket_order=0
[   18.527242] squashfs: version 4.0 (2009/01/31) Phillip Lougher
[   18.537069] jffs2: version 2.2 (NAND) (SUMMARY) (LZMA) (RTIME) (CMODE_PRIORITY) (c) 2001-2006 Red Hat, Inc.
[   21.701933] irq_bcm7120_l2: registered BCM3380 L2 intc (/ubus/periph_intc@14e00048, parent IRQ(s): 1)
[   21.745928] irq_bcm7120_l2: registered BCM3380 L2 intc (/ubus/cmips_intc@151f8048, parent IRQ(s): 1)
[   21.800839] irq_bcm7120_l2: registered BCM3380 L2 intc (/ubus/iop_intc@14e00050, parent IRQ(s): 1)
[   22.042712] 14e00500.serial: ttyS0 at MMIO 0x14e00500 (irq = 8, base_baud = 1687500) is a bcm63xx_uart
[   22.060178] printk: legacy console [ttyS0] enabled
[   22.060178] printk: legacy console [ttyS0] enabled
[   22.074528] printk: legacy bootconsole [bcm63xx_uart0] disabled
[   22.074528] printk: legacy bootconsole [bcm63xx_uart0] disabl[   23.989619] bcm6368_nand 14e02200.nand: timeout waiting for command 0x9
[   24.000598] bcm6368_nand 14e02200.nand: intfc status f0000000
[   24.010342] nand: No NAND device found
[   24.373142] bcmgenet 12c00000.ethernet: GENET 1.0 EPHY: 0x0000
[   24.383241] bcmgenet: Invalid GPHY revision detected: 0x0000
[   24.394042] bcmgenet 12c00000.ethernet: using random Ethernet MAC
[   24.411367] bcmgenet 12c00000.ethernet: unable to find MDIO bus node
[   24.524135] unimac-mdio unimac-mdio.-19: Broadcom UniMAC MDIO bus
[   34.648091] NET: Registered PF_INET6 protocol family
[   35.200939] Segment Routing with IPv6
[   35.221869] In-situ OAM (IOAM) with IPv6
[   35.244123] NET: Registered PF_PACKET protocol family
[   35.292168] 8021q: 802.1Q VLAN Support v1.8
[   40.051767] clk: Disabling unused clocks
[   40.058910] PM: genpd: Disabling unused power domains
[   41.689593] Freeing unused kernel image (initmem) memory: 12316K
[   41.699809] This architecture does not have kernel memory protection.
[   41.710086] Run /init as init process
[   75.786688] init: Console is alive
[   76.440616] kmodloader: loading kernel modules from /etc/modules-boot.d/*
[   76.622369] kmodloader: done loading kernel modules from /etc/modules-boot.d/*
[   76.732660] init: - preinit -
[  104.081165] random: crng init done
[  135.099982] bcmgenet 12c00000.ethernet: configuring instance for external RGMII (no delay)
[  135.206437] bcmgenet 12c00000.ethernet eth0: Link is Up - 1Gbps/Full - flow control off
[  135.307981] bcmgenet 12c00000.ethernet eth0: tc7200u tx submit ring=0 q=0 len=90 frags=0 free_now=255 sw_prod=9 hw_before(p=0 c=8) hw_after(p=1 c=128) first=0x06836802 first_stat=0x009a6fc0 last=0x06836802 last_stat=0x009a6fc0
[  137.906933] bcmgenet 12c00000.ethernet eth0: NETDEV WATCHDOG: CPU: 0: transmit queue 0 timed out 2570 ms
[  137.941749] bcmgenet 12c00000.ethernet eth0: tc7200u tx submit ring=0 q=0 len=86 frags=0 free_now=503 sw_prod=10 hw_before(p=0 c=8) hw_after(p=1 c=144) first=0x068f8002 first_stat=0x00966fc0 last=0x068f8002 last_stat=0x00966fc0
[  137.979652] bcmgenet 12c00000.ethernet eth0: tc7200u tx submit ring=0 q=0 len=90 frags=0 free_now=502 sw_prod=11 hw_before(p=0 c=8) hw_after(p=1 c=160) first=0x06a1f802 first_stat=0x009a6fc0 last=0x06a1f802 last_stat=0x009a6fc0
[  140.016263] bcmgenet 12c00000.ethernet eth0: NETDEV WATCHDOG: CPU: 0: transmit queue 0 timed out 2010 ms
Press the [f] key and hit [enter] to enter failsafe mode
Press the [1], [2], [3] or [4] key and hit [enter] to select the debug level
[  142.046435] bcmgenet 12c00000.ethernet eth0: NETDEV WATCHDOG: CPU: 0: transmit queue 0 timed out 2010 ms
[  144.076147] bcmgenet 12c00000.ethernet eth0: NETDEV WATCHDOG: CPU: 0: transmit queue 0 timed out 2010 ms
[  144.119226] bcmgenet 12c00000.ethernet eth0: tc7200u tx submit ring=0 q=0 len=70 frags=0 free_now=755 sw_prod=15 hw_before(p=0 c=8) hw_after(p=1 c=224) first=0x068f8782 first_stat=0x00866fc0 last=0x068f8782 last_stat=0x00866fc0
[  146.946871] bcmgenet 12c00000.ethernet eth0: NETDEV WATCHDOG: CPU: 0: transmit queue 0 timed out 2800 ms
[  146.981875] bcmgenet 12c00000.ethernet eth0: tc7200u tx submit ring=0 q=0 len=1043 frags=0 free_now=1009 sw_prod=16 hw_before(p=0 c=8) hw_after(p=1 c=240) first=0x06a1d002 first_stat=0x04536fd0 last=0x06a1d002 last_stat=0x04536fd0
[  149.016144] bcmgenet 12c00000.ethernet eth0: NETDEV WATCHDOG: CPU: 0: transmit queue 0 timed out 2010 ms
[  149.050875] bcmgenet 12c00000.ethernet eth0: tc7200u tx submit ring=0 q=0 len=1043 frags=0 free_now=1262 sw_prod=18 hw_before(p=0 c=8) hw_after(p=1 c=16) first=0x06a1c002 first_stat=0x04536fd0 last=0x06a1c002 last_stat=0x04536fd0
[  151.086145] bcmgenet 12c00000.ethernet eth0: NETDEV WATCHDOG: CPU: 0: transmit queue 0 timed out 2010 ms
[  153.116190] bcmgenet 12c00000.ethernet eth0: NETDEV WATCHDOG: CPU: 0: transmit queue 0 timed out 2010 ms
[  153.151995] bcmgenet 12c00000.ethernet eth0: tc7200u tx submit ring=0 q=0 len=1043 frags=0 free_now=1519 sw_prod=20 hw_before(p=0 c=8) hw_after(p=1 c=48) first=0x06a1d002 first_stat=0x04536fd0 last=0x06a1d002 last_stat=0x04536fd0
[  165.101677] bcmgenet 12c00000.ethernet eth0: Link is Down
[  166.176856] procd: - early -
[  169.522398] procd: - ubus -
[  171.924094] procd: - init -
Please press Enter to activate this console.

login[375]: root login on 'ttyS0'


BusyBox v1.37.0 (2026-01-02 17:07:02 UTC) built-in shell (ash)

  _______                     ________        __
 |       |.-----.-----.-----.|  |  |  |.----.|  |_
 |   -   ||  _  |  -__|     ||  |  |  ||   _||   _|
 |_______||   __|_____|__|__||________||__|  |____|
          |__| W I R E L E S S   F R E E D O M
 -----------------------------------------------------
 OpenWrt SNAPSHOT, r34574-6924c2a278
 -----------------------------------------------------

 === WARNING! =====================================
 There is no root password defined on this device!
 Use the "passwd" command to set up a new password
 in order to prevent unauthorized SSH logins.
 --------------------------------------------------

root@(none):~# [  246.201898] kmodloader: loading kernel modules from /etc/modules.d/*
[  247.237558] PPP generic driver version 2.4.2
[  247.579563] NET: Registered PF_PPPOX protocol family
[  248.216253] kmodloader: done loading kernel modules from /etc/modules.d/*

root@(none):~# 
root@(none):~# MacAddress           : BC-EC-A0-2D-6C-9B

-ash: MacAddress: not found
root@OpenWrt:~# 
root@OpenWrt:~# ^C

root@OpenWrt:~# === speed/duplex prop ===

-ash: ===: not found
root@OpenWrt:~# 
root@OpenWrt:~# 