=== meta ===
timestamp_local=2026-05-31 13:44:14 CEST
cwd=/home/mgta29/src/openwrt
command=a825_verify --raw /home/mgta29/src/openwrt/bin/targets/bmips/bcm63268/openwrt-bmips-bcm63268-technicolor_tc7200u-initramfs.bin --wrapped /mnt/c/tftp/tc7200-stage2-preserve-auto-test.bin --expect-load 0x82000000 --expect-name tc7200-stage2-preserve-auto-test.bin --expect-signature 0xa825
=== output ===
raw=/home/mgta29/src/openwrt/bin/targets/bmips/bcm63268/openwrt-bmips-bcm63268-technicolor_tc7200u-initramfs.bin
wrapped=/mnt/c/tftp/tc7200-stage2-preserve-auto-test.bin
raw_size=7373590
wrapped_size=7373682
signature=0xa825
expected_signature=0xa825
control=0x0000
major=0x0100
minor=0x04ff
build_time=0x6a04e670
file_length=7373590
load_address=0x82000000
filename=tc7200-stage2-preserve-auto-test.bin
expected_name=tc7200-stage2-preserve-auto-test.bin
hcs=0x4228
expected_hcs=0x4228
crc=0xf0b0a5b5
size_ok=True
raw_sha256=56d178e75523bd0a191703bb546f4ab1c983d8bc35d18e56f4f6be9c26eed325
wrapped_sha256=81bb4e575fdc265f3c322fa45ccd709843cf039adea71941eb493db95b83dd14

OK: wrapped image matches raw payload and expected header fields

=== exit ===
exit_code=0
