
== meta ==
mode=auto
script=./scripts/tcbuilder.sh
ts=2026-06-20-141826
research=/home/mgta29/tc7200u-research
notes_dir=/home/mgta29/tc7200u-research/records/generated
build_log_base=/home/mgta29/tc7200u-research/records/logs/builds

== build context ==
timestamp_local=2026-06-20 14:24:18 CEST
owrt=/home/mgta29/src/openwrt
raw_expected=/home/mgta29/src/openwrt/bin/targets/bmips/bcm63268/openwrt-bmips-bcm63268-technicolor_tc7200u-initramfs.bin
source_image=
preserve_from=/home/mgta29/tc7200u-research/records/artifacts/rescue/tc7200-stage2-console-good.bin
wrap_load_addr=
request_name=tc7200u-2026-06-20-141826.bin
result_name=tc7200u-2026-06-20-141826.bin
wrapped_output=/mnt/c/tftp/tc7200u-2026-06-20-141826.bin
build_mode=auto
patch_precheck=1
fresh_header=1
wrap_control=
wrap_major=
wrap_minor=
wrap_build_time=
wrap_crc32=
jobs=16
openwrt_config=/home/mgta29/src/openwrt/.config
openwrt_target_lines_begin
  CONFIG_TARGET_bmips=y
  CONFIG_TARGET_bmips_bcm63268=y
  CONFIG_TARGET_bmips_bcm63268_DEVICE_technicolor_tc7200u=y
  CONFIG_TARGET_BOARD="bmips"
  CONFIG_TARGET_SUBTARGET="bcm63268"
  CONFIG_TARGET_PROFILE="DEVICE_technicolor_tc7200u"
  CONFIG_TARGET_ARCH_PACKAGES="mips_mips32"
  CONFIG_TARGET_ROOTFS_INITRAMFS=y
  CONFIG_TARGET_INITRAMFS_COMPRESSION_NONE=y
  CONFIG_TARGET_ROOTFS_SQUASHFS=y
  CONFIG_TARGET_SQUASHFS_BLOCK_SIZE=256
  CONFIG_TARGET_SQUASHFS_BLOCK_READERS=4
  CONFIG_TARGET_SQUASHFS_SMALL_READERS=4
  CONFIG_TARGET_UBIFS_FREE_SPACE_FIXUP=y
  CONFIG_TARGET_UBIFS_JOURNAL_SIZE=""
  CONFIG_TARGET_ROOTFS_DIR=""
  CONFIG_TARGET_OPTIMIZATION="-Os -pipe -mno-branch-likely -mips32 -mtune=mips32"
  CONFIG_TARGET_SUFFIX="musl"
  CONFIG_TARGET_PREINIT_SUPPRESS_STDERR=y
  CONFIG_TARGET_PREINIT_TIMEOUT=4
  CONFIG_TARGET_PREINIT_IFNAME=""
  CONFIG_TARGET_PREINIT_IP="192.168.1.1"
  CONFIG_TARGET_PREINIT_NETMASK="255.255.255.0"
  CONFIG_TARGET_PREINIT_BROADCAST="192.168.1.255"
  CONFIG_TARGET_INIT_PATH="/usr/sbin:/usr/bin:/sbin:/bin"
  CONFIG_TARGET_INIT_ENV=""
  CONFIG_TARGET_INIT_CMD="/sbin/init"
  CONFIG_TARGET_INIT_SUPPRESS_STDERR=y
openwrt_target_lines_end
initramfs_candidates_begin
  /home/mgta29/src/openwrt/bin/targets/bmips/bcm63268/openwrt-bmips-bcm63268-technicolor_tc7200u-initramfs.bin
initramfs_candidates_end
recent_make_logs_begin
  /home/mgta29/tc7200u-research/records/logs/builds/2026-06-17-092707-fresh-openwrt-target-linux-install-j1.log
  /home/mgta29/tc7200u-research/records/logs/builds/2026-06-15-232607-target-linux-install.log
  /home/mgta29/tc7200u-research/records/logs/builds/2026-06-15-231307-target-linux-install.log
  /home/mgta29/tc7200u-research/records/logs/builds/tc7200u-console-fix-l2-nandoff-target-linux-clean-20260614-204018.log
  /home/mgta29/tc7200u-research/records/logs/builds/tc7200u-clean-disable-nand-target-linux-install-20260614-201216.log
  /home/mgta29/tc7200u-research/records/logs/builds/tc7200u-clean-disable-nand-target-linux-compile-20260614-201204.log
  /home/mgta29/tc7200u-research/records/logs/builds/tc7200u-staged-repro-target-linux-install-20260614-192948.log
  /home/mgta29/tc7200u-research/records/logs/builds/tc7200u-staged-repro-target-linux-compile-20260614-192743.log
  /home/mgta29/tc7200u-research/records/logs/builds/tc7200u-staged-repro-target-linux-clean-20260614-192717.log
  /home/mgta29/tc7200u-research/records/logs/builds/tc7200u-rdinit-sh-openwrt-target-linux-install-20260614-182355.log
recent_make_logs_end

== flow ==
path=openwrt-build
command_log=/home/mgta29/tc7200u-research/records/logs/builds/2026-06-20-141826-ensure-debug-packages.log
command=ensure_packages
exit_code=0

== build decision ==
selected_action=compile
raw_exists=1
config_changed=1
raw_mtime=2026-06-19 08:44:16.145951051 +0200
config_mtime=2026-06-20 14:24:29.212524323 +0200
vmlinux_path=none
stale_input=/home/mgta29/src/openwrt/target/linux/bmips/patches-6.12/999-bcm63xx-uart-tc7200u-console.patch
why=config or sources changed after raw image; kernel/image rebuild required
patch_precheck_status=ran
patch_precheck_files=4
patch_precheck_failures=4
patch_precheck_log=/home/mgta29/tc7200u-research/records/logs/builds/2026-06-20-141826-patch-precheck.log
