
== meta ==
mode=auto
script=./tc7200u-auto-build-install-wrap.sh
ts=2026-06-01-205608
research=/home/mgta29/tc7200u-research
notes_dir=/home/mgta29/tc7200u-research/records/generated
build_log_base=/home/mgta29/tc7200u-research/records/logs/builds

== build context ==
timestamp_local=2026-06-01 20:56:48 CEST
owrt=/home/mgta29/src/openwrt
raw_expected=/home/mgta29/src/openwrt/bin/targets/bmips/bcm63268/openwrt-bmips-bcm63268-technicolor_tc7200u-initramfs.bin
source_image=
preserve_from=
wrap_load_addr=
request_name=tc2700-202606012056.bin
result_name=tc2700-202606012056.bin
wrapped_output=/mnt/c/tftp/tc2700-202606012056.bin
build_mode=auto
jobs=16
openwrt_config=/home/mgta29/src/openwrt/.config
openwrt_target_lines_begin
  CONFIG_TARGET_bmips=y
  CONFIG_TARGET_bmips_bcm63268=y
  CONFIG_TARGET_bmips_bcm63268_DEVICE_technicolor_tc7200u=y
  CONFIG_TARGET_BOARD="bmips"
  CONFIG_TARGET_SUBTARGET="bcm63268"
  CONFIG_TARGET_PROFILE="DEVICE_technicolor_tc7200u"
  CONFIG_TARGET_ARCH_PACKAGES="mips_mips32"
  CONFIG_TARGET_ROOTFS_INITRAMFS=y
  CONFIG_TARGET_INITRAMFS_COMPRESSION_XZ=y
  CONFIG_TARGET_ROOTFS_SQUASHFS=y
  CONFIG_TARGET_SQUASHFS_BLOCK_SIZE=256
  CONFIG_TARGET_SQUASHFS_BLOCK_READERS=4
  CONFIG_TARGET_SQUASHFS_SMALL_READERS=4
  CONFIG_TARGET_UBIFS_FREE_SPACE_FIXUP=y
  CONFIG_TARGET_UBIFS_JOURNAL_SIZE=""
  CONFIG_TARGET_ROOTFS_DIR=""
  CONFIG_TARGET_OPTIMIZATION="-Os -pipe -mno-branch-likely -mips32 -mtune=mips32"
  CONFIG_TARGET_SUFFIX="musl"
  CONFIG_TARGET_PREINIT_SUPPRESS_STDERR=y
  CONFIG_TARGET_PREINIT_TIMEOUT=4
  CONFIG_TARGET_PREINIT_IFNAME=""
  CONFIG_TARGET_PREINIT_IP="192.168.1.1"
  CONFIG_TARGET_PREINIT_NETMASK="255.255.255.0"
  CONFIG_TARGET_PREINIT_BROADCAST="192.168.1.255"
  CONFIG_TARGET_INIT_PATH="/usr/sbin:/usr/bin:/sbin:/bin"
  CONFIG_TARGET_INIT_ENV=""
  CONFIG_TARGET_INIT_CMD="/sbin/init"
  CONFIG_TARGET_INIT_SUPPRESS_STDERR=y
openwrt_target_lines_end
initramfs_candidates_begin
  /home/mgta29/src/openwrt/bin/targets/bmips/bcm63268/openwrt-bmips-bcm63268-technicolor_tc7200u-initramfs.bin
  /home/mgta29/src/openwrt/bin/targets/mediatek/filogic/mt7981-ram-ddr3-bl2.bin
  /home/mgta29/src/openwrt/bin/targets/mediatek/filogic/mt7981-ram-ddr4-bl2.bin
  /home/mgta29/src/openwrt/bin/targets/mediatek/filogic/mt7986-ram-ddr3-bl2.bin
  /home/mgta29/src/openwrt/bin/targets/mediatek/filogic/mt7986-ram-ddr4-bl2.bin
  /home/mgta29/src/openwrt/bin/targets/mediatek/filogic/mt7987-ram-comb-bl2.bin
  /home/mgta29/src/openwrt/bin/targets/mediatek/filogic/mt7988-ram-comb-bl2.bin
  /home/mgta29/src/openwrt/bin/targets/mediatek/filogic/mt7988-ram-ddr4-bl2.bin
  /home/mgta29/src/openwrt/bin/targets/mediatek/filogic/openwrt-mediatek-filogic-openwrt_one-initramfs.itb
  /home/mgta29/src/openwrt/bin/targets/mediatek/filogic/openwrt-mediatek-filogic-openwrt_one-nor-factory.bin
  /home/mgta29/src/openwrt/bin/targets/mediatek/filogic/openwrt-mediatek-filogic-openwrt_one-nor-preloader.bin
  /home/mgta29/src/openwrt/bin/targets/mediatek/filogic/openwrt-mediatek-filogic-openwrt_one-snand-factory.bin
  /home/mgta29/src/openwrt/bin/targets/mediatek/filogic/openwrt-mediatek-filogic-openwrt_one-snand-preloader.bin
  /home/mgta29/src/openwrt/bin/targets/mediatek/filogic/openwrt-mediatek-filogic-openwrt_one-squashfs-sysupgrade.itb
initramfs_candidates_end
recent_make_logs_begin
  /home/mgta29/tc7200u-research/records/logs/builds/2026-05-31-223226-make-full-image.log
  /home/mgta29/tc7200u-research/records/logs/builds/2026-05-31-211618-make-full-image.log
  /home/mgta29/tc7200u-research/records/logs/builds/2026-05-31-201349-make-full-image.log
  /home/mgta29/tc7200u-research/records/logs/builds/2026-05-31-183823-make-full-image.log
  /home/mgta29/tc7200u-research/records/logs/builds/2026-05-31-172144-target-linux-install.log
  /home/mgta29/tc7200u-research/records/logs/builds/2026-05-31-165749-target-linux-install.log
  /home/mgta29/tc7200u-research/records/logs/builds/2026-05-31-162336-target-linux-install.log
  /home/mgta29/tc7200u-research/records/logs/builds/2026-05-31-160716-make-full-image.log
  /home/mgta29/tc7200u-research/records/logs/builds/2026-05-31-160350-make-full-image.log
  /home/mgta29/tc7200u-research/records/logs/builds/2026-05-31-152052-make-full-image.log
recent_make_logs_end

== flow ==
path=openwrt-build
command_log=/home/mgta29/tc7200u-research/records/logs/builds/2026-06-01-205608-ensure-debug-packages.log
command=ensure_packages
exit_code=0

== build decision ==
selected_action=install
raw_exists=1
config_changed=0
raw_mtime=2026-06-01 20:55:58.564982592 +0200
config_mtime=2026-06-01 20:56:51.772964989 +0200
vmlinux_path=/home/mgta29/src/openwrt/build_dir/target-mips_mips32_musl/linux-bmips_bcm63268/linux-6.12.91/vmlinux
vmlinux_mtime=2026-06-01 20:55:51.908981955 +0200
stale_input=none
why=kernel build artifacts exist; only image install/update required
command_log=/home/mgta29/tc7200u-research/records/logs/builds/2026-06-01-205608-target-linux-install.log
command=make -j16 target/linux/install V=s
exit_code=0
command_log=/home/mgta29/tc7200u-research/records/logs/builds/2026-06-01-205608-wrap.log
command=a825_wrap --input /home/mgta29/src/openwrt/bin/targets/bmips/bcm63268/openwrt-bmips-bcm63268-technicolor_tc7200u-initramfs.bin --output /mnt/c/tftp/tc2700-202606012056.bin --filename tc2700-202606012056.bin
exit_code=0
command_log=/home/mgta29/tc7200u-research/records/logs/builds/2026-06-01-205608-verify.log
command=a825_verify --raw /home/mgta29/src/openwrt/bin/targets/bmips/bcm63268/openwrt-bmips-bcm63268-technicolor_tc7200u-initramfs.bin --wrapped /mnt/c/tftp/tc2700-202606012056.bin --expect-load 0x82000000 --expect-name tc2700-202606012056.bin --expect-signature 0xa825
exit_code=0

== outputs ==
raw=/home/mgta29/src/openwrt/bin/targets/bmips/bcm63268/openwrt-bmips-bcm63268-technicolor_tc7200u-initramfs.bin
wrapped=/mnt/c/tftp/tc2700-202606012056.bin
wrap_log=/home/mgta29/tc7200u-research/records/logs/builds/2026-06-01-205608-wrap.log
verify_log=/home/mgta29/tc7200u-research/records/logs/builds/2026-06-01-205608-verify.log
raw_sha256=d26a3c7c82d358acfc79b776772b79636b2b303219ea08b87b176f8f00ce76e0
wrapped_sha256=6e9eed726f4d10b4b8a2c7ef5d6b61995ae20623da7b11875a7810bb8c6db9a2
result=ok
ready_for_tftp_request=tc2700-202606012056.bin
served_file=C:\tftp\tc2700-202606012056.bin
