=== meta ===
timestamp_local=2026-06-02 05:28:31 CEST
cwd=/home/mgta29/tc7200u-research/scripts
command=ensure_packages
=== output ===
== TC7200U package profile ==
OWRT=/home/mgta29/src/openwrt
TC7200U_PACKAGE_PROFILE=fastboot
TC7200U_INCLUDE_DRIVER_PACKAGES=0
WARNING: Makefile 'package/boot/arm-trusted-firmware-microchipsw/Makefile' has a build dependency on 'ruby/host', which does not exist
WARNING: Makefile 'package/utils/audit/Makefile' has a dependency on 'libev', which does not exist
WARNING: Makefile 'package/utils/busybox/Makefile' has a dependency on 'libpam', which does not exist
WARNING: Makefile 'package/utils/busybox/Makefile' has a dependency on 'libtirpc', which does not exist
WARNING: Makefile 'package/utils/busybox/Makefile' has a dependency on 'libpam', which does not exist
WARNING: Makefile 'package/utils/busybox/Makefile' has a dependency on 'libtirpc', which does not exist
WARNING: Makefile 'package/utils/busybox/Makefile' has a build dependency on 'libpam', which does not exist
WARNING: Makefile 'package/boot/kexec-tools/Makefile' has a dependency on 'liblzma', which does not exist
WARNING: Makefile 'package/boot/kexec-tools/Makefile' has a dependency on 'libzstd', which does not exist
WARNING: Makefile 'package/network/services/lldpd/Makefile' has a dependency on 'libnetsnmp', which does not exist
WARNING: Makefile 'package/utils/policycoreutils/Makefile' has a dependency on 'libpam', which does not exist
WARNING: Makefile 'package/utils/policycoreutils/Makefile' has a dependency on 'libpam', which does not exist
WARNING: Makefile 'package/utils/policycoreutils/Makefile' has a build dependency on 'libpam', which does not exist
#
# configuration written to .config
#

disabled:  ethtool
disabled:  ip-full
disabled:  mtd
disabled:  nand-utils
WARN: still enabled after fastboot profile: ubi-utils
disabled:  block-mount
disabled:  blkid
disabled:  lsblk
disabled:  dtc
disabled:  strace
disabled:  tcpdump
disabled:  kmod-bgmac-b53
disabled:  kmod-dsa-core
disabled:  kmod-mdio-bcm-unimac
WARN: fastboot profile could not disable at least one package.
OK: OpenWrt .config updated for TC7200U fastboot profile

=== exit ===
exit_code=0
