=== meta ===
timestamp_local=2026-06-14 17:38:43 CEST
cwd=/home/mgta29/tc7200u-research
command=a825_verify --raw /home/mgta29/src/openwrt/bin/targets/bmips/bcm63268/openwrt-bmips-bcm63268-technicolor_tc7200u-initramfs.bin --wrapped /mnt/c/tftp/tc7200u-fastboot-rootfs.bin --expect-load 0x82000000 --expect-name tc7200u-fastboot-rootfs.bin --expect-signature 0xa825
=== output ===
raw=/home/mgta29/src/openwrt/bin/targets/bmips/bcm63268/openwrt-bmips-bcm63268-technicolor_tc7200u-initramfs.bin
wrapped=/mnt/c/tftp/tc7200u-fastboot-rootfs.bin
raw_size=7992916
wrapped_size=7993008
signature=0xa825
expected_signature=0xa825
control=0x0000
major=0x0100
minor=0x04ff
build_time=0x6a2ecb03
file_length=7992916
load_address=0x82000000
filename=tc7200u-fastboot-rootfs.bin
expected_name=tc7200u-fastboot-rootfs.bin
hcs=0x52bc
expected_hcs=0x52bc
crc=0x00000000
size_ok=True
raw_sha256=49df0e814f1995bf9f84abee715fe06fd03da72ba1136e21be9ee333827c6703
wrapped_sha256=e5633e1ce737bae4229d36968c3c7927b6dc54b5a4c46455f4fdfaf3f94b0dc3

OK: wrapped image matches raw payload and expected header fields

=== exit ===
exit_code=0
