=== meta ===
timestamp_local=2026-06-14 14:24:19 CEST
cwd=/home/mgta29/tc7200u-research
command=a825_verify --raw /home/mgta29/src/openwrt/bin/targets/bmips/bcm63268/openwrt-bmips-bcm63268-technicolor_tc7200u-initramfs.bin --wrapped /mnt/c/tftp/tc7200u.bin --expect-load 0x82000000 --expect-name tc7200u.bin --expect-signature 0xa825
=== output ===
raw=/home/mgta29/src/openwrt/bin/targets/bmips/bcm63268/openwrt-bmips-bcm63268-technicolor_tc7200u-initramfs.bin
wrapped=/mnt/c/tftp/tc7200u.bin
raw_size=7373675
wrapped_size=7373767
signature=0xa825
expected_signature=0xa825
control=0x0000
major=0x0100
minor=0x04ff
build_time=0x6a2e9d73
file_length=7373675
load_address=0x82000000
filename=tc7200u.bin
expected_name=tc7200u.bin
hcs=0x4121
expected_hcs=0x4121
crc=0x00000000
size_ok=True
raw_sha256=8e7a0b4d9c5b16d2f11042a9a8ad7fa417bb1d7f83f44dd46218ee7e38296b37
wrapped_sha256=aaf419f742c77ce7cbbe1632128d366ff9416cfef6bf70a24f56ea9938f29ad5

OK: wrapped image matches raw payload and expected header fields

=== exit ===
exit_code=0
