=== meta ===
timestamp_local=2026-06-02 05:29:11 CEST
cwd=/home/mgta29/src/openwrt
command=a825_verify --raw /home/mgta29/src/openwrt/bin/targets/bmips/bcm63268/openwrt-bmips-bcm63268-technicolor_tc7200u-initramfs.bin --wrapped /mnt/c/tftp/new-wrapper --expect-load 0x82000000 --expect-name new-wrapper --expect-signature 0xa825
=== output ===
raw=/home/mgta29/src/openwrt/bin/targets/bmips/bcm63268/openwrt-bmips-bcm63268-technicolor_tc7200u-initramfs.bin
wrapped=/mnt/c/tftp/new-wrapper
raw_size=7372570
wrapped_size=7372662
signature=0xa825
expected_signature=0xa825
control=0x0000
major=0x0100
minor=0x04ff
build_time=0x6a0b751d
file_length=7372570
load_address=0x82000000
filename=new-wrapper
expected_name=new-wrapper
hcs=0x6383
expected_hcs=0x6383
crc=0x00000000
size_ok=True
raw_sha256=b68291b176a34fcaf5f31a18c7ff2bf4b377a257d06bc69a62180cdd32579682
wrapped_sha256=963cb3526e82b970859fed51943419e56d899d0d935c97a534ec6d0e37171808

OK: wrapped image matches raw payload and expected header fields

=== exit ===
exit_code=0
