raw=/home/mgta29/src/openwrt/bin/targets/bmips/bcm63268/openwrt-bmips-bcm63268-technicolor_tc7200u-initramfs.bin
wrapped=/mnt/c/tftp/tc7200u-pathcheck-r3.bin
raw_size=7373590
wrapped_size=7373682
signature=0xa825
expected_signature=0xa825
control=0x0000
major=0x0100
minor=0x04ff
build_time=0x6a1be0d9
file_length=7373590
load_address=0x82000000
filename=tc7200u-pathcheck-r3.bin
expected_name=tc7200u-pathcheck-r3.bin
hcs=0xa1e8
expected_hcs=0xa1e8
crc=0x00000000
size_ok=True
raw_sha256=56d178e75523bd0a191703bb546f4ab1c983d8bc35d18e56f4f6be9c26eed325
wrapped_sha256=84d23ab5149fc3e511b9cc446d43f85c08af7aa9ea1b2d5af06ee1e5198ef28c

OK: wrapped image matches raw payload and expected header fields
