=== meta ===
timestamp_local=2026-06-14 19:30:21 CEST
cwd=/home/mgta29/tc7200u-research
command=a825_verify --raw /home/mgta29/src/openwrt/bin/targets/bmips/bcm63268/openwrt-bmips-bcm63268-technicolor_tc7200u-initramfs.bin --wrapped /mnt/c/tftp/tc7200u-staged-repro.bin --expect-load 0x82000000 --expect-name tc7200u-staged-repro.bin --expect-signature 0xa825
=== output ===
raw=/home/mgta29/src/openwrt/bin/targets/bmips/bcm63268/openwrt-bmips-bcm63268-technicolor_tc7200u-initramfs.bin
wrapped=/mnt/c/tftp/tc7200u-staged-repro.bin
raw_size=7992990
wrapped_size=7993082
signature=0xa825
expected_signature=0xa825
control=0x0000
major=0x0100
minor=0x04ff
build_time=0x6a2ee52d
file_length=7992990
load_address=0x82000000
filename=tc7200u-staged-repro.bin
expected_name=tc7200u-staged-repro.bin
hcs=0x1fbe
expected_hcs=0x1fbe
crc=0x00000000
size_ok=True
raw_sha256=66b262630ca3b2e3a060eca1cfb14f7ff2004326ccd443637ce0739f6c1d989b
wrapped_sha256=de3381bb2d45882806b17ac267b2935b35f6f83a624aec8c02f78a2b62f1b778

OK: wrapped image matches raw payload and expected header fields

=== exit ===
exit_code=0
