=== meta ===
timestamp_local=2026-06-14 13:56:57 CEST
cwd=/home/mgta29/src/openwrt
command=a825_verify --raw /home/mgta29/src/openwrt/bin/targets/bmips/bcm63268/openwrt-bmips-bcm63268-technicolor_tc7200u-initramfs.bin --wrapped /mnt/c/tftp/stage1-ghidra.bin --expect-load 0x82000000 --expect-name stage1-ghidra.bin --expect-signature 0xa825
=== output ===
raw=/home/mgta29/src/openwrt/bin/targets/bmips/bcm63268/openwrt-bmips-bcm63268-technicolor_tc7200u-initramfs.bin
wrapped=/mnt/c/tftp/stage1-ghidra.bin
raw_size=7373675
wrapped_size=7373767
signature=0xa825
expected_signature=0xa825
control=0x0000
major=0x0100
minor=0x04ff
build_time=0x6a0b751d
file_length=7373675
load_address=0x82000000
filename=stage1-ghidra.bin
expected_name=stage1-ghidra.bin
hcs=0x6733
expected_hcs=0x6733
crc=0x00000000
size_ok=True
raw_sha256=8e7a0b4d9c5b16d2f11042a9a8ad7fa417bb1d7f83f44dd46218ee7e38296b37
wrapped_sha256=d2fccb3fe70ae3b5210b223361e795ef12a6549d91c738139adf7d2e6fc41380

OK: wrapped image matches raw payload and expected header fields

=== exit ===
exit_code=0
