=== meta ===
timestamp_local=2026-06-16 01:32:05 CEST
cwd=/home/mgta29/tc7200u-research
command=a825_verify --raw /home/mgta29/src/openwrt/bin/targets/bmips/bcm63268/openwrt-bmips-bcm63268-technicolor_tc7200u-initramfs.bin --wrapped /mnt/c/tftp/openwrt-rdinit-fixed-template-devtmpfs-20260616-013205.bin --expect-load 0x82000000 --expect-name openwrt-rdinit-fixed-template-devtmpfs-20260616-013205.bin --expect-signature 0xa825
=== output ===
raw=/home/mgta29/src/openwrt/bin/targets/bmips/bcm63268/openwrt-bmips-bcm63268-technicolor_tc7200u-initramfs.bin
wrapped=/mnt/c/tftp/openwrt-rdinit-fixed-template-devtmpfs-20260616-013205.bin
raw_size=7142417
wrapped_size=7142509
signature=0xa825
expected_signature=0xa825
control=0x0000
major=0x0100
minor=0x04ff
build_time=0x6a308b75
file_length=7142417
load_address=0x82000000
filename=openwrt-rdinit-fixed-template-devtmpfs-20260616-013205.bin
expected_name=openwrt-rdinit-fixed-template-devtmpfs-20260616-013205.bin
hcs=0xf657
expected_hcs=0xf657
crc=0x00000000
size_ok=True
raw_sha256=1ac11d9cfa9bbe49354ad5fb29ba8a2b13693e76399c51fa9a687b9b79813e46
wrapped_sha256=f9639fd0167ae91deacbeec30b739bd0b37ce1fdb12e7b1b4fbcb361bb3c5efe

OK: wrapped image matches raw payload and expected header fields

=== exit ===
exit_code=0
