=== patch precheck ===
timestamp_local=2026-06-20 15:15:27 CEST
owrt=/home/mgta29/src/openwrt
build_action=install
linux_tree=/home/mgta29/src/openwrt/build_dir/target-mips_mips32_musl/linux-bmips_bcm63268

patch=target/linux/bmips/patches-6.12/995-bcmgenet-tc7200u-isr0-guard-debug.patch
error: No valid patches in input (allow with "--allow-empty")
FAIL: git apply --check failed for target/linux/bmips/patches-6.12/995-bcmgenet-tc7200u-isr0-guard-debug.patch

patch=target/linux/bmips/patches-6.12/996-bcmgenet-tc7200u-xmit-desc-debug.patch
error: build_dir/target-mips_mips32_musl/linux-bmips_bcm63268/drivers/net/ethernet/broadcom/genet/bcmgenet.c: No such file or directory
FAIL: git apply --check failed for target/linux/bmips/patches-6.12/996-bcmgenet-tc7200u-xmit-desc-debug.patch

patch=target/linux/bmips/patches-6.12/997-bcmgenet-tc7200u-timeout-dump-debug.patch
error: build_dir/target-mips_mips32_musl/linux-bmips_bcm63268/drivers/net/ethernet/broadcom/genet/bcmgenet.c: No such file or directory
FAIL: git apply --check failed for target/linux/bmips/patches-6.12/997-bcmgenet-tc7200u-timeout-dump-debug.patch

patch=target/linux/bmips/patches-6.12/998-bcmgenet-tc7200u-control-dump-debug.patch
error: build_dir/target-mips_mips32_musl/linux-bmips_bcm63268/drivers/net/ethernet/broadcom/genet/bcmgenet.c: No such file or directory
FAIL: git apply --check failed for target/linux/bmips/patches-6.12/998-bcmgenet-tc7200u-control-dump-debug.patch

patch=target/linux/bmips/patches-6.12/999-bcm63xx-uart-tc7200u-console.patch
error: build_dir/target-mips_mips32_musl/linux-bmips_bcm63268/drivers/tty/serial/bcm63xx_uart.c: No such file or directory
FAIL: git apply --check failed for target/linux/bmips/patches-6.12/999-bcm63xx-uart-tc7200u-console.patch
