=== meta ===
timestamp_local=2026-06-18 23:19:23 CEST
cwd=/home/mgta29/tc7200u-research
command=a825_verify --raw /home/mgta29/src/openwrt/bin/targets/bmips/bcm63268/openwrt-bmips-bcm63268-technicolor_tc7200u-initramfs.bin --wrapped /mnt/c/tftp/fresh-genet-fixedlink-20260618-231923.bin --expect-load 0x82000000 --expect-name fresh-genet-fixedlink-20260618-231923.bin --expect-signature 0xa825
=== output ===
raw=/home/mgta29/src/openwrt/bin/targets/bmips/bcm63268/openwrt-bmips-bcm63268-technicolor_tc7200u-initramfs.bin
wrapped=/mnt/c/tftp/fresh-genet-fixedlink-20260618-231923.bin
raw_size=5708467
wrapped_size=5708559
signature=0xa825
expected_signature=0xa825
control=0x0000
major=0x0100
minor=0x04ff
build_time=0x6a3460db
file_length=5708467
load_address=0x82000000
filename=fresh-genet-fixedlink-20260618-231923.bin
expected_name=fresh-genet-fixedlink-20260618-231923.bin
hcs=0x383d
expected_hcs=0x383d
crc=0x00000000
size_ok=True
raw_sha256=978b15d376ada0ac4a300f294a8939ad395038c656566c583edbe855952332db
wrapped_sha256=235d5806b610da90eb39ee430551b62f018942b21419790184711419484401a5

OK: wrapped image matches raw payload and expected header fields

=== exit ===
exit_code=0
