=== meta ===
timestamp_local=2026-06-14 14:55:08 CEST
cwd=/home/mgta29/tc7200u-research
command=a825_verify --raw /home/mgta29/src/openwrt/bin/targets/bmips/bcm63268/openwrt-bmips-bcm63268-technicolor_tc7200u-initramfs.bin --wrapped /mnt/c/tftp/tc7200u.bin --expect-load 0x82000000 --expect-name tc7200u.bin --expect-signature 0xa825
=== output ===
raw=/home/mgta29/src/openwrt/bin/targets/bmips/bcm63268/openwrt-bmips-bcm63268-technicolor_tc7200u-initramfs.bin
wrapped=/mnt/c/tftp/tc7200u.bin
raw_size=8893382
wrapped_size=8893474
signature=0xa825
expected_signature=0xa825
control=0x0000
major=0x0100
minor=0x04ff
build_time=0x6a2ea4ac
file_length=8893382
load_address=0x82000000
filename=tc7200u.bin
expected_name=tc7200u.bin
hcs=0xe154
expected_hcs=0xe154
crc=0x00000000
size_ok=True
raw_sha256=e66d44b0efc4ac2f464518772785b3078e6629b1c5992f517677e189f7d4f844
wrapped_sha256=5c32bf658c14668d7255437a0e690e6007e1dd2f8a1af23616ac0ec74c93c30a

OK: wrapped image matches raw payload and expected header fields

=== exit ===
exit_code=0
