=== meta ===
timestamp_local=2026-06-14 13:54:13 CEST
cwd=/home/mgta29/src/openwrt
command=a825_verify --raw /home/mgta29/src/openwrt/bin/targets/bmips/bcm63268/openwrt-bmips-bcm63268-technicolor_tc7200u-initramfs.bin --wrapped /mnt/c/tftp/openwrt-initramfs.bin --expect-load 0x82000000 --expect-name openwrt-initramfs.bin --expect-signature 0xa825
=== output ===
raw=/home/mgta29/src/openwrt/bin/targets/bmips/bcm63268/openwrt-bmips-bcm63268-technicolor_tc7200u-initramfs.bin
wrapped=/mnt/c/tftp/openwrt-initramfs.bin
raw_size=7373675
wrapped_size=7373767
signature=0xa825
expected_signature=0xa825
control=0x0000
major=0x0100
minor=0x04ff
build_time=0x6a0b751d
file_length=7373675
load_address=0x82000000
filename=openwrt-initramfs.bin
expected_name=openwrt-initramfs.bin
hcs=0xbb16
expected_hcs=0xbb16
crc=0x00000000
size_ok=True
raw_sha256=8e7a0b4d9c5b16d2f11042a9a8ad7fa417bb1d7f83f44dd46218ee7e38296b37
wrapped_sha256=7a55611a87a2b0b8c3b446816b53471dbc9a878a89035a373968fd79d4eeb6c7

OK: wrapped image matches raw payload and expected header fields

=== exit ===
exit_code=0
