=== meta ===
timestamp_local=2026-06-14 11:37:17 CEST
cwd=/home/mgta29/src/openwrt
command=a825_verify --raw /home/mgta29/src/openwrt/bin/targets/bmips/bcm63268/openwrt-bmips-bcm63268-technicolor_tc7200u-initramfs.bin --wrapped /mnt/c/tftp/tc7200u.bin --expect-load 0x82000000 --expect-name tc7200u.bin --expect-signature 0xa825
=== output ===
raw=/home/mgta29/src/openwrt/bin/targets/bmips/bcm63268/openwrt-bmips-bcm63268-technicolor_tc7200u-initramfs.bin
wrapped=/mnt/c/tftp/tc7200u.bin
raw_size=7369537
wrapped_size=7369629
signature=0xa825
expected_signature=0xa825
control=0x0000
major=0x0100
minor=0x04ff
build_time=0x6a0b751d
file_length=7369537
load_address=0x82000000
filename=tc7200u.bin
expected_name=tc7200u.bin
hcs=0x7def
expected_hcs=0x7def
crc=0x00000000
size_ok=True
raw_sha256=cfffa85e930bdc138eb48d506fb1249c442a7977d8e40d5a1e17cfc0318361f4
wrapped_sha256=abde4dc7fbd2b5c559429f9c1ed26efe462fd00bfab24a1838c4c66d623cda68

OK: wrapped image matches raw payload and expected header fields

=== exit ===
exit_code=0
