=== meta ===
timestamp_local=2026-06-01 22:55:18 CEST
cwd=/home/mgta29/src/openwrt
command=a825_verify --raw /home/mgta29/src/openwrt/bin/targets/bmips/bcm63268/openwrt-bmips-bcm63268-technicolor_tc7200u-initramfs.bin --wrapped /mnt/c/tftp/tc7200-stage2-console-good-gmac-r34427-r2.bin --expect-load 0x82000000 --expect-name tc7200-stage2-console-good-gmac-r34427-r2.bin --expect-signature 0xa825
=== output ===
raw=/home/mgta29/src/openwrt/bin/targets/bmips/bcm63268/openwrt-bmips-bcm63268-technicolor_tc7200u-initramfs.bin
wrapped=/mnt/c/tftp/tc7200-stage2-console-good-gmac-r34427-r2.bin
raw_size=7372570
wrapped_size=7372662
signature=0xa825
expected_signature=0xa825
control=0x0000
major=0x0100
minor=0x04ff
build_time=0x6a0b751d
file_length=7372570
load_address=0x82000000
filename=tc7200-stage2-console-good-gmac-r34427-r2.bin
expected_name=tc7200-stage2-console-good-gmac-r34427-r2.bin
hcs=0xb6fc
expected_hcs=0xb6fc
crc=0x00000000
size_ok=True
raw_sha256=b68291b176a34fcaf5f31a18c7ff2bf4b377a257d06bc69a62180cdd32579682
wrapped_sha256=0070436dbc19b14c7dce4587d9e752d10abebb7a5774e7b20a0c1fc7ed9b12dc

OK: wrapped image matches raw payload and expected header fields

=== exit ===
exit_code=0
