=== meta ===
timestamp_local=2026-06-18 22:24:01 CEST
cwd=/home/mgta29/tc7200u-research
command=a825_verify --raw /home/mgta29/src/openwrt/bin/targets/bmips/bcm63268/openwrt-bmips-bcm63268-technicolor_tc7200u-initramfs.bin --wrapped /mnt/c/tftp/fresh-devmem-proven-20260618-222401.bin --expect-load 0x82000000 --expect-name fresh-devmem-proven-20260618-222401.bin --expect-signature 0xa825
=== output ===
raw=/home/mgta29/src/openwrt/bin/targets/bmips/bcm63268/openwrt-bmips-bcm63268-technicolor_tc7200u-initramfs.bin
wrapped=/mnt/c/tftp/fresh-devmem-proven-20260618-222401.bin
raw_size=5687169
wrapped_size=5687261
signature=0xa825
expected_signature=0xa825
control=0x0000
major=0x0100
minor=0x04ff
build_time=0x6a3453e1
file_length=5687169
load_address=0x82000000
filename=fresh-devmem-proven-20260618-222401.bin
expected_name=fresh-devmem-proven-20260618-222401.bin
hcs=0x9ce8
expected_hcs=0x9ce8
crc=0x00000000
size_ok=True
raw_sha256=33b736dbf1d9096d765aca434b4ae32510501c95b22fe39a0160a6e6bc93e27f
wrapped_sha256=e2cc140ff39bb6bb2cb62c38765f06026a01da566f5edd66fb25a139352aaf47

OK: wrapped image matches raw payload and expected header fields

=== exit ===
exit_code=0
