=== meta ===
timestamp_local=2026-06-19 03:19:46 CEST
cwd=/home/mgta29/tc7200u-research
command=a825_verify --raw /home/mgta29/src/openwrt/bin/targets/bmips/bcm63268/openwrt-bmips-bcm63268-technicolor_tc7200u-initramfs.bin --wrapped /mnt/c/tftp/fresh-genet-ctrl-20260619-031946.bin --expect-load 0x82000000 --expect-name fresh-genet-ctrl-20260619-031946.bin --expect-signature 0xa825
=== output ===
raw=/home/mgta29/src/openwrt/bin/targets/bmips/bcm63268/openwrt-bmips-bcm63268-technicolor_tc7200u-initramfs.bin
wrapped=/mnt/c/tftp/fresh-genet-ctrl-20260619-031946.bin
raw_size=5709408
wrapped_size=5709500
signature=0xa825
expected_signature=0xa825
control=0x0000
major=0x0100
minor=0x04ff
build_time=0x6a349932
file_length=5709408
load_address=0x82000000
filename=fresh-genet-ctrl-20260619-031946.bin
expected_name=fresh-genet-ctrl-20260619-031946.bin
hcs=0xa6ac
expected_hcs=0xa6ac
crc=0x00000000
size_ok=True
raw_sha256=9ac2ff62cb378e8163de1548a6a21014a310f49ae3d315dbbadaeac1bbbb185a
wrapped_sha256=34f52d62224135ae84ac44923306d3c01faab2c4d986d38fcfd316cb2865e886

OK: wrapped image matches raw payload and expected header fields

=== exit ===
exit_code=0
