raw=/home/mgta29/tc7200u-research/research/builds/2026-05-31-083754-source-payload.raw
wrapped=/mnt/c/tftp/tc7200-script-smoke-test2.bin
raw_size=6417987
wrapped_size=6418079
signature=0xa825
expected_signature=0xa825
control=0x0000
major=0x0100
minor=0x04ff
build_time=0x6a0b751d
file_length=6417987
load_address=0x82000000
filename=openwrt-initramfs.bin
hcs=0x1255
expected_hcs=0x1255
crc=0x00000000
size_ok=True
raw_sha256=a17f022f1ef947ee16f60f0481f315fc399278ca574fb73c6ddcf548efbe0deb
wrapped_sha256=a2b9fa164d092387dc0382698cbdff940bb97cce6c41a029ac70c1b357497c4b

OK: wrapped image matches raw payload and expected header fields
