=== meta ===
timestamp_local=2026-06-19 08:50:19 CEST
cwd=/home/mgta29/tc7200u-research
command=a825_verify --raw /home/mgta29/src/openwrt/bin/targets/bmips/bcm63268/openwrt-bmips-bcm63268-technicolor_tc7200u-initramfs.bin --wrapped /mnt/c/tftp/fresh-genet-ctrlmap-20260619-085019.bin --expect-load 0x82000000 --expect-name fresh-genet-ctrlmap-20260619-085019.bin --expect-signature 0xa825
=== output ===
raw=/home/mgta29/src/openwrt/bin/targets/bmips/bcm63268/openwrt-bmips-bcm63268-technicolor_tc7200u-initramfs.bin
wrapped=/mnt/c/tftp/fresh-genet-ctrlmap-20260619-085019.bin
raw_size=5709238
wrapped_size=5709330
signature=0xa825
expected_signature=0xa825
control=0x0000
major=0x0100
minor=0x04ff
build_time=0x6a34e6ab
file_length=5709238
load_address=0x82000000
filename=fresh-genet-ctrlmap-20260619-085019.bin
expected_name=fresh-genet-ctrlmap-20260619-085019.bin
hcs=0xc338
expected_hcs=0xc338
crc=0x00000000
size_ok=True
raw_sha256=6c514494ee8a3a6c98575c162285b4bc75d3e0b55dbef49d7df5edacd3468fdf
wrapped_sha256=d22dd109a6f0e2ff5b98c4191a9c143652b8a9104b2824531fb0b463a7e4760d

OK: wrapped image matches raw payload and expected header fields

=== exit ===
exit_code=0
