=== meta ===
timestamp_local=2026-06-14 13:58:12 CEST
cwd=/home/mgta29/tc7200u-research
command=a825_verify --raw /home/mgta29/src/openwrt/bin/targets/bmips/bcm63268/openwrt-bmips-bcm63268-technicolor_tc7200u-initramfs.bin --wrapped /mnt/c/tftp/tc7200u.bin --expect-load 0x82000000 --expect-name tc7200u.bin --expect-signature 0xa825
=== output ===
raw=/home/mgta29/src/openwrt/bin/targets/bmips/bcm63268/openwrt-bmips-bcm63268-technicolor_tc7200u-initramfs.bin
wrapped=/mnt/c/tftp/tc7200u.bin
raw_size=7373675
wrapped_size=7373767
signature=0xa825
expected_signature=0xa825
control=0x0000
major=0x0100
minor=0x04ff
build_time=0x6a2e9754
file_length=7373675
load_address=0x82000000
filename=tc7200u.bin
expected_name=tc7200u.bin
hcs=0x712d
expected_hcs=0x712d
crc=0x00000000
size_ok=True
raw_sha256=8e7a0b4d9c5b16d2f11042a9a8ad7fa417bb1d7f83f44dd46218ee7e38296b37
wrapped_sha256=cd2b4d6e7fbee6eba40cf9dd1be5bd9e4c9d702cd080e17dddcd859c67d01678

OK: wrapped image matches raw payload and expected header fields

=== exit ===
exit_code=0
