=== meta ===
timestamp_local=2026-05-31 21:17:12 CEST
cwd=/home/mgta29/src/openwrt-r34427
command=a825_verify --raw /home/mgta29/src/openwrt-r34427/bin/targets/bmips/bcm63268/openwrt-bmips-bcm63268-technicolor_tc7200u-initramfs.bin --wrapped /mnt/c/tftp/tc7200-stage2-r34427-no-nand-r3-intc.bin --expect-load 0x80004000 --expect-name tc7200-stage2-r34427-no-nand-r3-intc.bin --expect-signature 0xa825
=== output ===
raw=/home/mgta29/src/openwrt-r34427/bin/targets/bmips/bcm63268/openwrt-bmips-bcm63268-technicolor_tc7200u-initramfs.bin
wrapped=/mnt/c/tftp/tc7200-stage2-r34427-no-nand-r3-intc.bin
raw_size=7369327
wrapped_size=7369419
signature=0xa825
expected_signature=0xa825
control=0x0000
major=0x0100
minor=0x04ff
build_time=0x6a04e670
file_length=7369327
load_address=0x80004000
filename=tc7200-stage2-r34427-no-nand-r3-intc.bin
expected_name=tc7200-stage2-r34427-no-nand-r3-intc.bin
hcs=0x7763
expected_hcs=0x7763
crc=0xf0b0a5b5
size_ok=True
raw_sha256=49e398c93b323df47785b00160951cf995f3e31e35d93315e5c89925db8d1bfe
wrapped_sha256=a074a3ac0ada64370216d8a1661b6261db94714847df38852565ceeb6720946a

OK: wrapped image matches raw payload and expected header fields

=== exit ===
exit_code=0
