=== meta ===
timestamp_local=2026-06-17 22:41:58 CEST
cwd=/home/mgta29/tc7200u-research
command=a825_verify --raw /home/mgta29/src/openwrt/bin/targets/bmips/bcm63268/openwrt-bmips-bcm63268-technicolor_tc7200u-initramfs.bin --wrapped /mnt/c/tftp/fresh-tc7200u-20260617-224158.bin --expect-load 0x82000000 --expect-name fresh-tc7200u-20260617-224158.bin --expect-signature 0xa825
=== output ===
raw=/home/mgta29/src/openwrt/bin/targets/bmips/bcm63268/openwrt-bmips-bcm63268-technicolor_tc7200u-initramfs.bin
wrapped=/mnt/c/tftp/fresh-tc7200u-20260617-224158.bin
raw_size=5688320
wrapped_size=5688412
signature=0xa825
expected_signature=0xa825
control=0x0000
major=0x0100
minor=0x04ff
build_time=0x6a330696
file_length=5688320
load_address=0x82000000
filename=fresh-tc7200u-20260617-224158.bin
expected_name=fresh-tc7200u-20260617-224158.bin
hcs=0x4c43
expected_hcs=0x4c43
crc=0x00000000
size_ok=True
raw_sha256=56b5e6483ba7577696d8cd9987b9cb1fc082d18adf054d01a23b4cfb996f8155
wrapped_sha256=6738e06c13d19d49a66149036c21422c7f9afed95dde59804a1bad7e4ceb0156

OK: wrapped image matches raw payload and expected header fields

=== exit ===
exit_code=0
