8:		serial0 = &tc7200_uart0;
14:		bootargs = "console=ttyS0,115200 earlycon";
15:		stdout-path = "serial0:115200n8";
19:&uart0 {
// SPDX-License-Identifier: GPL-2.0
/dts-v1/;

#include "bcm3384_viper.dtsi"

/ {
	aliases {
		serial0 = &tc7200_uart0;
	};
	compatible = "technicolor,tc7200u", "brcm,bcm3384-viper", "brcm,bcm33843-viper";
	model = "Technicolor TC7200.U";

	chosen {
		bootargs = "console=ttyS0,115200 earlycon";
		stdout-path = "serial0:115200n8";
	};
};

&uart0 {
	reg = <0x14e00500 0x18>;
	interrupt-parent = <&periph_intc>;
	interrupts = <2>;
	clocks = <&periph_clk>;
	status = "okay";
};
/* TC7200.U SPI NOR probe. Disabled after invalid boot/panic. RAM-boot only. */
&{/ubus} {
        spi: spi@14e01000 {
                compatible = "brcm,bcm6328-hsspi";
                reg = <0x14e01000 0x600>;

                #address-cells = <1>;
                #size-cells = <0>;

                interrupt-parent = <&periph_intc>;
                interrupts = <7>;

                clocks = <&periph_clk>;
                clock-names = "hsspi";

                status = "disabled";

                flash@0 {
                        compatible = "jedec,spi-nor";
                        reg = <0>;
                        spi-max-frequency = <10000000>;
                };
        };
};

/* Temporary TC7200.U NAND probe node. RAM-boot test only. Do not flash. */
&{/ubus} {
	iop_intc: iop_intc@14e00050 {
		compatible = "brcm,bcm3380-l2-intc";
		reg = <0x14e00050 0x4 0x14e00054 0x4>;

		interrupt-controller;
		#interrupt-cells = <1>;

		interrupt-parent = <&cpu_intc>;
