
root@OpenWrt:~# root@OpenWrt:~# 
root@OpenWrt:~# ip addr flush dev eth0
root@OpenWrt:~# 
root@OpenWrt:~# ip addr add 192.168.77.1/24 dev eth0
root@OpenWrt:~# 
root@OpenWrt:~# ip link set eth0 up
root@OpenWrt:~# 
root@OpenWrt:~# ip route replace 192.168.77.0/24 dev eth0
root@OpenWrt:~# 
root@OpenWrt:~# 
root@OpenWrt:~# 
root@OpenWrt:~# echo "=== hold bridge detach in background ==="
=== hold bridge detach in background ===
root@OpenWrt:~# 
root@OpenWrt:~# (
> 
>   while :; do
> 
>     hold_detach
> 
>     sleep 2
> 
>   done
> 
> ) &
root@OpenWrt:~# 
root@OpenWrt:~# DETACH_PID=$!
root@OpenWrt:~# 
root@OpenWrt:~# trap 'kill "$DETACH_PID" 2>/dev/null || true' EXIT
root@OpenWrt:~# 
root@OpenWrt:~# 
root@OpenWrt:~# 
root@OpenWrt:~# echo "=== force 10/half autoneg off ==="
=== force 10/half autoneg off ===
root@OpenWrt:~# 
root@OpenWrt:~# command -v ethtool >/dev/null 2>&1 && ethtool -s eth0 speed 10 d
uplex half autoneg off || true
root@OpenWrt:~# 
root@OpenWrt:~# sleep 2
root@OpenWrt:~# 
root@OpenWrt:~# command -v ethtool >/dev/null 2>&1 && ethtool eth0 || true
Settings for eth0:
	Supported ports: [ TP MII ]
	Supported link modes:   1000baseT/Full 
	Supported pause frame use: Symmetric Receive-only
	Supports auto-negotiation: Yes
	Supported FEC modes: Not reported
	Advertised link modes:  Not reported
	Advertised pause frame use: Symmetric Receive-only
	Advertised auto-negotiation: No
	Advertised FEC modes: Not reported
	Speed: 10Mb/s
	Duplex: Half
	Port: MII
	PHYAD: 0
	Transceiver: external
	Auto-negotiation: off
	Supports Wake-on: d
	Wake-on: d
	Current message level: 0x00000007 (7)
			       drv probe link
	Link detected: yes
root@OpenWrt:~# 
root@OpenWrt:~# 
root@OpenWrt:~# 
root@OpenWrt:~# OWRT_MAC="$(cat /sys/class/net/eth0/address 2>/dev/null || echo 
unknown)"
root@OpenWrt:~# 
root@OpenWrt:~# echo "=== owrt eth0 mac ==="
=== owrt eth0 mac ===
root@OpenWrt:~# 
root@OpenWrt:~# echo "$OWRT_MAC"
86:97:3f:c0:4d:6a
root@OpenWrt:~# 
root@OpenWrt:~# echo "Use this MAC in Windows script parameter -OwrtMac."
Use this MAC in Windows script parameter -OwrtMac.
root@OpenWrt:~# 
root@OpenWrt:~# 
root@OpenWrt:~# 
root@OpenWrt:~# ip neigh replace 192.168.77.2 lladdr bc:ec:a0:2d:6c:9b nud perma
nent dev eth0
root@OpenWrt:~# 
root@OpenWrt:~# 
root@OpenWrt:~# 
root@OpenWrt:~# detect_ping_mode
root@OpenWrt:~# 
root@OpenWrt:~# echo "=== ping stress mode ==="
=== ping stress mode ===
root@OpenWrt:~# 
root@OpenWrt:~# echo "$PING_MODE"
default
root@OpenWrt:~# 
root@OpenWrt:~# 
root@OpenWrt:~# 
root@OpenWrt:~# echo "=== pre ==="
=== pre ===
root@OpenWrt:~# 
root@OpenWrt:~# date
Thu Jan  1 02:02:00 GMT 1970
root@OpenWrt:~# 
root@OpenWrt:~# ip -d link show dev eth0
2: [1;36meth0: [0m<BROADCAST,MULTICAST,UP,LOWER_UP> mtu 1500 qdisc mq state [1;32mUP [0mmode DEFAULT group default qlen 1000
    link/ether [1;33m86:97:3f:c0:4d:6a[0m brd [1;33mff:ff:ff:ff:ff:ff[0m promiscuity 0 allmulti 0 minmtu 68 maxmtu 1500 addrgenmode eui64 numtxqueues 5 numrxqueues 5 gso_max_size 65536 gso_max_segs 65535 tso_max_size 65536 tso_max_segs 65535 gro_max_size 65536 gso_ipv4_max_size 65536 gro_ipv4_max_size 65536 parentbus platform parentdev 12c00000.ethernet 
root@OpenWrt:~# 
root@OpenWrt:~# ip -s link show dev eth0
2: [1;36meth0: [0m<BROADCAST,MULTICAST,UP,LOWER_UP> mtu 1500 qdisc mq state [1;32mUP [0mmode DEFAULT group default qlen 1000
    link/ether [1;33m86:97:3f:c0:4d:6a[0m brd [1;33mff:ff:ff:ff:ff:ff[0m
    RX:  bytes packets errors dropped  missed   mcast           
             0       0      0       0       0       0 
    TX:  bytes packets errors dropped carrier collsns           
         19049     163     19       0       0       0 
root@OpenWrt:~# 
root@OpenWrt:~# ip neigh show dev eth0 || true
[1;35m192.168.77.2 [0mlladdr [1;33mbc:ec:a0:2d:6c:9b [0mPERMANENT 
root@OpenWrt:~# 
root@OpenWrt:~# cat /proc/net/arp || true
IP address       HW type     Flags       HW address            Mask     Device
192.168.77.2     0x1         0x6         bc:ec:a0:2d:6c:9b     *        eth0
root@OpenWrt:~# 
root@OpenWrt:~# cat /proc/interrupts | grep -Ei ' 64:| 66:|ERR'
 64:      34978  periph_intc@14e00048  64  eth0
 66:          0  periph_intc@14e00048  66  eth0
ERR:     121905
root@OpenWrt:~# 
root@OpenWrt:~# dump 0x12c03804
0x12c03804 = 0x00000001
root@OpenWrt:~# 
root@OpenWrt:~# dump 0x12c03808
0x12c03808 = 0x00000001
root@OpenWrt:~# 
root@OpenWrt:~# dump 0x12c03c44
0x12c03c44 = 0x00000001
root@OpenWrt:~# 
root@OpenWrt:~# dump 0x12c02c44
0x12c02c44 = 0x00000001
root@OpenWrt:~# 
root@OpenWrt:~# 
root@OpenWrt:~# 
root@OpenWrt:~# echo "=== phase1 fill tx ring (6 rounds x 20s bounded stress) ==
="
=== phase1 fill tx ring (6 rounds x 20s bounded stress) ===
root@OpenWrt:~# 
root@OpenWrt:~# date
Thu Jan  1 02:02:38 GMT 1970
root@OpenWrt:~# 
root@OpenWrt:~# i=1
root@OpenWrt:~# 
root@OpenWrt:~# while [ "$i" -le 6 ]; do
> 
>   echo "phase1 round $i/6"
> 
>   b0="$(tx_pkts)"
> 
>   burst_for 20
> 
>   b1="$(tx_pkts)"
> 
>   d1=$((b1-b0))
> 
>   echo "phase1 round $i/6 tx_delta_main=$d1 tx_before=$b0 tx_after=$b1 mode=$P
ING_MODE"
> 
>   if [ "$d1" -le 0 ]; then
> 
>     echo "phase1 round $i/6 fallback single-shot burst x40"
> 
>     f0="$(tx_pkts)"
> 
>     single_shot_fallback
> 
>     f1="$(tx_pkts)"
> 
>     d2=$((f1-f0))
> 
>     echo "phase1 round $i/6 tx_delta_fallback=$d2 tx_before=$f0 tx_after=$f1"
> 
>   fi
> 
>   sleep 3
> 
>   i=$((i+1))
> 
> done
phase1 round 1/6
phase1 round 1/6 tx_delta_main=148 tx_before=163 tx_after=311 mode=default
phase1 round 2/6
phase1 round 2/6 tx_delta_main=0 tx_before=311 tx_after=311 mode=default
phase1 round 2/6 fallback single-shot burst x40
phase1 round 2/6 tx_delta_fallback=0 tx_before=311 tx_after=311
phase1 round 3/6
phase1 round 3/6 tx_delta_main=0 tx_before=311 tx_after=311 mode=default
phase1 round 3/6 fallback single-shot burst x40
phase1 round 3/6 tx_delta_fallback=0 tx_before=311 tx_after=311
phase1 round 4/6
phase1 round 4/6 tx_delta_main=143 tx_before=311 tx_after=454 mode=default
phase1 round 5/6
phase1 round 5/6 tx_delta_main=0 tx_before=454 tx_after=454 mode=default
phase1 round 5/6 fallback single-shot burst x40
phase1 round 5/6 tx_delta_fallback=0 tx_before=454 tx_after=454
phase1 round 6/6
phase1 round 6/6 tx_delta_main=0 tx_before=454 tx_after=454 mode=default
phase1 round 6/6 fallback single-shot burst x40
phase1 round 6/6 tx_delta_fallback=0 tx_before=454 tx_after=454
root@OpenWrt:~# 
root@OpenWrt:~# sleep 6
root@OpenWrt:~# 
root@OpenWrt:~# 
root@OpenWrt:~# 
root@OpenWrt:~# echo "=== post1 ==="
=== post1 ===
root@OpenWrt:~# 
root@OpenWrt:~# date
Thu Jan  1 02:16:15 GMT 1970
root@OpenWrt:~# 
root@OpenWrt:~# hold_detach
root@OpenWrt:~# 
root@OpenWrt:~# ip -d link show dev eth0
2: [1;36meth0: [0m<BROADCAST,MULTICAST,UP,LOWER_UP> mtu 1500 qdisc mq state [1;32mUP [0mmode DEFAULT group default qlen 1000
    link/ether [1;33m86:97:3f:c0:4d:6a[0m brd [1;33mff:ff:ff:ff:ff:ff[0m promiscuity 0 allmulti 0 minmtu 68 maxmtu 1500 addrgenmode eui64 numtxqueues 5 numrxqueues 5 gso_max_size 65536 gso_max_segs 65535 tso_max_size 65536 tso_max_segs 65535 gro_max_size 65536 gso_ipv4_max_size 65536 gro_ipv4_max_size 65536 parentbus platform parentdev 12c00000.ethernet 
root@OpenWrt:~# 
root@OpenWrt:~# ip -s link show dev eth0
2: [1;36meth0: [0m<BROADCAST,MULTICAST,UP,LOWER_UP> mtu 1500 qdisc mq state [1;32mUP [0mmode DEFAULT group default qlen 1000
    link/ether [1;33m86:97:3f:c0:4d:6a[0m brd [1;33mff:ff:ff:ff:ff:ff[0m
    RX:  bytes packets errors dropped  missed   mcast           
             0       0      0       0       0       0 
    TX:  bytes packets errors dropped carrier collsns           
         47591     454     30       0       0       0 
root@OpenWrt:~# 
root@OpenWrt:~# ip neigh show dev eth0 || true
[1;35m192.168.77.2 [0mlladdr [1;33mbc:ec:a0:2d:6c:9b [0mPERMANENT 
root@OpenWrt:~# 
root@OpenWrt:~# cat /proc/net/arp || true
IP address       HW type     Flags       HW address            Mask     Device
192.168.77.2     0x1         0x6         bc:ec:a0:2d:6c:9b     *        eth0
root@OpenWrt:~# 
root@OpenWrt:~# cat /proc/interrupts | grep -Ei ' 64:| 66:|ERR'
 64:      37091  periph_intc@14e00048  64  eth0
 66:          0  periph_intc@14e00048  66  eth0
ERR:     129270
root@OpenWrt:~# 
root@OpenWrt:~# dump 0x12c03804
0x12c03804 = 0x00000001
root@OpenWrt:~# 
root@OpenWrt:~# dump 0x12c03808
0x12c03808 = 0x00000001
root@OpenWrt:~# 
root@OpenWrt:~# dump 0x12c03c44
0x12c03c44 = 0x00000001
root@OpenWrt:~# 
root@OpenWrt:~# dump 0x12c02c44
0x12c02c44 = 0x00000001
root@OpenWrt:~# 
root@OpenWrt:~# 
root@OpenWrt:~# 
root@OpenWrt:~# echo "=== phase2 host->router rx window (120s) ==="
=== phase2 host->router rx window (120s) ===
root@OpenWrt:~# 
root@OpenWrt:~# date
Thu Jan  1 02:17:33 GMT 1970
root@OpenWrt:~# 
root@OpenWrt:~# sleep 120
root@OpenWrt:~# 
root@OpenWrt:~# 
root@OpenWrt:~# 
root@OpenWrt:~# echo "=== post2 ==="
=== post2 ===
root@OpenWrt:~# 
root@OpenWrt:~# date
Thu Jan  1 02:19:39 GMT 1970
root@OpenWrt:~# 
root@OpenWrt:~# hold_detach
root@OpenWrt:~# 
root@OpenWrt:~# ip -d link show dev eth0
2: [1;36meth0: [0m<BROADCAST,MULTICAST,UP,LOWER_UP> mtu 1500 qdisc mq state [1;32mUP [0mmode DEFAULT group default qlen 1000
    link/ether [1;33m86:97:3f:c0:4d:6a[0m brd [1;33mff:ff:ff:ff:ff:ff[0m promiscuity 0 allmulti 0 minmtu 68 maxmtu 1500 addrgenmode eui64 numtxqueues 5 numrxqueues 5 gso_max_size 65536 gso_max_segs 65535 tso_max_size 65536 tso_max_segs 65535 gro_max_size 65536 gso_ipv4_max_size 65536 gro_ipv4_max_size 65536 parentbus platform parentdev 12c00000.ethernet 
root@OpenWrt:~# 
root@OpenWrt:~# ip -s link show dev eth0
2: [1;36meth0: [0m<BROADCAST,MULTICAST,UP,LOWER_UP> mtu 1500 qdisc mq state [1;32mUP [0mmode DEFAULT group default qlen 1000
    link/ether [1;33m86:97:3f:c0:4d:6a[0m brd [1;33mff:ff:ff:ff:ff:ff[0m
    RX:  bytes packets errors dropped  missed   mcast           
             0       0      0       0       0       0 
    TX:  bytes packets errors dropped carrier collsns           
         47591     454     30       0       0       0 
root@OpenWrt:~# 
root@OpenWrt:~# ip neigh show dev eth0 || true
[1;35m192.168.77.2 [0mlladdr [1;33mbc:ec:a0:2d:6c:9b [0mPERMANENT 
root@OpenWrt:~# 
root@OpenWrt:~# cat /proc/net/arp || true
IP address       HW type     Flags       HW address            Mask     Device
192.168.77.2     0x1         0x6         bc:ec:a0:2d:6c:9b     *        eth0
root@OpenWrt:~# 
root@OpenWrt:~# cat /proc/interrupts | grep -Ei ' 64:| 66:|ERR'
 64:      37969  periph_intc@14e00048  64  eth0
 66:          0  periph_intc@14e00048  66  eth0
ERR:     131602
root@OpenWrt:~# 
root@OpenWrt:~# dump 0x12c03804
0x12c03804 = 0x00000001
root@OpenWrt:~# 
root@OpenWrt:~# dump 0x12c03808
0x12c03808 = 0x00000001
root@OpenWrt:~# 
root@OpenWrt:~# dump 0x12c03c44
0x12c03c44 = 0x00000001
root@OpenWrt:~# 
root@OpenWrt:~# dump 0x12c02c44
0x12c02c44 = 0x00000001
root@OpenWrt:~# 
root@OpenWrt:~# 
root@OpenWrt:~# 
root@OpenWrt:~# echo "=== watchdog count ==="
=== watchdog count ===
root@OpenWrt:~# 
root@OpenWrt:~# dmesg | grep -c 'NETDEV WATCHDOG' || true
11
root@OpenWrt:~# 
root@OpenWrt:~# 
root@OpenWrt:~# 
root@OpenWrt:~# echo "=== watchdog block ==="
=== watchdog block ===
root@OpenWrt:~# 
root@OpenWrt:~# dmesg | grep -A8 -E 'NETDEV WATCHDOG|Ring 0 queue 0 status summa
ry' | tail -n 500
[ 7402.863380] bcmgenet 12c00000.ethernet eth0: NETDEV WATCHDOG: CPU: 0: transmit queue 0 timed out 2080 ms
[ 7404.872744] bcmgenet 12c00000.ethernet eth0: NETDEV WATCHDOG: CPU: 0: transmit queue 0 timed out 2010 ms
[ 7404.888927] bcmgenet 12c00000.ethernet eth0: tc7200u tx submit ring=0 q=0 len=98 frags=0 free_now=1243 sw_prod=39 hw_before(p=0 c=8) hw_after(p=1 c=96) first=0x06ef5902 first_stat=0x00a26fc0 last=0x06ef5902 last_stat=0x00a26fc0
[ 7406.902922] bcmgenet 12c00000.ethernet eth0: NETDEV WATCHDOG: CPU: 0: transmit queue 0 timed out 2010 ms
[ 7408.912748] bcmgenet 12c00000.ethernet eth0: NETDEV WATCHDOG: CPU: 0: transmit queue 0 timed out 2010 ms
[ 7410.922737] bcmgenet 12c00000.ethernet eth0: NETDEV WATCHDOG: CPU: 0: transmit queue 0 timed out 2010 ms
[ 7412.932756] bcmgenet 12c00000.ethernet eth0: NETDEV WATCHDOG: CPU: 0: transmit queue 0 timed out 2010 ms
[ 7412.992991] bcmgenet 12c00000.ethernet eth0: tc7200u tx submit ring=0 q=0 len=98 frags=0 free_now=1496 sw_prod=41 hw_before(p=0 c=8) hw_after(p=1 c=128) first=0x06ef5402 first_stat=0x00a26fc0 last=0x06ef5402 last_stat=0x00a26fc0
[ 7413.005479] bcmgenet 12c00000.ethernet eth0: tc7200u tx submit ring=0 q=0 len=98 frags=0 free_now=1495 sw_prod=42 hw_before(p=0 c=8) hw_after(p=1 c=144) first=0x06ef4a02 first_stat=0x00a26fc0 last=0x06ef4a02 last_stat=0x00a26fc0
[ 7415.012759] bcmgenet 12c00000.ethernet eth0: NETDEV WATCHDOG: CPU: 0: transmit queue 0 timed out 2010 ms
[ 7417.022931] bcmgenet 12c00000.ethernet eth0: NETDEV WATCHDOG: CPU: 0: transmit queue 0 timed out 2010 ms
[ 7417.083210] bcmgenet 12c00000.ethernet eth0: tc7200u tx submit ring=0 q=0 len=98 frags=0 free_now=1740 sw_prod=53 hw_before(p=0 c=8) hw_after(p=1 c=64) first=0x06efdb82 first_stat=0x00a26fc0 last=0x06efdb82 last_stat=0x00a26fc0
[ 7417.203839] bcmgenet 12c00000.ethernet eth0: tc7200u tx submit ring=0 q=0 len=98 frags=0 free_now=1739 sw_prod=54 hw_before(p=0 c=8) hw_after(p=1 c=80) first=0x06efd682 first_stat=0x00a26fc0 last=0x06efd682 last_stat=0x00a26fc0
[ 7439.978043] bcmgenet 12c00000.ethernet eth0: tc7200u tx submit ring=0 q=0 len=98 frags=0 free_now=1738 sw_prod=55 hw_before(p=0 c=8) hw_after(p=1 c=96) first=0x06efcc82 first_stat=0x00a26fc0 last=0x06efcc82 last_stat=0x00a26fc0
[ 7441.095142] bcmgenet 12c00000.ethernet eth0: tc7200u tx submit ring=0 q=0 len=98 frags=0 free_now=1737 sw_pro6fc0 last=0x06efd902 last_stat=0x00a26fc0
[ 7442.186432] bcmgenet 12c00000.ethernet eth0: tc7200u tx submit ring=0 q=0 len=98 frags=0 free_now=1736 sw_prod=57 hw_before(p=0 c=8) hw_after(p=1 c=128) first=0x06efd182 first_stat=0x00a26fc0 last=0x06efd182 last_stat=0x00a26fc0
[ 7443.276069] bcmgenet 12c00000.ethernet eth0: tc7200u tx submit ring=0 q=0 len=98 frags=0 free_now=1735 sw_prod=58 hw_before(p=0 c=8) hw_after(p=1 c=144) firsat=0x00a26fc0 last=0x06efd402 last_stat=0x00a26fc0
[ 7444.382707] bcmgenet 12c00000.ethernet eth0: tc7200u tx submit ring=0 q=0 len=98 frags=0 free_now=1734 sw_prod=59 hw_before(p=0 c=8) hw_after(p=1 c=160) first=0x06ad8c82 first_stat=0x00a26fc0 last=0x06ad8c82 last_stat=0x00a26fc0
[ 7445.466760] bcmgenet 12c00000.ethernet eth0: tc7200u tx submit ring=0 q=0 len=98 frags=0 free_now=1733 sw_prod=60 hw_before(p=0 c=8) hw_after(p=1 c=176) first=0x06ad8f02 first_stat=0x00a26fc0 last=0x06ad8f02 last_stat=0x00a26fc0
--
[ 7799.903450] bcmgenet 12c00000.ethernet eth0: NETDEV WATCHDOG: CPU: 0: transmit queue 0 timed out 2720 ms
[ 7801.912739] bcmgenet 12c00000.ethernet eth0: NETDEV WATCHDOG: CPU: 0: transmit queue 0 timed out 2010 ms
[ 7803.922740] bcmgenet 12c00000.ethernet eth0: NETDEV WATCHDOG: CPU: 0: transmit queue 0 timed out 2010 ms
[ 7803.988174] bcmgenet 12c00000.ethernet eth0: tc7200u tx submit ring=0 q=0 len=98 frags=0 free_now=1863 sw_prod=186 hw_before(p=0 c=8) hw_after(p=1 c=144) first=0x06fe4a02 first_stat=0x00a26fc0 last=0x06fe4a02 last_stat=0x00a26fc0
[ 7804.017037] bcmgenet 12c00000.ethernet eth0: tc7200u tx submit ring=0 q=0 len=98 frags=0 free_now=1858 sw_prod=191 hw_before(p=0 c=8) hw_after(p=1 c=224) first=0x06fe5b82 first_stat=0x00a26fc0 last=0x06fe5b82 last_stat=0x00a26fc0
[ 7826.008978] bcmgenet 12c00000.ethernet eth0: tc7200u tx submit ring=0 q=0 len=98 frags=0 free_now=1857 sw_prod=192 hw_before(p=0 c=8) hw_after(p=1 c=240) first=0x06fe5902 first_stat=0x00a26fc0 last=0x06fe5902 last_stat=0x00a26fc0
[ 7827.124705] bcmgenet 12c00000.ethernet eth0: tc7200u tx submit ring=0 q=0 len=98 frags=0 free_now=1856 sw_prod=193 hw_before(p=0 c=8) hw_after(p=1 c=0) first=0x06fe4002 first_stat=0x00a26fc0 last=0x06fe4002 last_stat=0x00a26fc0
[ 7828.215695] bcmgenet 12c00000.ethernet eth0: tc7200u tx submit ring=0 q=0 len=98 frags=0 free_now=1855 sw_prod=194 hw_before(p=0 c=8) hw_after(p=1 c=16) first=0x06fe4782 first_stat=0x00a26fc0 last=0x06fe4782 last_stat=0x00a26fc0
[ 7829.335001] bcmgenet 12c00000.ethernet eth0: tc7200u tx submit ring=0 q=0 len=98 frags=0 free_now=1854 sw_prod=195 hw_before(p=0 c=8) hw_after(p=1 c=32) first=0x06fe4282 first_stat=0x00a26fc0 last=0x06fe4282 last_stat=0x00a26fc0
[ 7830.435011] bcmgenet 12c00000.ethernet eth0: tc7200u tx submit ring=0 q=0 len=98 frags=0 free_now=1853 sw_prod=196 hw_before(p=0 c=8) hw_after(p=1 c=48) first=0x06fe5182 first_stat=0x00a26fc0 last=0x06fe5182 last_stat=0x00a26fc0
[ 7831.507095] bcmgenet 12c00000.ethernet eth0: tc7200u tx submit ring=0 q=0 len=98 frags=0 free_now=1852 sw_prod=197 hw_before(p=0 c=8) hw_after(p=1 c=64) first=0x06fe5402 first_stat=0x00a26fc0 last=0x06fe5402 last_stat=0x00a26fc0
root@OpenWrt:~# 
root@OpenWrt:~# 
root@OpenWrt:~# 
root@OpenWrt:~# echo "=== tx tail ==="
=== tx tail ===
root@OpenWrt:~# 
root@OpenWrt:~# dmesg | grep -E 'tc7200u tx submit' | tail -n 360
[ 7254.556679] bcmgenet 12c00000.ethernet eth0: tc7200u tx submit ring=0 q=0 len=110 frags=0 free_now=1248 sw_prod=33 hw_before(p=0 c=8) hw_after(p=1 c=0) first=0x06e58802 first_stat=0x00ae6fc0 last=0x06e58802 last_stat=0x00ae6fc0
[ 7255.042712] bcmgenet 12c00000.ethernet eth0: tc7200u tx submit ring=0 q=0 len=110 frags=0 free_now=1247 sw_prod=34 hw_before(p=0 c=8) hw_after(p=1 c=16) first=0x06e59802 first_stat=0x00ae6fc0 last=0x06e59802 last_stat=0x00ae6fc0
[ 7397.398596] bcmgenet 12c00000.ethernet eth0: tc7200u tx submit ring=0 q=0 len=98 frags=0 free_now=1246 sw_prod=35 hw_before(p=0 c=8) hw_after(p=1 c=32) first=0x06ef4782 first_stat=0x00a26fc0 last=0x06ef4782 last_stat=0x00a26fc0
[ 7398.563394] bcmgenet 12c00000.ethernet eth0: tc7200u tx submit ring=0 q=0 len=98 frags=0 free_now=1245 sw_prod=36 hw_before(p=0 c=8) hw_after(p=1 c=48) first=0x06ef5182 first_stat=0x00a26fc0 last=0x06ef5182 last_stat=0x00a26fc0
[ 7399.664272] bcmgenet 12c00000.ethernet eth0: tc7200u tx submit ring=0 q=0 len=98 frags=0 free_now=1244 sw_prod=37 hw_before(p=0 c=8) hw_after(p=1 c=64) first=0x06ef4282 first_stat=0x00a26fc0 last=0x06ef4282 last_stat=0x00a26fc0
[ 7400.783915] bcmgenet 12c00000.ethernet eth0: tc7200u tx submit ring=0 q=0 len=98 frags=0 free_now=1243 sw_prod=38 hw_before(p=0 c=8) hw_after(p=1 c=80) first=0x06ef4002 first_stat=0x00a26fc0 last=0x06ef4002 last_stat=0x00a26fc0
[ 7404.888927] bcmgenet 12c00000.ethernet eth0: tc7200u tx submit ring=0 q=0 len=98 frags=0 free_now=1243 sw_prod=39 hw_before(p=0 c=8) hw_after(p=1 c=96) first=0x06ef5902 first_stat=0x00a26fc0 last=0x06ef5902 last_stat=0x00a26fc0
[ 7412.992991] bcmgenet 12c00000.ethernet eth0: tc7200u tx submit ring=0 q=0 len=98 frags=0 free_now=1496 sw_prod=41 hw_before(p=0 c=8) hw_after(p=1 c=128) first=0x06ef5402 first_stat=0x00a26fc0 last=0x06ef5402 last_stat=0x00a26fc0
[ 7413.005479] bcmgenet 12c00000.ethernet eth0: tc7200u tx submit ring=0 q=0 len=98 frags=0 free_now=1495 sw_prod=42 hw_before(p=0 c=8) hw_after(p=1 c=144) first=0x06ef4a02 first_stat=0x00a26fc0 last=0x06ef4a02 last_stat=0x00a26fc0
[ 7417.083210] bcmgenet 12c00000.ethernet eth0: tc7200u tx submit ring=0 q=0 len=98 frags=0 free_now=1740 sw_prod=53 hw_before(p=0 c=8) hw_after(p=1 c=64) first=0x06efdb82 first_stat=0x00a26fc0 last=0x06efdb82 last_stat=0x00a26fc0
[ 7417.203839] bcmgenet 12c00000.ethernet eth0: tc7200u tx submit ring=0 q=0 len=98 frags=0 free_now=1739 sw_prod=54 hw_before(p=0 c=8) hw_after(p=1 c=80) first=0x06efd682 first_stat=0x00a26fc0 last=0x06efd682 last_stat=0x00a26fc0
[ 7439.978043] bcmgenet 12c00000.ethernet eth0: tc7200u tx submit ring=0 q=0 len=98 frags=0 free_now=1738 sw_prod=55 hw_before(p=0 c=8) hw_after(p=1 c=96) first=0x06efcc82 first_stat=0x00a26fc0 last=0x06efcc82 last_stat=0x00a26fc0
[ 7441.095142] bcmgenet 12c00000.ethernet eth0: tc7200u tx submit ring=0 q=0 len=98 frags=0 free_now=1737 sw_prod=56 hw_before(p=0 c=8) hw_after(p=1 c=112) first=0x06efd902 first_stat=0x00a26fc0 last=0x06efd902 last_stat=0x00a26fc0
[ 7442.186432] bcmgenet 12c00000.ethernet eth0: tc7200u tx submit ring=0 q=0 len=98 frags=0 free_now=1736 sw_prod=57 hw_before(p=0 c=8) hw_after(p=1 c=128) first=0x06efd182 first_stat=0x00a26fc0 last=0x06efd182 last_stat=0x00a26fc0
[ 7443.276069] bcmgenet 12c00000.ethernet eth0: tc7200u tx submit ring=0 q=0 len=98 frags=0 free_now=1735 sw_prod=58 hw_before(p=0 c=8) hw_after(p=1 c=144) first=0x06efd402 first_stat=0x00a26fc0 last=0x06efd402 last_stat=0x00a26fc0
[ 7444.382707] bcmgenet 12c00000.ethernet eth0: tc7200u tx submit ring=0 q=0 len=98 frags=0 free_now=1734 sw_prod=59 hw_before(p=0 c=8) hw_after(p=1 c=160) first=0x06ad8c82 first_stat=0x00a26fc0 last=0x06ad8c82 last_stat=0x00a26fc0
[ 7445.466760] bcmgenet 12c00000.ethernet eth0: tc7200u tx submit ring=0 q=0 len=98 frags=0 free_now=1733 sw_prod=60 hw_before(p=0 c=8) hw_after(p=1 c=176) first=0x06ad8f02 first_stat=0x00a26fc0 last=0x06ad8f02 last_stat=0x00a26fc0
[ 7446.557448] bcmgenet 12c00000.ethernet eth0: tc7200u tx submit ring=0 q=0 len=98 frags=0 free_now=1732 sw_prod=61 hw_before(p=0 c=8) hw_after(p=1 c=192) first=0x06ad8a02 first_stat=0x00a26fc0 last=0x06ad8a02 last_stat=0x00a26fc0
[ 7447.643588] bcmgenet 12c00000.ethernet eth0: tc7200u tx submit ring=0 q=0 len=98 frags=0 free_now=1731 sw_prod=62 hw_before(p=0 c=8) hw_after(p=1 c=208) first=0x06ad9402 first_stat=0x00a26fc0 last=0x06ad9402 last_stat=0x00a26fc0
[ 7448.734634] bcmgenet 12c00000.ethernet eth0: tc7200u tx submit ring=0 q=0 len=98 frags=0 free_now=1730 sw_prod=63 hw_before(p=0 c=8) hw_after(p=1 c=224) first=0x06ad9182 first_stat=0x00a26fc0 last=0x06ad9182 last_stat=0x00a26fc0
[ 7449.832502] bcmgenet 12c00000.ethernet eth0: tc7200u tx submit ring=0 q=0 len=98 frags=0 free_now=1729 sw_prod=64 hw_before(p=0 c=8) hw_after(p=1 c=240) first=0x06ad8282 first_stat=0x00a26fc0 last=0x06ad8282 last_stat=0x00a26fc0
[ 7450.910841] bcmgenet 12c00000.ethernet eth0: tc7200u tx submit ring=0 q=0 len=98 frags=0 free_now=1728 sw_prod=65 hw_before(p=0 c=8) hw_after(p=1 c=0) first=0x06ad8782 first_stat=0x00a26fc0 last=0x06ad8782 last_stat=0x00a26fc0
[ 7452.004393] bcmgenet 12c00000.ethernet eth0: tc7200u tx submit ring=0 q=0 len=98 frags=0 free_now=1727 sw_prod=66 hw_before(p=0 c=8) hw_after(p=1 c=16) first=0x06ad9b82 first_stat=0x00a26fc0 last=0x06ad9b82 last_stat=0x00a26fc0
[ 7453.093532] bcmgenet 12c00000.ethernet eth0: tc7200u tx submit ring=0 q=0 len=98 frags=0 free_now=1726 sw_prod=67 hw_before(p=0 c=8) hw_after(p=1 c=32) first=0x06ad8002 first_stat=0x00a26fc0 last=0x06ad8002 last_stat=0x00a26fc0
[ 7454.155269] bcmgenet 12c00000.ethernet eth0: tc7200u tx submit ring=0 q=0 len=98 frags=0 free_now=1725 sw_prod=68 hw_before(p=0 c=8) hw_after(p=1 c=48) first=0x06ad9682 first_stat=0x00a26fc0 last=0x06ad9682 last_stat=0x00a26fc0
[ 7455.215913] bcmgenet 12c00000.ethernet eth0: tc7200u tx submit ring=0 q=0 len=98 frags=0 free_now=1724 sw_prod=69 hw_before(p=0 c=8) hw_after(p=1 c=64) first=0x06ad9902 first_stat=0x00a26fc0 last=0x06ad9902 last_stat=0x00a26fc0
[ 7456.296329] bcmgenet 12c00000.ethernet eth0: tc7200u tx submit ring=0 q=0 len=98 frags=0 free_now=1723 sw_prod=70 hw_before(p=0 c=8) hw_after(p=1 c=80) first=0x06ad8502 first_stat=0x00a26fc0 last=0x06ad8502 last_stat=0x00a26fc0
[ 7457.355232] bcmgenet 12c00000.ethernet eth0: tc7200u tx submit ring=0 q=0 len=98 frags=0 free_now=1722 sw_prod=71 hw_before(p=0 c=8) hw_after(p=1 c=96) first=0x06f67182 first_stat=0x00a26fc0 last=0x06f67182 last_stat=0x00a26fc0
[ 7458.465012] bcmgenet 12c00000.ethernet eth0: tc7200u tx submit ring=0 q=0 len=98 frags=0 free_now=1721 sw_prod=72 hw_before(p=0 c=8) hw_after(p=1 c=112) first=0x06f66282 first_stat=0x00a26fc0 last=0x06f66282 last_stat=0x00a26fc0
[ 7459.564865] bcmgenet 12c00000.ethernet eth0: tc7200u tx submit ring=0 q=0 len=98 frags=0 free_now=1720 sw_prod=73 hw_before(p=0 c=8) hw_after(p=1 c=128) first=0x06f67402 first_stat=0x00a26fc0 last=0x06f67402 last_stat=0x00a26fc0
[ 7477.207158] bcmgenet 12c00000.ethernet eth0: tc7200u tx submit ring=0 q=0 len=98 frags=0 free_now=1719 sw_prod=74 hw_before(p=0 c=8) hw_after(p=1 c=144) first=0x06f66782 first_stat=0x00a26fc0 last=0x06f66782 last_stat=0x00a26fc0
[ 7480.175555] bcmgenet 12c00000.ethernet eth0: tc7200u tx submit ring=0 q=0 len=98 frags=0 free_now=1718 sw_prod=75 hw_before(p=0 c=8) hw_after(p=1 c=160) first=0x06f66f02 first_stat=0x00a26fc0 last=0x06f66f02 last_stat=0x00a26fc0
[ 7483.126763] bcmgenet 12c00000.ethernet eth0: tc7200u tx submit ring=0 q=0 len=98 frags=0 free_now=1717 sw_prod=76 hw_before(p=0 c=8) hw_after(p=1 c=176) first=0x06f66a02 first_stat=0x00a26fc0 last=0x06f66a02 last_stat=0x00a26fc0
[ 7485.999117] bcmgenet 12c00000.ethernet eth0: tc7200u tx submit ring=0 q=0 len=98 frags=0 free_now=1716 sw_prod=77 hw_before(p=0 c=8) hw_after(p=1 c=192) first=0x06f66c82 first_stat=0x00a26fc0 last=0x06f66c82 last_stat=0x00a26fc0
[ 7488.906814] bcmgenet 12c00000.ethernet eth0: tc7200u tx submit ring=0 q=0 len=98 frags=0 free_now=1715 sw_prod=78 hw_before(p=0 c=8) hw_after(p=1 c=208) first=0x06f66502 first_stat=0x00a26fc0 last=0x06f66502 last_stat=0x00a26fc0
[ 7491.855486] bcmgenet 12c00000.ethernet eth0: tc7200u tx submit ring=0 q=0 len=98 frags=0 free_now=1714 sw_prod=79 hw_before(p=0 c=8) hw_after(p=1 c=224) first=0x06f67682 first_stat=0x00a26fc0 last=0x06f67682 last_stat=0x00a26fc0
[ 7494.942898] bcmgenet 12c00000.ethernet eth0: tc7200u tx submit ring=0 q=0 len=98 frags=0 free_now=1713 sw_prod=80 hw_before(p=0 c=8) hw_after(p=1 c=240) first=0x06f67902 first_stat=0x00a26fc0 last=0x06f67902 last_stat=0x00a26fc0
[ 7497.639892] bcmgenet 12c00000.ethernet eth0: tc7200u tx submit ring=0 q=0 len=98 frags=0 free_now=1712 sw_prod=81 hw_before(p=0 c=8) hw_after(p=1 c=0) first=0x06f66002 first_stat=0x00a26fc0 last=0x06f66002 last_stat=0x00a26fc0
[ 7500.353782] bcmgenet 12c00000.ethernet eth0: tc7200u tx submit ring=0 q=0 len=98 frags=0 free_now=1711 sw_prod=82 hw_before(p=0 c=8) hw_after(p=1 c=16) first=0x06f8e782 first_stat=0x00a26fc0 last=0x06f8e782 last_stat=0x00a26fc0
[ 7503.126534] bcmgenet 12c00000.ethernet eth0: tc7200u tx submit ring=0 q=0 len=98 frags=0 free_now=1710 sw_prod=83 hw_before(p=0 c=8) hw_after(p=1 c=32) first=0x06f8ec82 first_stat=0x00a26fc0 last=0x06f8ec82 last_stat=0x00a26fc0
[ 7506.138545] bcmgenet 12c00000.ethernet eth0: tc7200u tx submit ring=0 q=0 len=98 frags=0 free_now=1709 sw_prod=84 hw_before(p=0 c=8) hw_after(p=1 c=48) first=0x06f8f902 first_stat=0x00a26fc0 last=0x06f8f902 last_stat=0x00a26fc0
[ 7509.113582] bcmgenet 12c00000.ethernet eth0: tc7200u tx submit ring=0 q=0 len=98 frags=0 free_now=1708 sw_prod=85 hw_before(p=0 c=8) hw_after(p=1 c=64) first=0x06f8e002 first_stat=0x00a26fc0 last=0x06f8e002 last_stat=0x00a26fc0
[ 7512.066610] bcmgenet 12c00000.ethernet eth0: tc7200u tx submit ring=0 q=0 len=98 frags=0 free_now=1707 sw_prod=86 hw_before(p=0 c=8) hw_after(p=1 c=80) first=0x06f8fb82 first_stat=0x00a26fc0 last=0x06f8fb82 last_stat=0x00a26fc0
[ 7515.013879] bcmgenet 12c00000.ethernet eth0: tc7200u tx submit ring=0 q=0 len=98 frags=0 free_now=1706 sw_prod=87 hw_before(p=0 c=8) hw_after(p=1 c=96) first=0x06f8f682 first_stat=0x00a26fc0 last=0x06f8f682 last_stat=0x00a26fc0
[ 7517.620372] bcmgenet 12c00000.ethernet eth0: tc7200u tx submit ring=0 q=0 len=98 frags=0 free_now=1705 sw_prod=88 hw_before(p=0 c=8) hw_after(p=1 c=112) first=0x06f8ef02 first_stat=0x00a26fc0 last=0x06f8ef02 last_stat=0x00a26fc0
[ 7520.536791] bcmgenet 12c00000.ethernet eth0: tc7200u tx submit ring=0 q=0 len=98 frags=0 free_now=1704 sw_prod=89 hw_before(p=0 c=8) hw_after(p=1 c=128) first=0x06f8f402 first_stat=0x00a26fc0 last=0x06f8f402 last_stat=0x00a26fc0
[ 7523.503580] bcmgenet 12c00000.ethernet eth0: tc7200u tx submit ring=0 q=0 len=98 frags=0 free_now=1703 sw_prod=90 hw_before(p=0 c=8) hw_after(p=1 c=144) first=0x06f8e502 first_stat=0x00a26fc0 last=0x06f8e502 last_stat=0x00a26fc0
[ 7526.423729] bcmgenet 12c00000.ethernet eth0: tc7200u tx submit ring=0 q=0 len=98 frags=0 free_now=1702 sw_prod=91 hw_before(p=0 c=8) hw_after(p=1 c=160) first=0x06f8ea02 first_stat=0x00a26fc0 last=0x06f8ea02 last_stat=0x00a26fc0
[ 7529.286453] bcmgenet 12c00000.ethernet eth0: tc7200u tx submit ring=0 q=0 len=98 frags=0 free_now=1701 sw_prod=92 hw_before(p=0 c=8) hw_after(p=1 c=176) first=0x06f8f182 first_stat=0x00a26fc0 last=0x06f8f182 last_stat=0x00a26fc0
[ 7532.312885] bcmgenet 12c00000.ethernet eth0: tc7200u tx submit ring=0 q=0 len=98 frags=0 free_now=1700 sw_prod=93 hw_before(p=0 c=8) hw_after(p=1 c=192) first=0x06f8e282 first_stat=0x00a26fc0 last=0x06f8e282 last_stat=0x00a26fc0
[ 7535.216218] bcmgenet 12c00000.ethernet eth0: tc7200u tx submit ring=0 q=0 len=98 frags=0 free_now=1699 sw_prod=94 hw_before(p=0 c=8) hw_after(p=1 c=208) first=0x06f67b82 first_stat=0x00a26fc0 last=0x06f67b82 last_stat=0x00a26fc0
[ 7538.147424] bcmgenet 12c00000.ethernet eth0: tc7200u tx submit ring=0 q=0 len=98 frags=0 free_now=1698 sw_prod=95 hw_before(p=0 c=8) hw_after(p=1 c=224) first=0x068f8282 first_stat=0x00a26fc0 last=0x068f8282 last_stat=0x00a26fc0
[ 7540.703690] bcmgenet 12c00000.ethernet eth0: tc7200u tx submit ring=0 q=0 len=98 frags=0 free_now=1697 sw_prod=96 hw_before(p=0 c=8) hw_after(p=1 c=240) first=0x068f9182 first_stat=0x00a26fc0 last=0x068f9182 last_stat=0x00a26fc0
[ 7543.360609] bcmgenet 12c00000.ethernet eth0: tc7200u tx submit ring=0 q=0 len=98 frags=0 free_now=1696 sw_prod=97 hw_before(p=0 c=8) hw_after(p=1 c=0) first=0x068f9902 first_stat=0x00a26fc0 last=0x068f9902 last_stat=0x00a26fc0
[ 7546.285416] bcmgenet 12c00000.ethernet eth0: tc7200u tx submit ring=0 q=0 len=98 frags=0 free_now=1695 sw_prod=98 hw_before(p=0 c=8) hw_after(p=1 c=16) first=0x068f9682 first_stat=0x00a26fc0 last=0x068f9682 last_stat=0x00a26fc0
[ 7549.239390] bcmgenet 12c00000.ethernet eth0: tc7200u tx submit ring=0 q=0 len=98 frags=0 free_now=1694 sw_prod=99 hw_before(p=0 c=8) hw_after(p=1 c=32) first=0x068f8c82 first_stat=0x00a26fc0 last=0x068f8c82 last_stat=0x00a26fc0
[ 7552.214510] bcmgenet 12c00000.ethernet eth0: tc7200u tx submit ring=0 q=0 len=98 frags=0 free_now=1693 sw_prod=100 hw_before(p=0 c=8) hw_after(p=1 c=48) first=0x068f8502 first_stat=0x00a26fc0 last=0x068f8502 last_stat=0x00a26fc0
[ 7555.228067] bcmgenet 12c00000.ethernet eth0: tc7200u tx submit ring=0 q=0 len=98 frags=0 free_now=1692 sw_prod=101 hw_before(p=0 c=8) hw_after(p=1 c=64) first=0x068f8782 first_stat=0x00a26fc0 last=0x068f8782 last_stat=0x00a26fc0
[ 7558.140188] bcmgenet 12c00000.ethernet eth0: tc7200u tx submit ring=0 q=0 len=98 frags=0 free_now=1691 sw_prod=102 hw_before(p=0 c=8) hw_after(p=1 c=80) first=0x068f8a02 first_stat=0x00a26fc0 last=0x068f8a02 last_stat=0x00a26fc0
[ 7560.943721] bcmgenet 12c00000.ethernet eth0: tc7200u tx submit ring=0 q=0 len=98 frags=0 free_now=1690 sw_prod=103 hw_before(p=0 c=8) hw_after(p=1 c=96) first=0x068f9402 first_stat=0x00a26fc0 last=0x068f9402 last_stat=0x00a26fc0
[ 7563.883192] bcmgenet 12c00000.ethernet eth0: tc7200u tx submit ring=0 q=0 len=98 frags=0 free_now=1689 sw_prod=104 hw_before(p=0 c=8) hw_after(p=1 c=112) first=0x068f8f02 first_stat=0x00a26fc0 last=0x068f8f02 last_stat=0x00a26fc0
[ 7566.829530] bcmgenet 12c00000.ethernet eth0: tc7200u tx submit ring=0 q=0 len=98 frags=0 free_now=1688 sw_prod=105 hw_before(p=0 c=8) hw_after(p=1 c=128) first=0x068f8002 first_stat=0x00a26fc0 last=0x068f8002 last_stat=0x00a26fc0
[ 7569.777776] bcmgenet 12c00000.ethernet eth0: tc7200u tx submit ring=0 q=0 len=98 frags=0 free_now=1687 sw_prod=106 hw_before(p=0 c=8) hw_after(p=1 c=144) first=0x068f9b82 first_stat=0x00a26fc0 last=0x068f9b82 last_stat=0x00a26fc0
[ 7572.750273] bcmgenet 12c00000.ethernet eth0: tc7200u tx submit ring=0 q=0 len=98 frags=0 free_now=1686 sw_prod=107 hw_before(p=0 c=8) hw_after(p=1 c=160) first=0x06ef4a02 first_stat=0x00a26fc0 last=0x06ef4a02 last_stat=0x00a26fc0
[ 7575.718077] bcmgenet 12c00000.ethernet eth0: tc7200u tx submit ring=0 q=0 len=98 frags=0 free_now=1685 sw_prod=108 hw_before(p=0 c=8) hw_after(p=1 c=176) first=0x06ef5402 first_stat=0x00a26fc0 last=0x06ef5402 last_stat=0x00a26fc0
[ 7578.645842] bcmgenet 12c00000.ethernet eth0: tc7200u tx submit ring=0 q=0 len=98 frags=0 free_now=1684 sw_prod=109 hw_before(p=0 c=8) hw_after(p=1 c=192) first=0x06ef5b82 first_stat=0x00a26fc0 last=0x06ef5b82 last_stat=0x00a26fc0
[ 7581.722676] bcmgenet 12c00000.ethernet eth0: tc7200u tx submit ring=0 q=0 len=98 frags=0 free_now=1683 sw_prod=110 hw_before(p=0 c=8) hw_after(p=1 c=208) first=0x06ef4002 first_stat=0x00a26fc0 last=0x06ef4002 last_stat=0x00a26fc0
[ 7584.176954] bcmgenet 12c00000.ethernet eth0: tc7200u tx submit ring=0 q=0 len=98 frags=0 free_now=1682 sw_prod=111 hw_before(p=0 c=8) hw_after(p=1 c=224) first=0x06ef4282 first_stat=0x00a26fc0 last=0x06ef4282 last_stat=0x00a26fc0
[ 7586.634248] bcmgenet 12c00000.ethernet eth0: tc7200u tx submit ring=0 q=0 len=98 frags=0 free_now=1681 sw_prod=112 hw_before(p=0 c=8) hw_after(p=1 c=240) first=0x06ef5182 first_stat=0x00a26fc0 last=0x06ef5182 last_stat=0x00a26fc0
[ 7589.538844] bcmgenet 12c00000.ethernet eth0: tc7200u tx submit ring=0 q=0 len=98 frags=0 free_now=1680 sw_prod=113 hw_before(p=0 c=8) hw_after(p=1 c=0) first=0x06ef5902 first_stat=0x00a26fc0 last=0x06ef5902 last_stat=0x00a26fc0
[ 7612.343423] bcmgenet 12c00000.ethernet eth0: tc7200u tx submit ring=0 q=0 len=98 frags=0 free_now=1679 sw_prod=114 hw_before(p=0 c=8) hw_after(p=1 c=16) first=0x06df3682 first_stat=0x00a26fc0 last=0x06df3682 last_stat=0x00a26fc0
[ 7613.426270] bcmgenet 12c00000.ethernet eth0: tc7200u tx submit ring=0 q=0 len=98 frags=0 free_now=1678 sw_prod=115 hw_before(p=0 c=8) hw_after(p=1 c=32) first=0x06df2502 first_stat=0x00a26fc0 last=0x06df2502 last_stat=0x00a26fc0
[ 7614.522807] bcmgenet 12c00000.ethernet eth0: tc7200u tx submit ring=0 q=0 len=98 frags=0 free_now=1677 sw_prod=116 hw_before(p=0 c=8) hw_after(p=1 c=48) first=0x06df2f02 first_stat=0x00a26fc0 last=0x06df2f02 last_stat=0x00a26fc0
[ 7615.612630] bcmgenet 12c00000.ethernet eth0: tc7200u tx submit ring=0 q=0 len=98 frags=0 free_now=1676 sw_prod=117 hw_before(p=0 c=8) hw_after(p=1 c=64) first=0x06df2c82 first_stat=0x00a26fc0 last=0x06df2c82 last_stat=0x00a26fc0
[ 7616.702652] bcmgenet 12c00000.ethernet eth0: tc7200u tx submit ring=0 q=0 len=98 frags=0 free_now=1675 sw_prod=118 hw_before(p=0 c=8) hw_after(p=1 c=80) first=0x06df2a02 first_stat=0x00a26fc0 last=0x06df2a02 last_stat=0x00a26fc0
[ 7617.784990] bcmgenet 12c00000.ethernet eth0: tc7200u tx submit ring=0 q=0 len=98 frags=0 free_now=1674 sw_prod=119 hw_before(p=0 c=8) hw_after(p=1 c=96) first=0x06df2282 first_stat=0x00a26fc0 last=0x06df2282 last_stat=0x00a26fc0
[ 7618.893394] bcmgenet 12c00000.ethernet eth0: tc7200u tx submit ring=0 q=0 len=98 frags=0 free_now=1673 sw_prod=120 hw_before(p=0 c=8) hw_after(p=1 c=112) first=0x06df3402 first_stat=0x00a26fc0 last=0x06df3402 last_stat=0x00a26fc0
[ 7619.965861] bcmgenet 12c00000.ethernet eth0: tc7200u tx submit ring=0 q=0 len=98 frags=0 free_now=1672 sw_prod=121 hw_before(p=0 c=8) hw_after(p=1 c=128) first=0x06df3182 first_stat=0x00a26fc0 last=0x06df3182 last_stat=0x00a26fc0
[ 7621.072548] bcmgenet 12c00000.ethernet eth0: tc7200u tx submit ring=0 q=0 len=98 frags=0 free_now=1671 sw_prod=122 hw_before(p=0 c=8) hw_after(p=1 c=144) first=0x06df2002 first_stat=0x00a26fc0 last=0x06df2002 last_stat=0x00a26fc0
[ 7622.154118] bcmgenet 12c00000.ethernet eth0: tc7200u tx submit ring=0 q=0 len=98 frags=0 free_now=1670 sw_prod=123 hw_before(p=0 c=8) hw_after(p=1 c=160) first=0x06df2782 first_stat=0x00a26fc0 last=0x06df2782 last_stat=0x00a26fc0
[ 7623.245332] bcmgenet 12c00000.ethernet eth0: tc7200u tx submit ring=0 q=0 len=98 frags=0 free_now=1669 sw_prod=124 hw_before(p=0 c=8) hw_after(p=1 c=176) first=0x06df3b82 first_stat=0x00a26fc0 last=0x06df3b82 last_stat=0x00a26fc0
[ 7624.334556] bcmgenet 12c00000.ethernet eth0: tc7200u tx submit ring=0 q=0 len=98 frags=0 free_now=1668 sw_prod=125 hw_before(p=0 c=8) hw_after(p=1 c=192) first=0x06df3902 first_stat=0x00a26fc0 last=0x06df3902 last_stat=0x00a26fc0
[ 7625.424068] bcmgenet 12c00000.ethernet eth0: tc7200u tx submit ring=0 q=0 len=98 frags=0 free_now=1667 sw_prod=126 hw_before(p=0 c=8) hw_after(p=1 c=208) first=0x06ef4782 first_stat=0x00a26fc0 last=0x06ef4782 last_stat=0x00a26fc0
[ 7626.490721] bcmgenet 12c00000.ethernet eth0: tc7200u tx submit ring=0 q=0 len=98 frags=0 free_now=1666 sw_prod=127 hw_before(p=0 c=8) hw_after(p=1 c=224) first=0x06f06f02 first_stat=0x00a26fc0 last=0x06f06f02 last_stat=0x00a26fc0
[ 7627.553094] bcmgenet 12c00000.ethernet eth0: tc7200u tx submit ring=0 q=0 len=98 frags=0 free_now=1665 sw_prod=128 hw_before(p=0 c=8) hw_after(p=1 c=240) first=0x06f06a02 first_stat=0x00a26fc0 last=0x06f06a02 last_stat=0x00a26fc0
[ 7628.623613] bcmgenet 12c00000.ethernet eth0: tc7200u tx submit ring=0 q=0 len=98 frags=0 free_now=1664 sw_prod=129 hw_before(p=0 c=8) hw_after(p=1 c=0) first=0x06f06c82 first_stat=0x00a26fc0 last=0x06f06c82 last_stat=0x00a26fc0
[ 7629.685355] bcmgenet 12c00000.ethernet eth0: tc7200u tx submit ring=0 q=0 len=98 frags=0 free_now=1663 sw_prod=130 hw_before(p=0 c=8) hw_after(p=1 c=16) first=0x06f07402 first_stat=0x00a26fc0 last=0x06f07402 last_stat=0x00a26fc0
[ 7630.784854] bcmgenet 12c00000.ethernet eth0: tc7200u tx submit ring=0 q=0 len=98 frags=0 free_now=1662 sw_prod=131 hw_before(p=0 c=8) hw_after(p=1 c=32) first=0x06f06502 first_stat=0x00a26fc0 last=0x06f06502 last_stat=0x00a26fc0
[ 7631.892703] bcmgenet 12c00000.ethernet eth0: tc7200u tx submit ring=0 q=0 len=98 frags=0 free_now=1661 sw_prod=132 hw_before(p=0 c=8) hw_after(p=1 c=48) first=0x06f07902 first_stat=0x00a26fc0 last=0x06f07902 last_stat=0x00a26fc0
[ 7649.175581] bcmgenet 12c00000.ethernet eth0: tc7200u tx submit ring=0 q=0 len=98 frags=0 free_now=1660 sw_prod=133 hw_before(p=0 c=8) hw_after(p=1 c=64) first=0x06f07b82 first_stat=0x00a26fc0 last=0x06f07b82 last_stat=0x00a26fc0
[ 7652.195091] bcmgenet 12c00000.ethernet eth0: tc7200u tx submit ring=0 q=0 len=98 frags=0 free_now=1659 sw_prod=134 hw_before(p=0 c=8) hw_after(p=1 c=80) first=0x06f06002 first_stat=0x00a26fc0 last=0x06f06002 last_stat=0x00a26fc0
[ 7655.079364] bcmgenet 12c00000.ethernet eth0: tc7200u tx submit ring=0 q=0 len=98 frags=0 free_now=1658 sw_prod=135 hw_before(p=0 c=8) hw_after(p=1 c=96) first=0x06f07682 first_stat=0x00a26fc0 last=0x06f07682 last_stat=0x00a26fc0
[ 7658.024982] bcmgenet 12c00000.ethernet eth0: tc7200u tx submit ring=0 q=0 len=98 frags=0 free_now=1657 sw_prod=136 hw_before(p=0 c=8) hw_after(p=1 c=112) first=0x06f06782 first_stat=0x00a26fc0 last=0x06f06782 last_stat=0x00a26fc0
[ 7661.017741] bcmgenet 12c00000.ethernet eth0: tc7200u tx submit ring=0 q=0 len=98 frags=0 free_now=1656 sw_prod=137 hw_before(p=0 c=8) hw_after(p=1 c=128) first=0x06f06282 first_stat=0x00a26fc0 last=0x06f06282 last_stat=0x00a26fc0
[ 7663.965219] bcmgenet 12c00000.ethernet eth0: tc7200u tx submit ring=0 q=0 len=98 frags=0 free_now=1655 sw_prod=138 hw_before(p=0 c=8) hw_after(p=1 c=144) first=0x06f07182 first_stat=0x00a26fc0 last=0x06f07182 last_stat=0x00a26fc0
[ 7666.948114] bcmgenet 12c00000.ethernet eth0: tc7200u tx submit ring=0 q=0 len=98 frags=0 free_now=1654 sw_prod=139 hw_before(p=0 c=8) hw_after(p=1 c=160) first=0x06fb1682 first_stat=0x00a26fc0 last=0x06fb1682 last_stat=0x00a26fc0
[ 7669.756313] bcmgenet 12c00000.ethernet eth0: tc7200u tx submit ring=0 q=0 len=98 frags=0 free_now=1653 sw_prod=140 hw_before(p=0 c=8) hw_after(p=1 c=176) first=0x06fb1902 first_stat=0x00a26fc0 last=0x06fb1902 last_stat=0x00a26fc0
[ 7672.308392] bcmgenet 12c00000.ethernet eth0: tc7200u tx submit ring=0 q=0 len=98 frags=0 free_now=1652 sw_prod=141 hw_before(p=0 c=8) hw_after(p=1 c=192) first=0x06fb0002 first_stat=0x00a26fc0 last=0x06fb0002 last_stat=0x00a26fc0
[ 7675.301074] bcmgenet 12c00000.ethernet eth0: tc7200u tx submit ring=0 q=0 len=98 frags=0 free_now=1651 sw_prod=142 hw_before(p=0 c=8) hw_after(p=1 c=208) first=0x06fb0282 first_stat=0x00a26fc0 last=0x06fb0282 last_stat=0x00a26fc0
[ 7678.209301] bcmgenet 12c00000.ethernet eth0: tc7200u tx submit ring=0 q=0 len=98 frags=0 free_now=1650 sw_prod=143 hw_before(p=0 c=8) hw_after(p=1 c=224) first=0x06fb1182 first_stat=0x00a26fc0 last=0x06fb1182 last_stat=0x00a26fc0
[ 7681.173744] bcmgenet 12c00000.ethernet eth0: tc7200u tx submit ring=0 q=0 len=98 frags=0 free_now=1649 sw_prod=144 hw_before(p=0 c=8) hw_after(p=1 c=240) first=0x06fb1b82 first_stat=0x00a26fc0 last=0x06fb1b82 last_stat=0x00a26fc0
[ 7684.135570] bcmgenet 12c00000.ethernet eth0: tc7200u tx submit ring=0 q=0 len=98 frags=0 free_now=1648 sw_prod=145 hw_before(p=0 c=8) hw_after(p=1 c=0) first=0x06fb0782 first_stat=0x00a26fc0 last=0x06fb0782 last_stat=0x00a26fc0
[ 7687.149259] bcmgenet 12c00000.ethernet eth0: tc7200u tx submit ring=0 q=0 len=98 frags=0 free_now=1647 sw_prod=146 hw_before(p=0 c=8) hw_after(p=1 c=16) first=0x06fb0a02 first_stat=0x00a26fc0 last=0x06fb0a02 last_stat=0x00a26fc0
[ 7689.624155] bcmgenet 12c00000.ethernet eth0: tc7200u tx submit ring=0 q=0 len=98 frags=0 free_now=1646 sw_prod=147 hw_before(p=0 c=8) hw_after(p=1 c=32) first=0x06fb1402 first_stat=0x00a26fc0 last=0x06fb1402 last_stat=0x00a26fc0
[ 7692.593384] bcmgenet 12c00000.ethernet eth0: tc7200u tx submit ring=0 q=0 len=98 frags=0 free_now=1645 sw_prod=148 hw_before(p=0 c=8) hw_after(p=1 c=48) first=0x06fb0c82 first_stat=0x00a26fc0 last=0x06fb0c82 last_stat=0x00a26fc0
[ 7695.585518] bcmgenet 12c00000.ethernet eth0: tc7200u tx submit ring=0 q=0 len=98 frags=0 free_now=1644 sw_prod=149 hw_before(p=0 c=8) hw_after(p=1 c=64) first=0x06fb0f02 first_stat=0x00a26fc0 last=0x06fb0f02 last_stat=0x00a26fc0
[ 7698.533472] bcmgenet 12c00000.ethernet eth0: tc7200u tx submit ring=0 q=0 len=98 frags=0 free_now=1643 sw_prod=150 hw_before(p=0 c=8) hw_after(p=1 c=80) first=0x06fb0502 first_stat=0x00a26fc0 last=0x06fb0502 last_stat=0x00a26fc0
[ 7701.448033] bcmgenet 12c00000.ethernet eth0: tc7200u tx submit ring=0 q=0 len=98 frags=0 free_now=1642 sw_prod=151 hw_before(p=0 c=8) hw_after(p=1 c=96) first=0x06c05682 first_stat=0x00a26fc0 last=0x06c05682 last_stat=0x00a26fc0
[ 7704.404880] bcmgenet 12c00000.ethernet eth0: tc7200u tx submit ring=0 q=0 len=98 frags=0 free_now=1641 sw_prod=152 hw_before(p=0 c=8) hw_after(p=1 c=112) first=0x06c04782 first_stat=0x00a26fc0 last=0x06c04782 last_stat=0x00a26fc0
[ 7707.329584] bcmgenet 12c00000.ethernet eth0: tc7200u tx submit ring=0 q=0 len=98 frags=0 free_now=1640 sw_prod=153 hw_before(p=0 c=8) hw_after(p=1 c=128) first=0x06c05182 first_stat=0x00a26fc0 last=0x06c05182 last_stat=0x00a26fc0
[ 7710.320797] bcmgenet 12c00000.ethernet eth0: tc7200u tx submit ring=0 q=0 len=98 frags=0 free_now=1639 sw_prod=154 hw_before(p=0 c=8) hw_after(p=1 c=144) first=0x06c04502 first_stat=0x00a26fc0 last=0x06c04502 last_stat=0x00a26fc0
[ 7712.809886] bcmgenet 12c00000.ethernet eth0: tc7200u tx submit ring=0 q=0 len=98 frags=0 free_now=1638 sw_prod=155 hw_before(p=0 c=8) hw_after(p=1 c=160) first=0x06c04282 first_stat=0x00a26fc0 last=0x06c04282 last_stat=0x00a26fc0
[ 7715.382801] bcmgenet 12c00000.ethernet eth0: tc7200u tx submit ring=0 q=0 len=98 frags=0 free_now=1637 sw_prod=156 hw_before(p=0 c=8) hw_after(p=1 c=176) first=0x06c04a02 first_stat=0x00a26fc0 last=0x06c04a02 last_stat=0x00a26fc0
[ 7718.346235] bcmgenet 12c00000.ethernet eth0: tc7200u tx submit ring=0 q=0 len=98 frags=0 free_now=1636 sw_prod=157 hw_before(p=0 c=8) hw_after(p=1 c=192) first=0x06c05b82 first_stat=0x00a26fc0 last=0x06c05b82 last_stat=0x00a26fc0
[ 7721.339819] bcmgenet 12c00000.ethernet eth0: tc7200u tx submit ring=0 q=0 len=98 frags=0 free_now=1635 sw_prod=158 hw_before(p=0 c=8) hw_after(p=1 c=208) first=0x06c04f02 first_stat=0x00a26fc0 last=0x06c04f02 last_stat=0x00a26fc0
[ 7724.249077] bcmgenet 12c00000.ethernet eth0: tc7200u tx submit ring=0 q=0 len=98 frags=0 free_now=1634 sw_prod=159 hw_before(p=0 c=8) hw_after(p=1 c=224) first=0x06c04c82 first_stat=0x00a26fc0 last=0x06c04c82 last_stat=0x00a26fc0
[ 7727.243754] bcmgenet 12c00000.ethernet eth0: tc7200u tx submit ring=0 q=0 len=98 frags=0 free_now=1633 sw_prod=160 hw_before(p=0 c=8) hw_after(p=1 c=240) first=0x06c04002 first_stat=0x00a26fc0 last=0x06c04002 last_stat=0x00a26fc0
[ 7730.143218] bcmgenet 12c00000.ethernet eth0: tc7200u tx submit ring=0 q=0 len=98 frags=0 free_now=1632 sw_prod=161 hw_before(p=0 c=8) hw_after(p=1 c=0) first=0x06c05902 first_stat=0x00a26fc0 last=0x06c05902 last_stat=0x00a26fc0
[ 7732.707498] bcmgenet 12c00000.ethernet eth0: tc7200u tx submit ring=0 q=0 len=98 frags=0 free_now=1631 sw_prod=162 hw_before(p=0 c=8) hw_after(p=1 c=16) first=0x06c05402 first_stat=0x00a26fc0 last=0x06c05402 last_stat=0x00a26fc0
[ 7735.757667] bcmgenet 12c00000.ethernet eth0: tc7200u tx submit ring=0 q=0 len=98 frags=0 free_now=1630 sw_prod=163 hw_before(p=0 c=8) hw_after(p=1 c=32) first=0x06efac82 first_stat=0x00a26fc0 last=0x06efac82 last_stat=0x00a26fc0
[ 7738.675932] bcmgenet 12c00000.ethernet eth0: tc7200u tx submit ring=0 q=0 len=98 frags=0 free_now=1629 sw_prod=164 hw_before(p=0 c=8) hw_after(p=1 c=48) first=0x06efaf02 first_stat=0x00a26fc0 last=0x06efaf02 last_stat=0x00a26fc0
[ 7741.569865] bcmgenet 12c00000.ethernet eth0: tc7200u tx submit ring=0 q=0 len=98 frags=0 free_now=1628 sw_prod=165 hw_before(p=0 c=8) hw_after(p=1 c=64) first=0x06efa502 first_stat=0x00a26fc0 last=0x06efa502 last_stat=0x00a26fc0
[ 7744.476423] bcmgenet 12c00000.ethernet eth0: tc7200u tx submit ring=0 q=0 len=98 frags=0 free_now=1627 sw_prod=166 hw_before(p=0 c=8) hw_after(p=1 c=80) first=0x06efb682 first_stat=0x00a26fc0 last=0x06efb682 last_stat=0x00a26fc0
[ 7747.425785] bcmgenet 12c00000.ethernet eth0: tc7200u tx submit ring=0 q=0 len=98 frags=0 free_now=1626 sw_prod=167 hw_before(p=0 c=8) hw_after(p=1 c=96) first=0x06efb902 first_stat=0x00a26fc0 last=0x06efb902 last_stat=0x00a26fc0
[ 7750.376262] bcmgenet 12c00000.ethernet eth0: tc7200u tx submit ring=0 q=0 len=98 frags=0 free_now=1625 sw_prod=168 hw_before(p=0 c=8) hw_after(p=1 c=112) first=0x06efbb82 first_stat=0x00a26fc0 last=0x06efbb82 last_stat=0x00a26fc0
[ 7753.352339] bcmgenet 12c00000.ethernet eth0: tc7200u tx submit ring=0 q=0 len=98 frags=0 free_now=1624 sw_prod=169 hw_before(p=0 c=8) hw_after(p=1 c=128) first=0x06efa782 first_stat=0x00a26fc0 last=0x06efa782 last_stat=0x00a26fc0
[ 7755.883551] bcmgenet 12c00000.ethernet eth0: tc7200u tx submit ring=0 q=0 len=98 frags=0 free_now=1623 sw_prod=170 hw_before(p=0 c=8) hw_after(p=1 c=144) first=0x06efa282 first_stat=0x00a26fc0 last=0x06efa282 last_stat=0x00a26fc0
[ 7758.398199] bcmgenet 12c00000.ethernet eth0: tc7200u tx submit ring=0 q=0 len=98 frags=0 free_now=1622 sw_prod=171 hw_before(p=0 c=8) hw_after(p=1 c=160) first=0x06efb182 first_stat=0x00a26fc0 last=0x06efb182 last_stat=0x00a26fc0
[ 7761.357994] bcmgenet 12c00000.ethernet eth0: tc7200u tx submit ring=0 q=0 len=98 frags=0 free_now=1621 sw_prod=172 hw_before(p=0 c=8) hw_after(p=1 c=176) first=0x06efb402 first_stat=0x00a26fc0 last=0x06efb402 last_stat=0x00a26fc0
[ 7784.047908] bcmgenet 12c00000.ethernet eth0: tc7200u tx submit ring=0 q=0 len=98 frags=0 free_now=1620 sw_prod=173 hw_before(p=0 c=8) hw_after(p=1 c=192) first=0x06efa002 first_stat=0x00a26fc0 last=0x06efa002 last_stat=0x00a26fc0
[ 7785.164423] bcmgenet 12c00000.ethernet eth0: tc7200u tx submit ring=0 q=0 len=98 frags=0 free_now=1619 sw_prod=174 hw_before(p=0 c=8) hw_after(p=1 c=208) first=0x06efaa02 first_stat=0x00a26fc0 last=0x06efaa02 last_stat=0x00a26fc0
[ 7786.245523] bcmgenet 12c00000.ethernet eth0: tc7200u tx submit ring=0 q=0 len=98 frags=0 free_now=1618 sw_prod=175 hw_before(p=0 c=8) hw_after(p=1 c=224) first=0x06efec82 first_stat=0x00a26fc0 last=0x06efec82 last_stat=0x00a26fc0
[ 7787.345301] bcmgenet 12c00000.ethernet eth0: tc7200u tx submit ring=0 q=0 len=98 frags=0 free_now=1617 sw_prod=176 hw_before(p=0 c=8) hw_after(p=1 c=240) first=0x06efe502 first_stat=0x00a26fc0 last=0x06efe502 last_stat=0x00a26fc0
[ 7788.445082] bcmgenet 12c00000.ethernet eth0: tc7200u tx submit ring=0 q=0 len=98 frags=0 free_now=1616 sw_prod=177 hw_before(p=0 c=8) hw_after(p=1 c=0) first=0x06eff682 first_stat=0x00a26fc0 last=0x06eff682 last_stat=0x00a26fc0
[ 7789.527021] bcmgenet 12c00000.ethernet eth0: tc7200u tx submit ring=0 q=0 len=98 frags=0 free_now=1615 sw_prod=178 hw_before(p=0 c=8) hw_after(p=1 c=16) first=0x06eff902 first_stat=0x00a26fc0 last=0x06eff902 last_stat=0x00a26fc0
[ 7790.624628] bcmgenet 12c00000.ethernet eth0: tc7200u tx submit ring=0 q=0 len=98 frags=0 free_now=1614 sw_prod=179 hw_before(p=0 c=8) hw_after(p=1 c=32) first=0x06effb82 first_stat=0x00a26fc0 last=0x06effb82 last_stat=0x00a26fc0
[ 7791.715208] bcmgenet 12c00000.ethernet eth0: tc7200u tx submit ring=0 q=0 len=98 frags=0 free_now=1613 sw_prod=180 hw_before(p=0 c=8) hw_after(p=1 c=48) first=0x06efe002 first_stat=0x00a26fc0 last=0x06efe002 last_stat=0x00a26fc0
[ 7792.814919] bcmgenet 12c00000.ethernet eth0: tc7200u tx submit ring=0 q=0 len=98 frags=0 free_now=1612 sw_prod=181 hw_before(p=0 c=8) hw_after(p=1 c=64) first=0x06efe782 first_stat=0x00a26fc0 last=0x06efe782 last_stat=0x00a26fc0
[ 7793.914305] bcmgenet 12c00000.ethernet eth0: tc7200u tx submit ring=0 q=0 len=98 frags=0 free_now=1611 sw_prod=182 hw_before(p=0 c=8) hw_after(p=1 c=80) first=0x06efe282 first_stat=0x00a26fc0 last=0x06efe282 last_stat=0x00a26fc0
[ 7794.994987] bcmgenet 12c00000.ethernet eth0: tc7200u tx submit ring=0 q=0 len=98 frags=0 free_now=1610 sw_prod=183 hw_before(p=0 c=8) hw_after(p=1 c=96) first=0x06eff182 first_stat=0x00a26fc0 last=0x06eff182 last_stat=0x00a26fc0
[ 7796.095261] bcmgenet 12c00000.ethernet eth0: tc7200u tx submit ring=0 q=0 len=98 frags=0 free_now=1609 sw_prod=184 hw_before(p=0 c=8) hw_after(p=1 c=112) first=0x06efea02 first_stat=0x00a26fc0 last=0x06efea02 last_stat=0x00a26fc0
[ 7797.183549] bcmgenet 12c00000.ethernet eth0: tc7200u tx submit ring=0 q=0 len=98 frags=0 free_now=1608 sw_prod=185 hw_before(p=0 c=8) hw_after(p=1 c=128) first=0x06eff402 first_stat=0x00a26fc0 last=0x06eff402 last_stat=0x00a26fc0
[ 7803.988174] bcmgenet 12c00000.ethernet eth0: tc7200u tx submit ring=0 q=0 len=98 frags=0 free_now=1863 sw_prod=186 hw_before(p=0 c=8) hw_after(p=1 c=144) first=0x06fe4a02 first_stat=0x00a26fc0 last=0x06fe4a02 last_stat=0x00a26fc0
[ 7804.017037] bcmgenet 12c00000.ethernet eth0: tc7200u tx submit ring=0 q=0 len=98 frags=0 free_now=1858 sw_prod=191 hw_before(p=0 c=8) hw_after(p=1 c=224) first=0x06fe5b82 first_stat=0x00a26fc0 last=0x06fe5b82 last_stat=0x00a26fc0
[ 7826.008978] bcmgenet 12c00000.ethernet eth0: tc7200u tx submit ring=0 q=0 len=98 frags=0 free_now=1857 sw_prod=192 hw_before(p=0 c=8) hw_after(p=1 c=240) first=0x06fe5902 first_stat=0x00a26fc0 last=0x06fe5902 last_stat=0x00a26fc0
[ 7827.124705] bcmgenet 12c00000.ethernet eth0: tc7200u tx submit ring=0 q=0 len=98 frags=0 free_now=1856 sw_prod=193 hw_before(p=0 c=8) hw_after(p=1 c=0) first=0x06fe4002 first_stat=0x00a26fc0 last=0x06fe4002 last_stat=0x00a26fc0
[ 7828.215695] bcmgenet 12c00000.ethernet eth0: tc7200u tx submit ring=0 q=0 len=98 frags=0 free_now=1855 sw_prod=194 hw_before(p=0 c=8) hw_after(p=1 c=16) first=0x06fe4782 first_stat=0x00a26fc0 last=0x06fe4782 last_stat=0x00a26fc0
[ 7829.335001] bcmgenet 12c00000.ethernet eth0: tc7200u tx submit ring=0 q=0 len=98 frags=0 free_now=1854 sw_prod=195 hw_before(p=0 c=8) hw_after(p=1 c=32) first=0x06fe4282 first_stat=0x00a26fc0 last=0x06fe4282 last_stat=0x00a26fc0
[ 7830.435011] bcmgenet 12c00000.ethernet eth0: tc7200u tx submit ring=0 q=0 len=98 frags=0 free_now=1853 sw_prod=196 hw_before(p=0 c=8) hw_after(p=1 c=48) first=0x06fe5182 first_stat=0x00a26fc0 last=0x06fe5182 last_stat=0x00a26fc0
[ 7831.507095] bcmgenet 12c00000.ethernet eth0: tc7200u tx submit ring=0 q=0 len=98 frags=0 free_now=1852 sw_prod=197 hw_before(p=0 c=8) hw_after(p=1 c=64) first=0x06fe5402 first_stat=0x00a26fc0 last=0x06fe5402 last_stat=0x00a26fc0
[ 7832.606497] bcmgenet 12c00000.ethernet eth0: tc7200u tx submit ring=0 q=0 len=98 frags=0 free_now=1851 sw_prod=198 hw_before(p=0 c=8) hw_after(p=1 c=80) first=0x06efaa02 first_stat=0x00a26fc0 last=0x06efaa02 last_stat=0x00a26fc0
[ 7833.705291] bcmgenet 12c00000.ethernet eth0: tc7200u tx submit ring=0 q=0 len=98 frags=0 free_now=1850 sw_prod=199 hw_before(p=0 c=8) hw_after(p=1 c=96) first=0x06efa002 first_stat=0x00a26fc0 last=0x06efa002 last_stat=0x00a26fc0
[ 7834.815099] bcmgenet 12c00000.ethernet eth0: tc7200u tx submit ring=0 q=0 len=98 frags=0 free_now=1849 sw_prod=200 hw_before(p=0 c=8) hw_after(p=1 c=112) first=0x06efb402 first_stat=0x00a26fc0 last=0x06efb402 last_stat=0x00a26fc0
[ 7835.917126] bcmgenet 12c00000.ethernet eth0: tc7200u tx submit ring=0 q=0 len=98 frags=0 free_now=1848 sw_prod=201 hw_before(p=0 c=8) hw_after(p=1 c=128) first=0x06efb182 first_stat=0x00a26fc0 last=0x06efb182 last_stat=0x00a26fc0
[ 7837.034258] bcmgenet 12c00000.ethernet eth0: tc7200u tx submit ring=0 q=0 len=98 frags=0 free_now=1847 sw_prod=202 hw_before(p=0 c=8) hw_after(p=1 c=144) first=0x06efa282 first_stat=0x00a26fc0 last=0x06efa282 last_stat=0x00a26fc0
[ 7838.117996] bcmgenet 12c00000.ethernet eth0: tc7200u tx submit ring=0 q=0 len=98 frags=0 free_now=1846 sw_prod=203 hw_before(p=0 c=8) hw_after(p=1 c=160) first=0x06efbb82 first_stat=0x00a26fc0 last=0x06efbb82 last_stat=0x00a26fc0
[ 7839.225434] bcmgenet 12c00000.ethernet eth0: tc7200u tx submit ring=0 q=0 len=98 frags=0 free_now=1845 sw_prod=204 hw_before(p=0 c=8) hw_after(p=1 c=176) first=0x06efa782 first_stat=0x00a26fc0 last=0x06efa782 last_stat=0x00a26fc0
[ 7840.306833] bcmgenet 12c00000.ethernet eth0: tc7200u tx submit ring=0 q=0 len=98 frags=0 free_now=1844 sw_prod=205 hw_before(p=0 c=8) hw_after(p=1 c=192) first=0x06efb682 first_stat=0x00a26fc0 last=0x06efb682 last_stat=0x00a26fc0
[ 7841.376196] bcmgenet 12c00000.ethernet eth0: tc7200u tx submit ring=0 q=0 len=98 frags=0 free_now=1843 sw_prod=206 hw_before(p=0 c=8) hw_after(p=1 c=208) first=0x06efb902 first_stat=0x00a26fc0 last=0x06efb902 last_stat=0x00a26fc0
[ 7842.456157] bcmgenet 12c00000.ethernet eth0: tc7200u tx submit ring=0 q=0 len=98 frags=0 free_now=1842 sw_prod=207 hw_before(p=0 c=8) hw_after(p=1 c=224) first=0x06efaf02 first_stat=0x00a26fc0 last=0x06efaf02 last_stat=0x00a26fc0
[ 7843.543380] bcmgenet 12c00000.ethernet eth0: tc7200u tx submit ring=0 q=0 len=98 frags=0 free_now=1841 sw_prod=208 hw_before(p=0 c=8) hw_after(p=1 c=240) first=0x06efa502 first_stat=0x00a26fc0 last=0x06efa502 last_stat=0x00a26fc0
[ 7844.652507] bcmgenet 12c00000.ethernet eth0: tc7200u tx submit ring=0 q=0 len=98 frags=0 free_now=1840 sw_prod=209 hw_before(p=0 c=8) hw_after(p=1 c=0) first=0x06efac82 first_stat=0x00a26fc0 last=0x06efac82 last_stat=0x00a26fc0
[ 7845.726470] bcmgenet 12c00000.ethernet eth0: tc7200u tx submit ring=0 q=0 len=98 frags=0 free_now=1839 sw_prod=210 hw_before(p=0 c=8) hw_after(p=1 c=16) first=0x06c05902 first_stat=0x00a26fc0 last=0x06c05902 last_stat=0x00a26fc0
[ 7863.492500] bcmgenet 12c00000.ethernet eth0: tc7200u tx submit ring=0 q=0 len=98 frags=0 free_now=1838 sw_prod=211 hw_before(p=0 c=8) hw_after(p=1 c=32) first=0x06c05402 first_stat=0x00a26fc0 last=0x06c05402 last_stat=0x00a26fc0
[ 7866.452727] bcmgenet 12c00000.ethernet eth0: tc7200u tx submit ring=0 q=0 len=98 frags=0 free_now=1837 sw_prod=212 hw_before(p=0 c=8) hw_after(p=1 c=48) first=0x06c04002 first_stat=0x00a26fc0 last=0x06c04002 last_stat=0x00a26fc0
[ 7869.332536] bcmgenet 12c00000.ethernet eth0: tc7200u tx submit ring=0 q=0 len=98 frags=0 free_now=1836 sw_prod=213 hw_before(p=0 c=8) hw_after(p=1 c=64) first=0x06c04c82 first_stat=0x00a26fc0 last=0x06c04c82 last_stat=0x00a26fc0
[ 7872.285969] bcmgenet 12c00000.ethernet eth0: tc7200u tx submit ring=0 q=0 len=98 frags=0 free_now=1835 sw_prod=214 hw_before(p=0 c=8) hw_after(p=1 c=80) first=0x06c04f02 first_stat=0x00a26fc0 last=0x06c04f02 last_stat=0x00a26fc0
[ 7875.198953] bcmgenet 12c00000.ethernet eth0: tc7200u tx submit ring=0 q=0 len=98 frags=0 free_now=1834 sw_prod=215 hw_before(p=0 c=8) hw_after(p=1 c=96) first=0x06c05b82 first_stat=0x00a26fc0 last=0x06c05b82 last_stat=0x00a26fc0
[ 7878.134088] bcmgenet 12c00000.ethernet eth0: tc7200u tx submit ring=0 q=0 len=98 frags=0 free_now=1833 sw_prod=216 hw_before(p=0 c=8) hw_after(p=1 c=112) first=0x06c04a02 first_stat=0x00a26fc0 last=0x06c04a02 last_stat=0x00a26fc0
[ 7881.174937] bcmgenet 12c00000.ethernet eth0: tc7200u tx submit ring=0 q=0 len=98 frags=0 free_now=1832 sw_prod=217 hw_before(p=0 c=8) hw_after(p=1 c=128) first=0x06c04282 first_stat=0x00a26fc0 last=0x06c04282 last_stat=0x00a26fc0
[ 7884.049424] bcmgenet 12c00000.ethernet eth0: tc7200u tx submit ring=0 q=0 len=98 frags=0 free_now=1831 sw_prod=218 hw_before(p=0 c=8) hw_after(p=1 c=144) first=0x06c05182 first_stat=0x00a26fc0 last=0x06c05182 last_stat=0x00a26fc0
[ 7886.479914] bcmgenet 12c00000.ethernet eth0: tc7200u tx submit ring=0 q=0 len=98 frags=0 free_now=1830 sw_prod=219 hw_before(p=0 c=8) hw_after(p=1 c=160) first=0x06c04782 first_stat=0x00a26fc0 last=0x06c04782 last_stat=0x00a26fc0
[ 7889.494895] bcmgenet 12c00000.ethernet eth0: tc7200u tx submit ring=0 q=0 len=98 frags=0 free_now=1829 sw_prod=220 hw_before(p=0 c=8) hw_after(p=1 c=176) first=0x06c05682 first_stat=0x00a26fc0 last=0x06c05682 last_stat=0x00a26fc0
[ 7892.434240] bcmgenet 12c00000.ethernet eth0: tc7200u tx submit ring=0 q=0 len=98 frags=0 free_now=1828 sw_prod=221 hw_before(p=0 c=8) hw_after(p=1 c=192) first=0x06fb0502 first_stat=0x00a26fc0 last=0x06fb0502 last_stat=0x00a26fc0
[ 7895.387145] bcmgenet 12c00000.ethernet eth0: tc7200u tx submit ring=0 q=0 len=98 frags=0 free_now=1827 sw_prod=222 hw_before(p=0 c=8) hw_after(p=1 c=208) first=0x06fb0f02 first_stat=0x00a26fc0 last=0x06fb0f02 last_stat=0x00a26fc0
[ 7898.335142] bcmgenet 12c00000.ethernet eth0: tc7200u tx submit ring=0 q=0 len=98 frags=0 free_now=1826 sw_prod=223 hw_before(p=0 c=8) hw_after(p=1 c=224) first=0x06fb0c82 first_stat=0x00a26fc0 last=0x06fb0c82 last_stat=0x00a26fc0
[ 7900.960371] bcmgenet 12c00000.ethernet eth0: tc7200u tx submit ring=0 q=0 len=98 frags=0 free_now=1825 sw_prod=224 hw_before(p=0 c=8) hw_after(p=1 c=240) first=0x06fb0a02 first_stat=0x00a26fc0 last=0x06fb0a02 last_stat=0x00a26fc0
[ 7903.903849] bcmgenet 12c00000.ethernet eth0: tc7200u tx submit ring=0 q=0 len=98 frags=0 free_now=1824 sw_prod=225 hw_before(p=0 c=8) hw_after(p=1 c=0) first=0x06fb1402 first_stat=0x00a26fc0 last=0x06fb1402 last_stat=0x00a26fc0
[ 7906.857217] bcmgenet 12c00000.ethernet eth0: tc7200u tx submit ring=0 q=0 len=98 frags=0 free_now=1823 sw_prod=226 hw_before(p=0 c=8) hw_after(p=1 c=16) first=0x06fb1b82 first_stat=0x00a26fc0 last=0x06fb1b82 last_stat=0x00a26fc0
[ 7909.824771] bcmgenet 12c00000.ethernet eth0: tc7200u tx submit ring=0 q=0 len=98 frags=0 free_now=1822 sw_prod=227 hw_before(p=0 c=8) hw_after(p=1 c=32) first=0x06fb0782 first_stat=0x00a26fc0 last=0x06fb0782 last_stat=0x00a26fc0
[ 7912.761072] bcmgenet 12c00000.ethernet eth0: tc7200u tx submit ring=0 q=0 len=98 frags=0 free_now=1821 sw_prod=228 hw_before(p=0 c=8) hw_after(p=1 c=48) first=0x06fb1182 first_stat=0x00a26fc0 last=0x06fb1182 last_stat=0x00a26fc0
[ 7915.726575] bcmgenet 12c00000.ethernet eth0: tc7200u tx submit ring=0 q=0 len=98 frags=0 free_now=1820 sw_prod=229 hw_before(p=0 c=8) hw_after(p=1 c=64) first=0x06fb0282 first_stat=0x00a26fc0 last=0x06fb0282 last_stat=0x00a26fc0
[ 7918.622493] bcmgenet 12c00000.ethernet eth0: tc7200u tx submit ring=0 q=0 len=98 frags=0 free_now=1819 sw_prod=230 hw_before(p=0 c=8) hw_after(p=1 c=80) first=0x06fb0002 first_stat=0x00a26fc0 last=0x06fb0002 last_stat=0x00a26fc0
[ 7921.568939] bcmgenet 12c00000.ethernet eth0: tc7200u tx submit ring=0 q=0 len=98 frags=0 free_now=1818 sw_prod=231 hw_before(p=0 c=8) hw_after(p=1 c=96) first=0x06fb1902 first_stat=0x00a26fc0 last=0x06fb1902 last_stat=0x00a26fc0
[ 7924.582441] bcmgenet 12c00000.ethernet eth0: tc7200u tx submit ring=0 q=0 len=98 frags=0 free_now=1817 sw_prod=232 hw_before(p=0 c=8) hw_after(p=1 c=112) first=0x06fb1682 first_stat=0x00a26fc0 last=0x06fb1682 last_stat=0x00a26fc0
[ 7927.200159] bcmgenet 12c00000.ethernet eth0: tc7200u tx submit ring=0 q=0 len=98 frags=0 free_now=1816 sw_prod=233 hw_before(p=0 c=8) hw_after(p=1 c=128) first=0x06f06282 first_stat=0x00a26fc0 last=0x06f06282 last_stat=0x00a26fc0
[ 7929.663649] bcmgenet 12c00000.ethernet eth0: tc7200u tx submit ring=0 q=0 len=98 frags=0 free_now=1815 sw_prod=234 hw_before(p=0 c=8) hw_after(p=1 c=144) first=0x06f07182 first_stat=0x00a26fc0 last=0x06f07182 last_stat=0x00a26fc0
[ 7932.613917] bcmgenet 12c00000.ethernet eth0: tc7200u tx submit ring=0 q=0 len=98 frags=0 free_now=1814 sw_prod=235 hw_before(p=0 c=8) hw_after(p=1 c=160) first=0x06f07682 first_stat=0x00a26fc0 last=0x06f07682 last_stat=0x00a26fc0
[ 7935.529493] bcmgenet 12c00000.ethernet eth0: tc7200u tx submit ring=0 q=0 len=98 frags=0 free_now=1813 sw_prod=236 hw_before(p=0 c=8) hw_after(p=1 c=176) first=0x06f06002 first_stat=0x00a26fc0 last=0x06f06002 last_stat=0x00a26fc0
[ 7938.474926] bcmgenet 12c00000.ethernet eth0: tc7200u tx submit ring=0 q=0 len=98 frags=0 free_now=1812 sw_prod=237 hw_before(p=0 c=8) hw_after(p=1 c=192) first=0x06f06782 first_stat=0x00a26fc0 last=0x06f06782 last_stat=0x00a26fc0
[ 7941.429364] bcmgenet 12c00000.ethernet eth0: tc7200u tx submit ring=0 q=0 len=98 frags=0 free_now=1811 sw_prod=238 hw_before(p=0 c=8) hw_after(p=1 c=208) first=0x06f07902 first_stat=0x00a26fc0 last=0x06f07902 last_stat=0x00a26fc0
[ 7944.003698] bcmgenet 12c00000.ethernet eth0: tc7200u tx submit ring=0 q=0 len=98 frags=0 free_now=1810 sw_prod=239 hw_before(p=0 c=8) hw_after(p=1 c=224) first=0x06f07b82 first_stat=0x00a26fc0 last=0x06f07b82 last_stat=0x00a26fc0
[ 7946.947207] bcmgenet 12c00000.ethernet eth0: tc7200u tx submit ring=0 q=0 len=98 frags=0 free_now=1809 sw_prod=240 hw_before(p=0 c=8) hw_after(p=1 c=240) first=0x06f06502 first_stat=0x00a26fc0 last=0x06f06502 last_stat=0x00a26fc0
[ 7949.970303] bcmgenet 12c00000.ethernet eth0: tc7200u tx submit ring=0 q=0 len=98 frags=0 free_now=1808 sw_prod=241 hw_before(p=0 c=8) hw_after(p=1 c=0) first=0x06f06c82 first_stat=0x00a26fc0 last=0x06f06c82 last_stat=0x00a26fc0
[ 7952.884815] bcmgenet 12c00000.ethernet eth0: tc7200u tx submit ring=0 q=0 len=98 frags=0 free_now=1807 sw_prod=242 hw_before(p=0 c=8) hw_after(p=1 c=16) first=0x06f07402 first_stat=0x00a26fc0 last=0x06f07402 last_stat=0x00a26fc0
[ 7955.748818] bcmgenet 12c00000.ethernet eth0: tc7200u tx submit ring=0 q=0 len=98 frags=0 free_now=1806 sw_prod=243 hw_before(p=0 c=8) hw_after(p=1 c=32) first=0x06f06a02 first_stat=0x00a26fc0 last=0x06f06a02 last_stat=0x00a26fc0
[ 7958.686076] bcmgenet 12c00000.ethernet eth0: tc7200u tx submit ring=0 q=0 len=98 frags=0 free_now=1805 sw_prod=244 hw_before(p=0 c=8) hw_after(p=1 c=48) first=0x06f06f02 first_stat=0x00a26fc0 last=0x06f06f02 last_stat=0x00a26fc0
[ 7961.643508] bcmgenet 12c00000.ethernet eth0: tc7200u tx submit ring=0 q=0 len=98 frags=0 free_now=1804 sw_prod=245 hw_before(p=0 c=8) hw_after(p=1 c=64) first=0x06c04502 first_stat=0x00a26fc0 last=0x06c04502 last_stat=0x00a26fc0
[ 7964.605597] bcmgenet 12c00000.ethernet eth0: tc7200u tx submit ring=0 q=0 len=98 frags=0 free_now=1803 sw_prod=246 hw_before(p=0 c=8) hw_after(p=1 c=80) first=0x06f67b82 first_stat=0x00a26fc0 last=0x06f67b82 last_stat=0x00a26fc0
[ 7967.548218] bcmgenet 12c00000.ethernet eth0: tc7200u tx submit ring=0 q=0 len=98 frags=0 free_now=1802 sw_prod=247 hw_before(p=0 c=8) hw_after(p=1 c=96) first=0x06f67902 first_stat=0x00a26fc0 last=0x06f67902 last_stat=0x00a26fc0
[ 7970.137118] bcmgenet 12c00000.ethernet eth0: tc7200u tx submit ring=0 q=0 len=98 frags=0 free_now=1801 sw_prod=248 hw_before(p=0 c=8) hw_after(p=1 c=112) first=0x06f67682 first_stat=0x00a26fc0 last=0x06f67682 last_stat=0x00a26fc0
[ 7972.654315] bcmgenet 12c00000.ethernet eth0: tc7200u tx submit ring=0 q=0 len=98 frags=0 free_now=1800 sw_prod=249 hw_before(p=0 c=8) hw_after(p=1 c=128) first=0x06f66002 first_stat=0x00a26fc0 last=0x06f66002 last_stat=0x00a26fc0
[ 7975.623264] bcmgenet 12c00000.ethernet eth0: tc7200u tx submit ring=0 q=0 len=98 frags=0 free_now=1799 sw_prod=250 hw_before(p=0 c=8) hw_after(p=1 c=144) first=0x06f66502 first_stat=0x00a26fc0 last=0x06f66502 last_stat=0x00a26fc0
[ 7998.322514] bcmgenet 12c00000.ethernet eth0: tc7200u tx submit ring=0 q=0 len=98 frags=0 free_now=1798 sw_prod=251 hw_before(p=0 c=8) hw_after(p=1 c=160) first=0x06f66c82 first_stat=0x00a26fc0 last=0x06f66c82 last_stat=0x00a26fc0
[ 7999.395629] bcmgenet 12c00000.ethernet eth0: tc7200u tx submit ring=0 q=0 len=98 frags=0 free_now=1797 sw_prod=252 hw_before(p=0 c=8) hw_after(p=1 c=176) first=0x06f66a02 first_stat=0x00a26fc0 last=0x06f66a02 last_stat=0x00a26fc0
[ 8000.503904] bcmgenet 12c00000.ethernet eth0: tc7200u tx submit ring=0 q=0 len=98 frags=0 free_now=1796 sw_prod=253 hw_before(p=0 c=8) hw_after(p=1 c=192) first=0x06f66f02 first_stat=0x00a26fc0 last=0x06f66f02 last_stat=0x00a26fc0
[ 8001.595018] bcmgenet 12c00000.ethernet eth0: tc7200u tx submit ring=0 q=0 len=98 frags=0 free_now=1795 sw_prod=254 hw_before(p=0 c=8) hw_after(p=1 c=208) first=0x06f66782 first_stat=0x00a26fc0 last=0x06f66782 last_stat=0x00a26fc0
[ 8002.695556] bcmgenet 12c00000.ethernet eth0: tc7200u tx submit ring=0 q=0 len=98 frags=0 free_now=1794 sw_prod=255 hw_before(p=0 c=8) hw_after(p=1 c=224) first=0x06f67402 first_stat=0x00a26fc0 last=0x06f67402 last_stat=0x00a26fc0
[ 8003.815542] bcmgenet 12c00000.ethernet eth0: tc7200u tx submit ring=0 q=0 len=98 frags=0 free_now=1793 sw_prod=0 hw_before(p=0 c=8) hw_after(p=1 c=240) first=0x06f66282 first_stat=0x00a26fc0 last=0x06f66282 last_stat=0x00a26fc0
[ 8004.905454] bcmgenet 12c00000.ethernet eth0: tc7200u tx submit ring=0 q=0 len=98 frags=0 free_now=1792 sw_prod=1 hw_before(p=0 c=8) hw_after(p=1 c=0) first=0x06f67182 first_stat=0x00a26fc0 last=0x06f67182 last_stat=0x00a26fc0
[ 8005.985537] bcmgenet 12c00000.ethernet eth0: tc7200u tx submit ring=0 q=0 len=98 frags=0 free_now=1791 sw_prod=2 hw_before(p=0 c=8) hw_after(p=1 c=16) first=0x06f8e282 first_stat=0x00a26fc0 last=0x06f8e282 last_stat=0x00a26fc0
[ 8007.093712] bcmgenet 12c00000.ethernet eth0: tc7200u tx submit ring=0 q=0 len=98 frags=0 free_now=1790 sw_prod=3 hw_before(p=0 c=8) hw_after(p=1 c=32) first=0x06f8f182 first_stat=0x00a26fc0 last=0x06f8f182 last_stat=0x00a26fc0
[ 8008.184611] bcmgenet 12c00000.ethernet eth0: tc7200u tx submit ring=0 q=0 len=98 frags=0 free_now=1789 sw_prod=4 hw_before(p=0 c=8) hw_after(p=1 c=48) first=0x06f8ea02 first_stat=0x00a26fc0 last=0x06f8ea02 last_stat=0x00a26fc0
[ 8009.270719] bcmgenet 12c00000.ethernet eth0: tc7200u tx submit ring=0 q=0 len=98 frags=0 free_now=1788 sw_prod=5 hw_before(p=0 c=8) hw_after(p=1 c=64) first=0x06f8e502 first_stat=0x00a26fc0 last=0x06f8e502 last_stat=0x00a26fc0
[ 8010.365862] bcmgenet 12c00000.ethernet eth0: tc7200u tx submit ring=0 q=0 len=98 frags=0 free_now=1787 sw_prod=6 hw_before(p=0 c=8) hw_after(p=1 c=80) first=0x06f8ef02 first_stat=0x00a26fc0 last=0x06f8ef02 last_stat=0x00a26fc0
[ 8011.456081] bcmgenet 12c00000.ethernet eth0: tc7200u tx submit ring=0 q=0 len=98 frags=0 free_now=1786 sw_prod=7 hw_before(p=0 c=8) hw_after(p=1 c=96) first=0x06f8f402 first_stat=0x00a26fc0 last=0x06f8f402 last_stat=0x00a26fc0
[ 8012.546695] bcmgenet 12c00000.ethernet eth0: tc7200u tx submit ring=0 q=0 len=98 frags=0 free_now=1785 sw_prod=8 hw_before(p=0 c=8) hw_after(p=1 c=112) first=0x06f8fb82 first_stat=0x00a26fc0 last=0x06f8fb82 last_stat=0x00a26fc0
[ 8013.614794] bcmgenet 12c00000.ethernet eth0: tc7200u tx submit ring=0 q=0 len=98 frags=0 free_now=1784 sw_prod=9 hw_before(p=0 c=8) hw_after(p=1 c=128) first=0x06f8f682 first_stat=0x00a26fc0 last=0x06f8f682 last_stat=0x00a26fc0
[ 8014.671078] bcmgenet 12c00000.ethernet eth0: tc7200u tx submit ring=0 q=0 len=98 frags=0 free_now=1783 sw_prod=10 hw_before(p=0 c=8) hw_after(p=1 c=144) first=0x06f8e002 first_stat=0x00a26fc0 last=0x06f8e002 last_stat=0x00a26fc0
[ 8015.743807] bcmgenet 12c00000.ethernet eth0: tc7200u tx submit ring=0 q=0 len=98 frags=0 free_now=1782 sw_prod=11 hw_before(p=0 c=8) hw_after(p=1 c=160) first=0x06f8ec82 first_stat=0x00a26fc0 last=0x06f8ec82 last_stat=0x00a26fc0
[ 8016.843079] bcmgenet 12c00000.ethernet eth0: tc7200u tx submit ring=0 q=0 len=98 frags=0 free_now=1781 sw_prod=12 hw_before(p=0 c=8) hw_after(p=1 c=176) first=0x06f8f902 first_stat=0x00a26fc0 last=0x06f8f902 last_stat=0x00a26fc0
[ 8017.924595] bcmgenet 12c00000.ethernet eth0: tc7200u tx submit ring=0 q=0 len=98 frags=0 free_now=1780 sw_prod=13 hw_before(p=0 c=8) hw_after(p=1 c=192) first=0x068f9b82 first_stat=0x00a26fc0 last=0x068f9b82 last_stat=0x00a26fc0
[ 8035.592953] bcmgenet 12c00000.ethernet eth0: tc7200u tx submit ring=0 q=0 len=98 frags=0 free_now=1779 sw_prod=14 hw_before(p=0 c=8) hw_after(p=1 c=208) first=0x068f8002 first_stat=0x00a26fc0 last=0x068f8002 last_stat=0x00a26fc0
[ 8038.946176] bcmgenet 12c00000.ethernet eth0: tc7200u tx submit ring=0 q=0 len=98 frags=0 free_now=1778 sw_prod=15 hw_before(p=0 c=8) hw_after(p=1 c=224) first=0x068f8f02 first_stat=0x00a26fc0 last=0x068f8f02 last_stat=0x00a26fc0
[ 8042.414995] bcmgenet 12c00000.ethernet eth0: tc7200u tx submit ring=0 q=0 len=98 frags=0 free_now=1777 sw_prod=16 hw_before(p=0 c=8) hw_after(p=1 c=240) first=0x068f9402 first_stat=0x00a26fc0 last=0x068f9402 last_stat=0x00a26fc0
[ 8046.024778] bcmgenet 12c00000.ethernet eth0: tc7200u tx submit ring=0 q=0 len=98 frags=0 free_now=1776 sw_prod=17 hw_before(p=0 c=8) hw_after(p=1 c=0) first=0x068f8a02 first_stat=0x00a26fc0 last=0x068f8a02 last_stat=0x00a26fc0
[ 8049.463990] bcmgenet 12c00000.ethernet eth0: tc7200u tx submit ring=0 q=0 len=98 frags=0 free_now=1775 sw_prod=18 hw_before(p=0 c=8) hw_after(p=1 c=16) first=0x068f8782 first_stat=0x00a26fc0 last=0x068f8782 last_stat=0x00a26fc0
[ 8052.856634] bcmgenet 12c00000.ethernet eth0: tc7200u tx submit ring=0 q=0 len=98 frags=0 free_now=1774 sw_prod=19 hw_before(p=0 c=8) hw_after(p=1 c=32) first=0x068f8502 first_stat=0x00a26fc0 last=0x068f8502 last_stat=0x00a26fc0
[ 8056.325510] bcmgenet 12c00000.ethernet eth0: tc7200u tx submit ring=0 q=0 len=98 frags=0 free_now=1773 sw_prod=20 hw_before(p=0 c=8) hw_after(p=1 c=48) first=0x068f9682 first_stat=0x00a26fc0 last=0x068f9682 last_stat=0x00a26fc0
[ 8059.825067] bcmgenet 12c00000.ethernet eth0: tc7200u tx submit ring=0 q=0 len=98 frags=0 free_now=1772 sw_prod=21 hw_before(p=0 c=8) hw_after(p=1 c=64) first=0x068f8c82 first_stat=0x00a26fc0 last=0x068f8c82 last_stat=0x00a26fc0
[ 8063.219206] bcmgenet 12c00000.ethernet eth0: tc7200u tx submit ring=0 q=0 len=98 frags=0 free_now=1771 sw_prod=22 hw_before(p=0 c=8) hw_after(p=1 c=80) first=0x068f9902 first_stat=0x00a26fc0 last=0x068f9902 last_stat=0x00a26fc0
[ 8066.065200] bcmgenet 12c00000.ethernet eth0: tc7200u tx submit ring=0 q=0 len=98 frags=0 free_now=1770 sw_prod=23 hw_before(p=0 c=8) hw_after(p=1 c=96) first=0x068f9182 first_stat=0x00a26fc0 last=0x068f9182 last_stat=0x00a26fc0
[ 8069.164299] bcmgenet 12c00000.ethernet eth0: tc7200u tx submit ring=0 q=0 len=98 frags=0 free_now=1769 sw_prod=24 hw_before(p=0 c=8) hw_after(p=1 c=112) first=0x06f8e782 first_stat=0x00a26fc0 last=0x06f8e782 last_stat=0x00a26fc0
[ 8072.008205] bcmgenet 12c00000.ethernet eth0: tc7200u tx submit ring=0 q=0 len=98 frags=0 free_now=1768 sw_prod=25 hw_before(p=0 c=8) hw_after(p=1 c=128) first=0x06df3902 first_stat=0x00a26fc0 last=0x06df3902 last_stat=0x00a26fc0
[ 8074.986770] bcmgenet 12c00000.ethernet eth0: tc7200u tx submit ring=0 q=0 len=98 frags=0 free_now=1767 sw_prod=26 hw_before(p=0 c=8) hw_after(p=1 c=144) first=0x06df3b82 first_stat=0x00a26fc0 last=0x06df3b82 last_stat=0x00a26fc0
[ 8077.900110] bcmgenet 12c00000.ethernet eth0: tc7200u tx submit ring=0 q=0 len=98 frags=0 free_now=1766 sw_prod=27 hw_before(p=0 c=8) hw_after(p=1 c=160) first=0x06df2002 first_stat=0x00a26fc0 last=0x06df2002 last_stat=0x00a26fc0
[ 8080.423330] bcmgenet 12c00000.ethernet eth0: tc7200u tx submit ring=0 q=0 len=98 frags=0 free_now=1765 sw_prod=28 hw_before(p=0 c=8) hw_after(p=1 c=176) first=0x06df2782 first_stat=0x00a26fc0 last=0x06df2782 last_stat=0x00a26fc0
[ 8083.363778] bcmgenet 12c00000.ethernet eth0: tc7200u tx submit ring=0 q=0 len=98 frags=0 free_now=1764 sw_prod=29 hw_before(p=0 c=8) hw_after(p=1 c=192) first=0x06df3182 first_stat=0x00a26fc0 last=0x06df3182 last_stat=0x00a26fc0
[ 8086.384521] bcmgenet 12c00000.ethernet eth0: tc7200u tx submit ring=0 q=0 len=98 frags=0 free_now=1763 sw_prod=30 hw_before(p=0 c=8) hw_after(p=1 c=208) first=0x06df2282 first_stat=0x00a26fc0 last=0x06df2282 last_stat=0x00a26fc0
[ 8089.283719] bcmgenet 12c00000.ethernet eth0: tc7200u tx submit ring=0 q=0 len=98 frags=0 free_now=1762 sw_prod=31 hw_before(p=0 c=8) hw_after(p=1 c=224) first=0x06df3402 first_stat=0x00a26fc0 last=0x06df3402 last_stat=0x00a26fc0
[ 8092.182406] bcmgenet 12c00000.ethernet eth0: tc7200u tx submit ring=0 q=0 len=98 frags=0 free_now=1761 sw_prod=32 hw_before(p=0 c=8) hw_after(p=1 c=240) first=0x06df2a02 first_stat=0x00a26fc0 last=0x06df2a02 last_stat=0x00a26fc0
[ 8095.106973] bcmgenet 12c00000.ethernet eth0: tc7200u tx submit ring=0 q=0 len=98 frags=0 free_now=1760 sw_prod=33 hw_before(p=0 c=8) hw_after(p=1 c=0) first=0x06df2c82 first_stat=0x00a26fc0 last=0x06df2c82 last_stat=0x00a26fc0
[ 8097.999574] bcmgenet 12c00000.ethernet eth0: tc7200u tx submit ring=0 q=0 len=98 frags=0 free_now=1759 sw_prod=34 hw_before(p=0 c=8) hw_after(p=1 c=16) first=0x06df2f02 first_stat=0x00a26fc0 last=0x06df2f02 last_stat=0x00a26fc0
[ 8100.934712] bcmgenet 12c00000.ethernet eth0: tc7200u tx submit ring=0 q=0 len=98 frags=0 free_now=1758 sw_prod=35 hw_before(p=0 c=8) hw_after(p=1 c=32) first=0x06df2502 first_stat=0x00a26fc0 last=0x06df2502 last_stat=0x00a26fc0
[ 8103.855345] bcmgenet 12c00000.ethernet eth0: tc7200u tx submit ring=0 q=0 len=98 frags=0 free_now=1757 sw_prod=36 hw_before(p=0 c=8) hw_after(p=1 c=48) first=0x06df3682 first_stat=0x00a26fc0 last=0x06df3682 last_stat=0x00a26fc0
[ 8106.844870] bcmgenet 12c00000.ethernet eth0: tc7200u tx submit ring=0 q=0 len=98 frags=0 free_now=1756 sw_prod=37 hw_before(p=0 c=8) hw_after(p=1 c=64) first=0x06f18c82 first_stat=0x00a26fc0 last=0x06f18c82 last_stat=0x00a26fc0
[ 8108.934864] bcmgenet 12c00000.ethernet eth0: tc7200u tx submit ring=0 q=0 len=98 frags=0 freec00000.ethernet eth0: tc7200u tx submit ring=0 q=0 len=98 frags=0 free_now=1754 sw_prod=39 hw_before(p=0 c=8) hw_after(p=1 c=96) first=0x06f19902 first_stat=0x00a26fc0 last=0x06f19902 last_stat=0x00a26fc0
[ 8114.995381] bcmgenet 12c00000.ethernet eth0: tc7200u tx submit ring=0 q=0 len=98 frags=0 free_now=1753 sw_prod=40 hw_before(p=0 c=8) hw_after(p=1 c=112) first=0x06f19b82 first_stat=0x00a26fc0 last=0x06f19b82 last_stat=0x00a26fc0
[ 8117.925268] bcmgenet 12c00000.ethernet eth0: tc7200u tx submit ring=0 q=0 len=98 frags=0 free_now=1752 sw_prod=41 hw_before(p=0 c=8) hw_after(p=1 c=128) first=0x06f18502 first_stat=0x00a26fc0 last=0x06f18502 last_stat=0x00a26fc0
[ 8120.887245] bcmgenet 12c00000.ethernet eth0: tc7200u tx submit ring=0 q=0 len=98 frags=0 free_now=1751 sw_prod=42 hw_before(p=0 c=8) hw_after(p=1 c=144) first=0x06f18782 first_stat=0x00a26fc0 last=0x06f18782 last_stat=0x00a26fc0
[ 8123.366069] bcmgenet 12c00000.ethernet eth0: tc7200u tx submit ring=0 q=0 len=98 frags=0 free_now=1750 sw_prod=43 hw_before(p=0 c=8) hw_after(p=1 c=160) first=0x06f18002 first_stat=0x00a26fc0 last=0x06f18002 last_stat=0x00a26fc0
[ 8126.337171] bcmgenet 12c00000.ethernet eth0: tc7200u tx submit ring=0 q=0 len=98 frags=0 free_now=1749 sw_prod=44 hw_before(p=0 c=8) hw_after(p=1 c=176) first=0x06f19182 first_stat=0x00a26fc0 last=0x06f19182 last_stat=0x00a26fc0
[ 8129.440903] bcmgenet 12c00000.ethernet eth0: tc7200u tx submit ring=0 q=0 len=98 frags=0 free_now=1748 sw_prod=45 hw_before(p=0 c=8) hw_after(p=1 c=192) first=0x06f18282 first_stat=0x00a26fc0 last=0x06f18282 last_stat=0x00a26fc0
[ 8132.378809] bcmgenet 12c00000.ethernet eth0: tc7200u tx submit ring=0 q=0 len=98 frags=0 free_now=1747 sw_prod=46 hw_before(p=0 c=8) hw_after(p=1 c=208) first=0x06f19402 first_stat=0x00a26fc0 last=0x06f19402 last_stat=0x00a26fc0
[ 8135.254462] bcmgenet 12c00000.ethernet eth0: tc7200u tx submit ring=0 q=0 len=98 frags=0 free_now=1746 sw_prod=47 hw_before(p=0 c=8) hw_after(p=1 c=224) first=0x06f18a02 first_stat=0x00a26fc0 last=0x06f18a02 last_stat=0x00a26fc0
[ 8138.221076] bcmgenet 12c00000.ethernet eth0: tc7200u tx submit ring=0 q=0 len=98 frags=0 free_now=1745 sw_prod=48 hw_before(p=0 c=8) hw_after(p=1 c=240) first=0x06f18f02 first_stat=0x00a26fc0 last=0x06f18f02 last_stat=0x00a26fc0
[ 8141.127720] bcmgenet 12c00000.ethernet eth0: tc7200u tx submit ring=0 q=0 len=98 frags=0 free_now=1744 sw_prod=49 hw_before(p=0 c=8) hw_after(p=1 c=0) first=0x068f8282 first_stat=0x00a26fc0 last=0x068f8282 last_stat=0x00a26fc0
[ 8144.113811] bcmgenet 12c00000.ethernet eth0: tc7200u tx submit ring=0 q=0 len=98 frags=0 free_now=1743 sw_prod=50 hw_before(p=0 c=8) hw_after(p=1 c=16) first=0x06f9aa02 first_stat=0x00a26fc0 last=0x06f9aa02 last_stat=0x00a26fc0
[ 8147.033280] bcmgenet 12c00000.ethernet eth0: tc7200u tx submit ring=0 q=0 len=98 frags=0 free_now=1742 sw_prod=51 hw_before(p=0 c=8) hw_after(p=1 c=32) first=0x06f9af02 first_stat=0x00a26fc0 last=0x06f9af02 last_stat=0x00a26fc0
[ 8149.907033] bcmgenet 12c00000.ethernet eth0: tc7200u tx submit ring=0 q=0 len=98 frags=0 free_now=1741 sw_prod=52 hw_before(p=0 c=8) hw_after(p=1 c=48) first=0x06f9ac82 first_stat=0x00a26fc0 last=0x06f9ac82 last_stat=0x00a26fc0
[ 8152.004773] bcmgenet 12c00000.ethernet eth0: tc7200u tx submit ring=0 q=0 len=98 frags=0 free_now=1740 sw_prod=53 hw_before(p=0 c=8) hw_after(p=1 c=64) first=0x06f9a502 first_stat=0x00a26fc0 last=0x06f9a502 last_stat=0x00a26fc0
root@OpenWrt:~# 
root@OpenWrt:~# 
root@OpenWrt:~# 
root@OpenWrt:~# echo "=== done ==="
=== done ===
root@OpenWrt:~# 
root@OpenWrt:~# 