²ë¢”–Ä‘WY¶â÷¼EY’
root@(none):~# [  696.610020] urngd: v1.0.2 started.
root@OpenWrt:~# 
root@OpenWrt:~# ip addr flush dev br-lan 2>/dev/null || true
root@OpenWrt:~# 
root@OpenWrt:~# ip addr flush dev eth0
root@OpenWrt:~# 
root@OpenWrt:~# ip addr add 192.168.77.1/24 dev eth0
root@OpenWrt:~# 
root@OpenWrt:~# ip link set eth0 up
[  770.717897] bcmgenet 12c00000.ethernet: configuring instance for external RGMII (no delay)
[  771.067757] bcmgenet 12c00000.ethernet eth0: Link is Up - 1Gbps/Full - flow control off
[  771.372847] bcmgenet 12c00000.ethernet eth0: tc7200u tx submit ring=0 q=0 len=130 frags=0 free_now=255 sw_prod=9 hw_before(p=0 c=8) hw_after(p=1 c=128) first=0x06e03002 first_stat=0x00c26fc0 last=0x06e03002 last_stat=0x00c26fc0
[  772.095492] bcmgenet 12c00000.ethernet eth0: tc7200u tx submit ring=0 q=0 len=86 frags=0 free_now=254 sw_prod=10 hw_before(p=0 c=8) hw_after(p=1 c=144) first=0x068f9902 first_stat=0x00966fc0 last=0x068f9902 last_stat=0x00966fc0
[  772.397156] bcmgenet 12c00000.ethernet eth0: tc7200u tx submit ring=0 q=0 len=130 frags=0 free_now=253 sw_prod=11 hw_before(p=0 c=8) hw_after(p=1 c=160) first=0x06e02802 first_stat=0x00c26fc0 last=0x06e02802 last_stat=0x00c26fc0
root@OpenWrt:~# 
root@OpenWrt:~# i[  773.133242] bcmgenet 12c00000.ethernet eth0: tc7200u tx submit ring=0 q=0 len=150 frags=0 free_now=252 sw_prod=12 hw_before(p=0 c=8) hw_after(p=1 c=176) first=0x06e03802 first_stat=0x00d66fc0 last=0x06e03802 last_stat=0x00d66fc0
p[  773.224577] bcmgenet 12c00000.ethernet eth0: tc7200u tx submit ring=0 q=0 len=90 frags=0 free_now=251 sw_prod=13 hw_before(p=0 c=8) hw_after(p=1 c=192) first=0x06e02002 first_stat=0x009a6fc0 last=0x06e02002 last_stat=0x009a6fc0
 route[  773.484425] bcmgenet 12c00000.ethernet eth0: tc7200u tx submit ring=0 q=0 len=150 frags=0 free_now=250 sw_prod=14 hw_before(p=0 c=8) hw_after(p=1 c=208) first=0x06e00002 first_stat=0x00d66fc0 last=0x06e00002 last_stat=0x00d66fc0
 replace 192.1[  774.239939] bcmgenet 12c00000.ethernet eth0: tc7200u tx submit ring=0 q=0 len=90 frags=0 free_now=249 sw_prod=15 hw_before(p=0 c=8) hw_after(p=1 c=224) first=0x06e01002 first_stat=0x009a6fc0 last=0x06e01002 last_stat=0x009a6fc0
68.77.0/24 dev eth0
root@OpenWrt:~# 
root@OpenWrt:~# 
root@OpenWrt:~# 
root@OpenWrt:~# echo "=== hold bridge detach in background ==="
=== hold bridge detach in background ===
root@OpenWrt:~# 
root@OpenWrt:~# (
> 
>   while :; do
> 
>     hold_detach
> 
>     sleep 2
> 
>   done
> 
> ) &
root@OpenWrt:~# 
root@OpenWrt:~# DETACH_PID=$!
root@OpenWrt:~# 
root@OpenWrt:~# trap 'kill "$DETACH_PID" 2>/dev/null || true' EXIT
root@OpenWrt:~# 
root@OpenWrt:~# 
root@OpenWrt:~# 
root@OpenWrt:~# echo "=== force 10/half autoneg off ==="
=== force 10/half autoneg off ===
root@OpenWrt:~# 
root@OpenWrt:~# command -v ethtool >/dev/null 2>&1 && ethtool -s eth0 speed 10 d
uplex half autoneg off || true
[  796.244156] bcmgenet 12c00000.ethernet eth0: Link is Up - 10Mbps/Half - flow control off
root@OpenWrt:~# 
root@OpenWrt:~# sleep 2
root@OpenWrt:~# 
root@OpenWrt:~# command -v ethtool >/dev/null 2>&1 && ethtool eth0 || true
Settings for eth0:
	Supported ports: [ TP MII ]
	Supported link modes:   1000baseT/Full 
	Supported pause frame use: Symmetric Receive-only
	Supports auto-negotiation: Yes
	Supported FEC modes: Not reported
	Advertised link modes:  Not reported
	Advertised pause frame use: Symmetric Receive-only
	Advertised auto-negotiation: No
	Advertised FEC modes: Not reported
	Speed: 10Mb/s
	Duplex: Half
	Port: MII
	PHYAD: 0
	Transceiver: external
	Auto-negotiation: off
	Supports Wake-on: d
	Wake-on: d
	Current message level: 0x00000007 (7)
			       drv probe link
	Link detected: yes
root@OpenWrt:~# 
root@OpenWrt:~# 
root@OpenWrt:~# 
root@OpenWrt:~# OWRT_MAC="$(cat /sys/class/net/eth0/address 2>/dev/null || echo 
unknown)"
root@OpenWrt:~# 
root@OpenWrt:~# echo "=== owrt eth0 mac ==="
=== owrt eth0 mac ===
root@OpenWrt:~# 
root@OpenWrt:~# echo "$OWRT_MAC"
32:85:9a:5d:b3:cc
root@OpenWrt:~# 
root@OpenWrt:~# echo "Use this MAC in Windows script parameter -OwrtMac."
Use this MAC in Windows script parameter -OwrtMac.
root@OpenWrt:~# 
root@OpenWrt:~# 
root@OpenWrt:~# 
root@OpenWrt:~# # Keep ARP out of the dataplane question.
root@OpenWrt:~# 
root@OpenWrt:~# ip neigh replace 192.168.77.2 lladdr bc:ec:a0:2d:6c:9b nud perma
nent dev eth0
root@OpenWrt:~# 
root@OpenWrt:~# 
root@OpenWrt:~# 
root@OpenWrt:~# echo "=== pre ==="
=== pre ===
root@OpenWrt:~# 
root@OpenWrt:~# date
Thu Jan  1 00:13:53 GMT 1970
root@OpenWrt:~# 
root@OpenWrt:~# ip -d link show dev eth0
2: [1;36meth0: [0m<BROADCAST,MULTICAST,UP,LOWER_UP> mtu 1500 qdisc mq state [1;32mUP [0mmode DEFAULT group default qlen 1000
    link/ether [1;33m32:85:9a:5d:b3:cc[0m brd [1;33mff:ff:ff:ff:ff:ff[0m promiscuity 0 allmulti 0 minmtu 68 maxmtu 1500 addrgenmode eui64 numtxqueues 5 numrxqueues 5 gso_max_size 65536 gso_max_segs 65535 tso_max_size 65536 tso_max_segs 65535 gro_max_size 65536 gso_ipv4_max_size 65536 gro_ipv4_max_size 65536 parentbus platform parentdev 12c00000.ethernet 
root@OpenWrt:~# 
root@OpenWrt:~# ip -s link show dev eth0
2: [1;36meth0: [0m<BROADCAST,MULTICAST,UP,LOWER_UP> mtu 1500 qdisc mq state [1;32mUP [0mmode DEFAULT group default qlen 1000
    link/ether [1;33m32:85:9a:5d:b3:cc[0m brd [1;33mff:ff:ff:ff:ff:ff[0m
    RX:  bytes packets errors dropped  missed   mcast           
             0       0      0       0       0       0 
    TX:  bytes packets errors dropped carrier collsns           
          1629       8      9       0       0       0 
root@OpenWrt:~# 
root@OpenWrt:~# ip neigh show dev eth0 || true
[1;35m192.168.77.2 [0mlladdr [1;33mbc:ec:a0:2d:6c:9b [0mPERMANENT 
root@OpenWrt:~# 
root@OpenWrt:~# cat /proc/net/arp || true
IP address       HW type     Flags       HW address            Mask     Device
192.168.77.2     0x1         0x6         bc:ec:a0:2d:6c:9b     *        eth0
root@OpenWrt:~# 
root@OpenWrt:~# cat /proc/interrupts | grep -Ei ' 64:| 66:|ERR'
 64:       2211  periph_intc@14e00048  64  eth0
 66:          0  periph_intc@14e00048  66  eth0
ERR:      16252
root@OpenWrt:~# 
root@OpenWrt:~# dump 0x12c03804
0x12c03804 = 0x00000001
root@OpenWrt:~# 
root@OpenWrt:~# dump 0x12c03808
0x12c03808 = 0x00000001
root@OpenWrt:~# 
root@OpenWrt:~# dump 0x12c03c44
0x12c03c44 = 0x00000001
root@OpenWrt:~# 
root@OpenWrt:~# dump 0x12c02c44
0x12c02c44 = 0x00000001
root@OpenWrt:~# 
root@OpenWrt:~# 
root@OpenWrt:~# 
root@OpenWrt:~# echo "=== phase1 fill tx ring (time-bounded 90s) ==="
=== phase1 fill tx ring (time-bounded 90s) ===
root@OpenWrt:~# 
root@OpenWrt:~# date
Thu Jan  1 00:14:37 GMT 1970
root@OpenWrt:~# 
root@OpenWrt:~# if command -v timeout >/dev/null 2>&1; then
> 
>   timeout 90 ping -I eth0 -f 192.168.77.2 >/dev/null 2>&1 || true
> 
> else
> 
>   ping -I eth0 -f -c 1000 192.168.77.2 >/dev/null 2>&1 || true
> 
> fi
root@OpenWrt:~# 
root@OpenWrt:~# sleep 6
root@OpenWrt:~# 
root@OpenWrt:~# 
root@OpenWrt:~# 
root@OpenWrt:~# echo "=== post1 ==="
=== post1 ===
root@OpenWrt:~# 
root@OpenWrt:~# date
Thu Jan  1 00:15:02 GMT 1970
root@OpenWrt:~# 
root@OpenWrt:~# hold_detach
root@OpenWrt:~# 
root@OpenWrt:~# ip -d link show dev eth0
2: [1;36meth0: [0m<BROADCAST,MULTICAST,UP,LOWER_UP> mtu 1500 qdisc mq state [1;32mUP [0mmode DEFAULT group default qlen 1000
    link/ether [1;33m32:85:9a:5d:b3:cc[0m brd [1;33mff:ff:ff:ff:ff:ff[0m promiscuity 0 allmulti 0 minmtu 68 maxmtu 1500 addrgenmode eui64 numtxqueues 5 numrxqueues 5 gso_max_size 65536 gso_max_segs 65535 tso_max_size 65536 tso_max_segs 65535 gro_max_size 65536 gso_ipv4_max_size 65536 gro_ipv4_max_size 65536 parentbus platform parentdev 12c00000.ethernet 
root@OpenWrt:~# 
root@OpenWrt:~# ip -s link show dev eth0
2: [1;36meth0: [0m<BROADCAST,MULTICAST,UP,LOWER_UP> mtu 1500 qdisc mq state [1;32mUP [0mmode DEFAULT group default qlen 1000
    link/ether [1;33m32:85:9a:5d:b3:cc[0m brd [1;33mff:ff:ff:ff:ff:ff[0m
    RX:  bytes packets errors dropped  missed   mcast           
             0       0      0       0       0       0 
    TX:  bytes packets errors dropped carrier collsns           
          1629       8      9       0       0       0 
root@OpenWrt:~# 
root@OpenWrt:~# ip neigh show dev eth0 || true
[1;35m192.168.77.2 [0mlladdr [1;33mbc:ec:a0:2d:6c:9b [0mPERMANENT 
root@OpenWrt:~# 
root@OpenWrt:~# cat /proc/net/arp || true
IP address       HW type     Flags       HW address            Mask     Device
192.168.77.2     0x1         0x6         bc:ec:a0:2d:6c:9b     *        eth0
root@OpenWrt:~# 
root@OpenWrt:~# cat /proc/interrupts | grep -Ei ' 64:| 66:|ERR'
 64:       3484  periph_intc@14e00048  64  eth0
 66:          0  periph_intc@14e00048  66  eth0
ERR:      19771
root@OpenWrt:~# 
root@OpenWrt:~# dump 0x12c03804
0x12c03804 = 0x00000001
root@OpenWrt:~# 
root@OpenWrt:~# dump 0x12c03808
0x12c03808 = 0x00000001
root@OpenWrt:~# 
root@OpenWrt:~# dump 0x12c03c44
0x12c03c44 = 0x00000001
root@OpenWrt:~# 
root@OpenWrt:~# dump 0x12c02c44
0x12c02c44 = 0x00000001
root@OpenWrt:~# 
root@OpenWrt:~# 
root@OpenWrt:~# 
root@OpenWrt:~# echo "=== phase2 host->router rx window (60s) ==="
=== phase2 host->router rx window (60s) ===
root@OpenWrt:~# 
root@OpenWrt:~# date
Thu Jan  1 00:16:55 GMT 1970
root@OpenWrt:~# 
root@OpenWrt:~# sleep 60
root@OpenWrt:~# 
root@OpenWrt:~# 
root@OpenWrt:~# 
root@OpenWrt:~# echo "=== post2 ==="
=== post2 ===
root@OpenWrt:~# 
root@OpenWrt:~# date
Thu Jan  1 00:18:03 GMT 1970
root@OpenWrt:~# 
root@OpenWrt:~# hold_detach
root@OpenWrt:~# 
root@OpenWrt:~# ip -d link show dev eth0
2: [1;36meth0: [0m<BROADCAST,MULTICAST,UP,LOWER_UP> mtu 1500 qdisc mq state [1;32mUP [0mmode DEFAULT group default qlen 1000
    link/ether [1;33m32:85:9a:5d:b3:cc[0m brd [1;33mff:ff:ff:ff:ff:ff[0m promiscuity 0 allmulti 0 minmtu 68 maxmtu 1500 addrgenmode eui64 numtxqueues 5 numrxqueues 5 gso_max_size 65536 gso_max_segs 65535 tso_max_size 65536 tso_max_segs 65535 gro_max_size 65536 gso_ipv4_max_size 65536 gro_ipv4_max_size 65536 parentbus platform parentdev 12c00000.ethernet 
root@OpenWrt:~# 
root@OpenWrt:~# ip -s link show dev eth0
2: [1;36meth0: [0m<BROADCAST,MULTICAST,UP,LOWER_UP> mtu 1500 qdisc mq state [1;32mUP [0mmode DEFAULT group default qlen 1000
    link/ether [1;33m32:85:9a:5d:b3:cc[0m brd [1;33mff:ff:ff:ff:ff:ff[0m
    RX:  bytes packets errors dropped  missed   mcast           
             0       0      0       0       0       0 
    TX:  bytes packets errors dropped carrier collsns           
          1629       8      9       0       0       0 
root@OpenWrt:~# 
root@OpenWrt:~# ip neigh show dev eth0 || true
[1;35m192.168.77.2 [0mlladdr [1;33mbc:ec:a0:2d:6c:9b [0mPERMANENT 
root@OpenWrt:~# 
root@OpenWrt:~# cat /proc/net/arp || true
IP address       HW type     Flags       HW address            Mask     Device
192.168.77.2     0x1         0x6         bc:ec:a0:2d:6c:9b     *        eth0
root@OpenWrt:~# 
root@OpenWrt:~# cat /proc/interrupts | grep -Ei ' 64:| 66:|ERR'
 64:       4357  periph_intc@14e00048  64  eth0
 66:          0  periph_intc@14e00048  66  eth0
ERR:      22165
root@OpenWrt:~# 
root@OpenWrt:~# dump 0x12c03804
0x12c03804 = 0x00000001
root@OpenWrt:~# 
root@OpenWrt:~# dump 0x12c03808
0x12c03808 = 0x00000001
root@OpenWrt:~# 
root@OpenWrt:~# dump 0x12c03c44
0x12c03c44 = 0x00000001
root@OpenWrt:~# 
root@OpenWrt:~# dump 0x12c02c44
0x12c02c44 = 0x00000001
root@OpenWrt:~# 
root@OpenWrt:~# 
root@OpenWrt:~# 
root@OpenWrt:~# echo "=== watchdog block ==="
=== watchdog block ===
root@OpenWrt:~# 
root@OpenWrt:~# dmesg | grep -A8 -E 'NETDEV WATCHDOG|Ring 0 queue 0 status summa
ry' | tail -n 500
root@OpenWrt:~# 
root@OpenWrt:~# 
root@OpenWrt:~# 
root@OpenWrt:~# echo "=== tx tail ==="
=== tx tail ===
root@OpenWrt:~# 
root@OpenWrt:~# dmesg | grep -E 'tc7200u tx submit' | tail -n 360
[  771.372847] bcmgenet 12c00000.ethernet eth0: tc7200u tx submit ring=0 q=0 len=130 frags=0 free_now=255 sw_prod=9 hw_before(p=0 c=8) hw_after(p=1 c=128) first=0x06e03002 first_stat=0x00c26fc0 last=0x06e03002 last_stat=0x00c26fc0
[  772.095492] bcmgenet 12c00000.ethernet eth0: tc7200u tx submit ring=0 q=0 len=86 frags=0 free_now=254 sw_prod=10 hw_before(p=0 c=8) hw_after(p=1 c=144) first=0x068f9902 first_stat=0x00966fc0 last=0x068f9902 last_stat=0x00966fc0
[  772.397156] bcmgenet 12c00000.ethernet eth0: tc7200u tx submit ring=0 q=0 len=130 frags=0 free_now=253 sw_prod=11 hw_before(p=0 c=8) hw_after(p=1 c=160) first=0x06e02802 first_stat=0x00c26fc0 last=0x06e02802 last_stat=0x00c26fc0
[  773.133242] bcmgenet 12c00000.ethernet eth0: tc7200u tx submit ring=0 q=0 len=150 frags=0 free_now=252 sw_prod=12 hw_before(p=0 c=8) hw_after(p=1 c=176) first=0x06e03802 first_stat=0x00d66fc0 last=0x06e03802 last_stat=0x00d66fc0
[  773.224577] bcmgenet 12c00000.ethernet eth0: tc7200u tx submit ring=0 q=0 len=90 frags=0 free_now=251 sw_prod=13 hw_before(p=0 c=8) hw_after(p=1 c=192) first=0x06e02002 first_stat=0x009a6fc0 last=0x06e02002 last_stat=0x009a6fc0
[  773.484425] bcmgenet 12c00000.ethernet eth0: tc7200u tx submit ring=0 q=0 len=150 frags=0 free_now=250 sw_prod=14 hw_before(p=0 c=8) hw_after(p=1 c=208) first=0x06e00002 first_stat=0x00d66fc0 last=0x06e00002 last_stat=0x00d66fc0
[  774.239939] bcmgenet 12c00000.ethernet eth0: tc7200u tx submit ring=0 q=0 len=90 frags=0 free_now=249 sw_prod=15 hw_before(p=0 c=8) hw_after(p=1 c=224) first=0x06e01002 first_stat=0x009a6fc0 last=0x06e01002 last_stat=0x009a6fc0
root@OpenWrt:~# 
root@OpenWrt:~# 
root@OpenWrt:~# 
root@OpenWrt:~# echo "=== done ==="
=== done ===
root@OpenWrt:~# 
root@OpenWrt:~# 
root@OpenWrt:~# 