root@OpenWrt:~# 
root@OpenWrt:~# sleep 2
root@OpenWrt:~# 
root@OpenWrt:~# 
root@OpenWrt:~# 
root@OpenWrt:~# hold_detach
root@OpenWrt:~# 
root@OpenWrt:~# ip addr flush dev br-lan 2>/dev/null || true
root@OpenWrt:~# 
root@OpenWrt:~# ip addr flush dev eth0
root@OpenWrt:~# 
root@OpenWrt:~# ip addr add 192.168.77.1/24 dev eth0
root@OpenWrt:~# 
root@OpenWrt:~# ip link set eth0 up
root@OpenWrt:~# 
root@OpenWrt:~# ip route replace 192.168.77.0/24 dev eth0
root@OpenWrt:~# 
root@OpenWrt:~# 
root@OpenWrt:~# 
root@OpenWrt:~# echo "=== hold bridge detach in background ==="
=== hold bridge detach in background ===
root@OpenWrt:~# 
root@OpenWrt:~# (
> 
>   while :; do
> 
>     hold_detach
> 
>     sleep 2
> 
>   done
> 
> ) &
root@OpenWrt:~# 
root@OpenWrt:~# DETACH_PID=$!
root@OpenWrt:~# 
root@OpenWrt:~# trap 'kill "$DETACH_PID" 2>/dev/null || true' EXIT
root@OpenWrt:~# 
root@OpenWrt:~# 
root@OpenWrt:~# 
root@OpenWrt:~# echo "=== force 10/half autoneg off ==="
=== force 10/half autoneg off ===
root@OpenWrt:~# 
root@OpenWrt:~# command -v ethtool >/dev/null 2>&1 && ethtool -s eth0 speed 10 d
uplex half autoneg off || true
root@OpenWrt:~# 
root@OpenWrt:~# sleep 2
root@OpenWrt:~# 
root@OpenWrt:~# command -v ethtool >/dev/null 2>&1 && ethtool eth0 || true
Settings for eth0:
	Supported ports: [ TP MII ]
	Supported link modes:   1000baseT/Full 
	Supported pause frame use: Symmetric Receive-only
	Supports auto-negotiation: Yes
	Supported FEC modes: Not reported
	Advertised link modes:  Not reported
	Advertised pause frame use: Symmetric Receive-only
	Advertised auto-negotiation: No
	Advertised FEC modes: Not reported
	Speed: 10Mb/s
	Duplex: Half
	Port: MII
	PHYAD: 0
	Transceiver: external
	Auto-negotiation: off
	Supports Wake-on: d
	Wake-on: d
	Current message level: 0x00000007 (7)
			       drv probe link
	Link detected: yes
root@OpenWrt:~# 
root@OpenWrt:~# 
root@OpenWrt:~# 
root@OpenWrt:~# OWRT_MAC="$(cat /sys/class/net/eth0/address 2>/dev/null || echo 
unknown)"
root@OpenWrt:~# 
root@OpenWrt:~# echo "=== owrt eth0 mac ==="
=== owrt eth0 mac ===
root@OpenWrt:~# 
root@OpenWrt:~# echo "$OWRT_MAC"
86:97:3f:c0:4d:6a
root@OpenWrt:~# 
root@OpenWrt:~# echo "Use this MAC in Windows script parameter -OwrtMac."
Use this MAC in Windows script parameter -OwrtMac.
root@OpenWrt:~# 
root@OpenWrt:~# 
root@OpenWrt:~# 
root@OpenWrt:~# ip neigh replace 192.168.77.2 lladdr bc:ec:a0:2d:6c:9b nud perma
nent dev eth0
root@OpenWrt:~# 
root@OpenWrt:~# 
root@OpenWrt:~# 
root@OpenWrt:~# detect_ping_mode
root@OpenWrt:~# 
root@OpenWrt:~# echo "=== ping stress mode ==="
=== ping stress mode ===
root@OpenWrt:~# 
root@OpenWrt:~# echo "$PING_MODE"
default
root@OpenWrt:~# 
root@OpenWrt:~# 
root@OpenWrt:~# 
root@OpenWrt:~# echo "=== pre ==="
=== pre ===
root@OpenWrt:~# 
root@OpenWrt:~# date
Thu Jan  1 01:03:13 GMT 1970
root@OpenWrt:~# 
root@OpenWrt:~# ip -d link show dev eth0
2: [1;36meth0: [0m<BROADCAST,MULTICAST,UP,LOWER_UP> mtu 1500 qdisc mq state [1;32mUP [0mmode DEFAULT group default qlen 1000
    link/ether [1;33m86:97:3f:c0:4d:6a[0m brd [1;33mff:ff:ff:ff:ff:ff[0m promiscuity 0 allmulti 0 minmtu 68 maxmtu 1500 addrgenmode eui64 numtxqueues 5 numrxqueues 5 gso_max_size 65536 gso_max_segs 65535 tso_max_size 65536 tso_max_segs 65535 gro_max_size 65536 gso_ipv4_max_size 65536 gro_ipv4_max_size 65536 parentbus platform parentdev 12c00000.ethernet 
root@OpenWrt:~# 
root@OpenWrt:~# ip -s link show dev eth0
2: [1;36meth0: [0m<BROADCAST,MULTICAST,UP,LOWER_UP> mtu 1500 qdisc mq state [1;32mUP [0mmode DEFAULT group default qlen 1000
    link/ether [1;33m86:97:3f:c0:4d:6a[0m brd [1;33mff:ff:ff:ff:ff:ff[0m
    RX:  bytes packets errors dropped  missed   mcast           
             0       0      0       0       0       0 
    TX:  bytes packets errors dropped carrier collsns           
          5819      28     10       0       0       0 
root@OpenWrt:~# 
root@OpenWrt:~# ip neigh show dev eth0 || true
[1;35m192.168.77.2 [0mlladdr [1;33mbc:ec:a0:2d:6c:9b [0mPERMANENT 
root@OpenWrt:~# 
root@OpenWrt:~# cat /proc/net/arp || true
IP address       HW type     Flags       HW address            Mask     Device
192.168.77.2     0x1         0x6         bc:ec:a0:2d:6c:9b     *        eth0
root@OpenWrt:~# 
root@OpenWrt:~# cat /proc/interrupts | grep -Ei ' 64:| 66:|ERR'
 64:      16265  periph_intc@14e00048  64  eth0
 66:          0  periph_intc@14e00048  66  eth0
ERR:      73492
root@OpenWrt:~# 
root@OpenWrt:~# dump 0x12c03804
0x12c03804 = 0x00000001
root@OpenWrt:~# 
root@OpenWrt:~# dump 0x12c03808
0x12c03808 = 0x00000001
root@OpenWrt:~# 
root@OpenWrt:~# dump 0x12c03c44
0x12c03c44 = 0x00000001
root@OpenWrt:~# 
root@OpenWrt:~# dump 0x12c02c44
0x12c02c44 = 0x00000001
root@OpenWrt:~# 
root@OpenWrt:~# 
root@OpenWrt:~# 
root@OpenWrt:~# echo "=== phase1 fill tx ring (6 rounds x 20s bounded stress) ==
="
=== phase1 fill tx ring (6 rounds x 20s bounded stress) ===
root@OpenWrt:~# 
root@OpenWrt:~# date
Thu Jan  1 01:03:59 GMT 1970
root@OpenWrt:~# 
root@OpenWrt:~# i=1
root@OpenWrt:~# 
root@OpenWrt:~# while [ "$i" -le 6 ]; do
> 
>   echo "phase1 round $i/6"
> 
>   b0="$(tx_pkts)"
> 
>   burst_for 20
> 
>   b1="$(tx_pkts)"
> 
>   d1=$((b1-b0))
> 
>   echo "phase1 round $i/6 tx_delta_main=$d1 tx_before=$b0 tx_after=$b1 mode=$P
ING_MODE"
> 
>   if [ "$d1" -le 0 ]; then
> 
>     echo "phase1 round $i/6 fallback single-shot burst x40"
> 
>     f0="$(tx_pkts)"
> 
>     single_shot_fallback
> 
>     f1="$(tx_pkts)"
> 
>     d2=$((f1-f0))
> 
>     echo "phase1 round $i/6 tx_delta_fallback=$d2 tx_before=$f0 tx_after=$f1"
> 
>   fi
> 
>   sleep 3
> 
>   i=$((i+1))
> 
> done
phase1 round 1/6
phase1 round 1/6 tx_delta_main=9 tx_before=28 tx_after=37 mode=default
phase1 round 2/6
phase1 round 2/6 tx_delta_main=18 tx_before=37 tx_after=55 mode=default
phase1 round 3/6
phase1 round 3/6 tx_delta_main=0 tx_before=55 tx_after=55 mode=default
phase1 round 3/6 fallback single-shot burst x40
phase1 round 3/6 tx_delta_fallback=36 tx_before=55 tx_after=91
phase1 round 4/6
phase1 round 4/6 tx_delta_main=0 tx_before=91 tx_after=91 mode=default
phase1 round 4/6 fallback single-shot burst x40
phase1 round 4/6 tx_delta_fallback=72 tx_before=91 tx_after=163
phase1 round 5/6
phase1 round 5/6 tx_delta_main=0 tx_before=163 tx_after=163 mode=default
phase1 round 5/6 fallback single-shot burst x40
phase1 round 5/6 tx_delta_fallback=0 tx_before=163 tx_after=163
phase1 round 6/6
phase1 round 6/6 tx_delta_main=0 tx_before=163 tx_after=163 mode=default
phase1 round 6/6 fallback single-shot burst x40
phase1 round 6/6 tx_delta_fallback=0 tx_before=163 tx_after=163
root@OpenWrt:~# 
root@OpenWrt:~# sleep 6
root@OpenWrt:~# 
root@OpenWrt:~# 
root@OpenWrt:~# 
root@OpenWrt:~# echo "=== post1 ==="
=== post1 ===
root@OpenWrt:~# 
root@OpenWrt:~# date
Thu Jan  1 01:17:45 GMT 1970
root@OpenWrt:~# 
root@OpenWrt:~# hold_detach
root@OpenWrt:~# 
root@OpenWrt:~# ip -d link show dev eth0
2: [1;36meth0: [0m<BROADCAST,MULTICAST,UP,LOWER_UP> mtu 1500 qdisc mq state [1;32mUP [0mmode DEFAULT group default qlen 1000
    link/ether [1;33m86:97:3f:c0:4d:6a[0m brd [1;33mff:ff:ff:ff:ff:ff[0m promiscuity 0 allmulti 0 minmtu 68 maxmtu 1500 addrgenmode eui64 numtxqueues 5 numrxqueues 5 gso_max_size 65536 gso_max_segs 65535 tso_max_size 65536 tso_max_segs 65535 gro_max_size 65536 gso_ipv4_max_size 65536 gro_ipv4_max_size 65536 parentbus platform parentdev 12c00000.ethernet 
root@OpenWrt:~# 
root@OpenWrt:~# ip -s link show dev eth0
2: [1;36meth0: [0m<BROADCAST,MULTICAST,UP,LOWER_UP> mtu 1500 qdisc mq state [1;32mUP [0mmode DEFAULT group default qlen 1000
    link/ether [1;33m86:97:3f:c0:4d:6a[0m brd [1;33mff:ff:ff:ff:ff:ff[0m
    RX:  bytes packets errors dropped  missed   mcast           
             0       0      0       0       0       0 
    TX:  bytes packets errors dropped carrier collsns           
         19049     163     19       0       0       0 
root@OpenWrt:~# 
root@OpenWrt:~# ip neigh show dev eth0 || true
[1;35m192.168.77.2 [0mlladdr [1;33mbc:ec:a0:2d:6c:9b [0mPERMANENT 
root@OpenWrt:~# 
root@OpenWrt:~# cat /proc/net/arp || true
IP address       HW type     Flags       HW address            Mask     Device
192.168.77.2     0x1         0x6         bc:ec:a0:2d:6c:9b     *        eth0
root@OpenWrt:~# 
root@OpenWrt:~# cat /proc/interrupts | grep -Ei ' 64:| 66:|ERR'
 64:      18374  periph_intc@14e00048  64  eth0
 66:          0  periph_intc@14e00048  66  eth0
ERR:      80887
root@OpenWrt:~# 
root@OpenWrt:~# dump 0x12c03804
0x12c03804 = 0x00000001
root@OpenWrt:~# 
root@OpenWrt:~# dump 0x12c03808
0x12c03808 = 0x00000001
root@OpenWrt:~# 
root@OpenWrt:~# dump 0x12c03c44
0x12c03c44 = 0x00000001
root@OpenWrt:~# 
root@OpenWrt:~# dump 0x12c02c44
0x12c02c44 = 0x00000001
root@OpenWrt:~# 
root@OpenWrt:~# 
root@OpenWrt:~# 
root@OpenWrt:~# echo "=== phase2 host->router rx window (120s) ==="
=== phase2 host->router rx window (120s) ===
root@OpenWrt:~# 
root@OpenWrt:~# date
Thu Jan  1 01:18:47 GMT 1970
root@OpenWrt:~# 
root@OpenWrt:~# sleep 120
root@OpenWrt:~# 
root@OpenWrt:~# 
root@OpenWrt:~# 
root@OpenWrt:~# echo "=== post2 ==="
=== post2 ===
root@OpenWrt:~# 
root@OpenWrt:~# date
Thu Jan  1 01:20:52 GMT 1970
root@OpenWrt:~# 
root@OpenWrt:~# hold_detach
root@OpenWrt:~# 
root@OpenWrt:~# ip -d link show dev eth0
2: [1;36meth0: [0m<BROADCAST,MULTICAST,UP,LOWER_UP> mtu 1500 qdisc mq state [1;32mUP [0mmode DEFAULT group default qlen 1000
    link/ether [1;33m86:97:3f:c0:4d:6a[0m brd [1;33mff:ff:ff:ff:ff:ff[0m promiscuity 0 allmulti 0 minmtu 68 maxmtu 1500 addrgenmode eui64 numtxqueues 5 numrxqueues 5 gso_max_size 65536 gso_max_segs 65535 tso_max_size 65536 tso_max_segs 65535 gro_max_size 65536 gso_ipv4_max_size 65536 gro_ipv4_max_size 65536 parentbus platform parentdev 12c00000.ethernet 
root@OpenWrt:~# 
root@OpenWrt:~# ip -s link show dev eth0
2: [1;36meth0: [0m<BROADCAST,MULTICAST,UP,LOWER_UP> mtu 1500 qdisc mq state [1;32mUP [0mmode DEFAULT group default qlen 1000
    link/ether [1;33m86:97:3f:c0:4d:6a[0m brd [1;33mff:ff:ff:ff:ff:ff[0m
    RX:  bytes packets errors dropped  missed   mcast           
             0       0      0       0       0       0 
    TX:  bytes packets errors dropped carrier collsns           
         19049     163     19       0       0       0 
root@OpenWrt:~# 
root@OpenWrt:~# ip neigh show dev eth0 || true
[1;35m192.168.77.2 [0mlladdr [1;33mbc:ec:a0:2d:6c:9b [0mPERMANENT 
root@OpenWrt:~# 
root@OpenWrt:~# cat /proc/net/arp || true
IP address       HW type     Flags       HW address            Mask     Device
192.168.77.2     0x1         0x6         bc:ec:a0:2d:6c:9b     *        eth0
root@OpenWrt:~# 
root@OpenWrt:~# cat /proc/interrupts | grep -Ei ' 64:| 66:|ERR'
 64:      19248  periph_intc@14e00048  64  eth0
 66:          0  periph_intc@14e00048  66  eth0
ERR:      83197
root@OpenWrt:~# 
root@OpenWrt:~# dump 0x12c03804
0x12c03804 = 0x00000001
root@OpenWrt:~# 
root@OpenWrt:~# dump 0x12c03808
0x12c03808 = 0x00000001
root@OpenWrt:~# 
root@OpenWrt:~# dump 0x12c03c44
0x12c03c44 = 0x00000001
root@OpenWrt:~# 
root@OpenWrt:~# dump 0x12c02c44
0x12c02c44 = 0x00000001
root@OpenWrt:~# 
root@OpenWrt:~# 
root@OpenWrt:~# 
root@OpenWrt:~# echo "=== watchdog count ==="
=== watchdog count ===
root@OpenWrt:~# 
root@OpenWrt:~# dmesg | grep -c 'NETDEV WATCHDOG' || true
10
root@OpenWrt:~# 
root@OpenWrt:~# 
root@OpenWrt:~# 
root@OpenWrt:~# echo "=== watchdog block ==="
=== watchdog block ===
root@OpenWrt:~# 
root@OpenWrt:~# dmesg | grep -A8 -E 'NETDEV WATCHDOG|Ring 0 queue 0 status summa
ry' | tail -n 500
[ 3725.012828] bcmgenet 12c00000.ethernet eth0: NETDEV WATCHDOG: CPU: 0: transmit queue 0 timed out 2010 ms
[ 3741.334644] bcmgenet 12c00000.ethernet eth0: Link is Up - 10Mbps/Half - flow control off
[ 3873.957008] bcmgenet 12c00000.ethernet eth0: tc7200u tx submit ring=0 q=0 len=98 frags=0 free_now=496 sw_prod=16 hw_before(p=0 c=8) hw_after(p=1 c=240) first=0x06c05182 first_stat=0x00a26fc0 last=0x06c05182 last_stat=0x00a26fc0
[ 3875.093192] bcmgenet 12c00000.ethernet eth0: tc7200u tx submit ring=0 q=0 len=98 frags=0 free_now=495 sw_prod=17 hw_before(p=0 c=8) hw_after(p=1 c=0) first=0x06c04782 first_stat=0x00a26fc0 last=0x06c04782 last_stat=0x00a26fc0
[ 3876.185648] bcmgenet 12c00000.ethernet eth0: tc7200u tx submit ring=0 q=0 len=98 frags=0 free_now=494 sw_prod=18 hw_before(p=0 c=8) hw_after(p=1 c=16) first=0x06c05402 first_stat=0x00a26fc0 last=0x06c05402 last_stat=0x00a26fc0
[ 3877.274275] bcmgenet 12c00000.ethernet eth0: tc7200u tx submit ring=0 q=0 len=98 frags=0 free_now=493 sw_prod=19 hw_before(p=0 c=8) hw_after(p=1 c=32) first=0x06c04282 first_stat=0x00a26fc0 last=0x06c04282 last_stat=0x00a26fc0
[ 3878.372451] bcmgenet 12c00000.ethernet eth0: tc7200u tx submit ring=0 q=0 len=98 frags=0 free_now=492 sw_prod=20 hw_before(p=0 c=8) hw_after(p=1 c=48) first=0x06c05902 first_stat=0x00a26fc0 last=0x06c05902 last_stat=0x00a26fc0
[ 3879.465555] bcmgenet 12c00000.ethernet eth0: tc7200u tx submit ring=0 q=0 len=98 frags=0 free_now=491 sw_prod=21 hw_before(p=0 c=8) hw_after(p=1 c=64) first=0x06c04002 first_stat=0x00a26fc0 last=0x06c04002 last_stat=0x00a26fc0
[ 3880.536018] bcmgenet 12c00000.ethernet eth0: tc7200u tx submit ring=0 q=0 len=98 frags=0 free_now=490 sw_prod=22 hw_before(p=0 c=8) hw_after(p=1 c=80) first=0x06c05b82 first_stat=0x00a26fc0 last=0x06c05b82 last_stat=0x00a26fc0
--
[ 3884.864240] bcmgenet 12c00000.ethernet eth0: NETDEV WATCHDOG: CPU: 0: transmit queue 0 timed out 2160 ms
[ 3886.872812] bcmgenet 12c00000.ethernet eth0: NETDEV WATCHDOG: CPU: 0: transmit queue 0 timed out 2010 ms
[ 3888.882834] bcmgenet 12c00000.ethernet eth0: NETDEV WATCHDOG: CPU: 0: transmit queue 0 timed out 2010 ms
[ 3890.892850] bcmgenet 12c00000.ethernet eth0: NETDEV WATCHDOG: CPU: 0: transmit queue 0 timed out 2010 ms
[ 3890.916330] bcmgenet 12c00000.ethernet eth0: tc7200u tx submit ring=0 q=0 len=98 frags=0 free_now=747 sw_prod=25 hw_before(p=0 c=8) hw_after(p=1 c=128) first=0x06c04502 first_stat=0x00a26fc0 last=0x06c04502 last_stat=0x00a26fc0
[ 3890.948613] bcmgenet 12c00000.ethernet eth0: tc7200u tx submit ring=0 q=0 len=98 frags=0 free_now=741 sw_prod=31 hw_before(p=0 c=8) hw_after(p=1 c=224) first=0x068f9682 first_stat=0x00a26fc0 last=0x068f9682 last_stat=0x00a26fc0
[ 3890.973135] bcmgenet 12c00000.ethernet eth0: tc7200u tx submit ring=0 q=0 len=98 frags=0 free_now=740 sw_prod=32 hw_before(p=0 c=8) hw_after(p=1 c=240) first=0x068f9402 first_stat=0x00a26fc0 last=0x068f9402 last_stat=0x00a26fc0
[ 3892.047145] bcmgenet 12c00000.ethernet eth0: tc7200u tx submit ring=0 q=0 len=98 frags=0 free_now=739 sw_prod=33 hw_before(p=0 c=8) hw_after(p=1 c=0) first=0x068f8c82 first_stat=0x00a26fc0 last=0x068f8c82 last_stat=0x00a26fc0
[ 3893.138599] bcmgenet 12c00000.ethernet eth0: tc7200u tx submit ring=0 q=0 len=98 frags=0 free_now=738 sw_prod=34 hw_before(p=0 c=8) hw_after(p=1 c=16) first=0x068f9b82 first_stat=0x00a26fc0 last=0x068f9b82 last_stat=0x00a26fc0
[ 3915.805847] bcmgenet 12c00000.ethernet eth0: tc7200u tx submit ring=0 q=0 len=98 frags=0 free_now=737 sw_prod=35 hw_before(p=0 c=8) hw_after(p=1 c=32) first=0x068f8782 first_stat=0x00a26fc0 last=0x068f8782 last_stat=0x00a26fc0
[ 3916.906322] bcmgenet 12c00000.ethernet eth0: tc7200u tx submit ring=0 q=0 len=98 frags=0 free_now=736 sw_prod=36 hw_before(p=0 c=8) hw_after(p=1 c=48) first=0x068f8002 first_stat=0x00a26fc0 last=0x068f8002 last_stat=0x00a26fc0
[ 3917.990929] bcmgenet 12c00000.ethernet eth0: tc7200u tx submit ring=0 q=0 len=98 frags=0 free_now=735 sw_prod=37 hw_before(p=0 c=8) hw_after(p=1 c=64) first=0x068f8a02 first_stat=0x00a26fc0 last=0x068f8a02 last_stat=0x00a26fc0
--
[ 3925.903588] bcmgenet 12c00000.ethernet eth0: NETDEV WATCHDOG: CPU: 0: transmit queue 0 timed out 2510 ms
[ 3925.928194] bcmgenet 12c00000.ethernet eth0: tc7200u tx submit ring=0 q=0 len=98 frags=0 free_now=982 sw_prod=43 hw_before(p=0 c=8) hw_after(p=1 c=160) first=0x06c05902 first_stat=0x00a26fc0 last=0x06c05902 last_stat=0x00a26fc0
[ 3925.940598] bcmgenet 12c00000.ethernet eth0: tc7200u tx submit ring=0 q=0 len=98 frags=0 free_now=981 sw_prod=44 hw_before(p=0 c=8) hw_after(p=1 c=176) first=0x06c05402 first_stat=0x00a26fc0 last=0x06c05402 last_stat=0x00a26fc0
[ 3926.490868] bcmgenet 12c00000.ethernet eth0: tc7200u tx submit ring=0 q=0 len=98 frags=0 free_now=980 sw_prod=45 hw_before(p=0 c=8) hw_after(p=1 c=192) first=0x06c04002 first_stat=0x00a26fc0 last=0x06c04002 last_stat=0x00a26fc0
[ 3927.604172] bcmgenet 12c00000.ethernet eth0: tc7200u tx submit ring=0 q=0 len=98 frags=0 free_now=979 sw_prod=46 hw_before(p=0 c=8) hw_after(p=1 c=208) first=0x06c05b82 first_stat=0x00a26fc0 last=0x06c05b82 last_stat=0x00a26fc0
[ 3928.684916] bcmgenet 12c00000.ethernet eth0: tc7200u tx submit ring=0 q=0 len=98 frags=0 free_now=978 sw_prod=47 hw_before(p=0 c=8) hw_after(p=1 c=224) first=0x06c04f02 first_stat=0x00a26fc0 last=0x06c04f02 last_stat=0x00a26fc0
[ 3929.785751] bcmgenet 12c00000.ethernet eth0: tc7200u tx submit ring=0 q=0 len=98 frags=0 free_now=977 sw_prod=48 hw_before(p=0 c=8) hw_after(p=1 c=240) first=0x06c04a02 first_stat=0x00a26fc0 last=0x06c04a02 last_stat=0x00a26fc0
[ 3930.864108] bcmgenet 12c00000.ethernet eth0: tc7200u tx submit ring=0 q=0 len=98 frags=0 free_now=976 sw_prod=49 hw_before(p=0 c=8) hw_after(p=1 c=0) first=0x06c04c82 first_stat=0x00a26fc0 last=0x06c04c82 last_stat=0x00a26fc0
[ 3931.934348] bcmgenet 12c00000.ethernet eth0: tc7200u tx submit ring=0 q=0 len=98 frags=0 free_now=975 sw_prod=50 hw_before(p=0 c=8) hw_after(p=1 c=16) first=0x06c04502 first_stat=0x00a26fc0 last=0x06c04502 last_stat=0x00a26fc0
--
[ 4017.903756] bcmgenet 12c00000.ethernet eth0: NETDEV WATCHDOG: CPU: 0: transmit queue 0 timed out 2490 ms
[ 4019.912859] bcmgenet 12c00000.ethernet eth0: NETDEV WATCHDOG: CPU: 0: transmit queue 0 timed out 2010 ms
[ 4021.922846] bcmgenet 12c00000.ethernet eth0: NETDEV WATCHDOG: CPU: 0: transmit queue 0 timed out 2010 ms
[ 4021.948220] bcmgenet 12c00000.ethernet eth0: tc7200u tx submit ring=0 q=0 len=98 frags=0 free_now=1204 sw_prod=79 hw_before(p=0 c=8) hw_after(p=1 c=224) first=0x06f66282 first_stat=0x00a26fc0 last=0x06f66282 last_stat=0x00a26fc0
[ 4022.380592] bcmgenet 12c00000.ethernet eth0: tc7200u tx submit ring=0 q=0 len=98 frags=0 free_now=1203 sw_prod=80 hw_before(p=0 c=8) hw_after(p=1 c=240) first=0x06f66782 first_stat=0x00a26fc0 last=0x06f66782 last_stat=0x00a26fc0
[ 4025.813086] bcmgenet 12c00000.ethernet eth0: tc7200u tx submit ring=0 q=0 len=98 frags=0 free_now=1202 sw_prod=81 hw_before(p=0 c=8) hw_after(p=1 c=0) first=0x06f67402 first_stat=0x00a26fc0 last=0x06f67402 last_stat=0x00a26fc0
[ 4028.675927] bcmgenet 12c00000.ethernet eth0: tc7200u tx submit ring=0 q=0 len=98 frags=0 free_now=1201 sw_prod=82 hw_before(p=0 c=8) hw_after(p=1 c=16) first=0x06f67182 first_stat=0x00a26fc0 last=0x06f67182 last_stat=0x00a26fc0
[ 4032.158587] bcmgenet 12c00000.ethernet eth0: tc7200u tx submit ring=0 q=0 len=98 frags=0 free_now=1200 sw_prod=83 hw_before(p=0 c=8) hw_after(p=1 c=32) first=0x06f66f02 first_stat=0x00a26fc0 last=0x06f66f02 last_stat=0x00a26fc0
[ 4036.118290] bcmgenet 12c00000.ethernet eth0: tc7200u tx submit ring=0 q=0 len=98 frags=0 free_now=1199 sw_prod=84 hw_before(p=0 c=8) hw_after(p=1 c=48) first=0x06f66a02 first_stat=0x00a26fc0 last=0x06f66a02 last_stat=0x00a26fc0
[ 4039.617335] bcmgenet 12c00000.ethernet eth0: tc7200u tx submit ring=0 q=0 len=98 frags=0 free_now=1198 sw_prod=85 hw_before(p=0 c=8) hw_after(p=1 c=64) first=0x06f66c82 first_stat=0x00a26fc0 last=0x06f66c82 last_stat=0x00a26fc0
[ 4043.083415] bcmgenet 12c00000.ethernet eth0: tc7200u tx submit ring=0 q=0 len=98 frags=0 free_now=1197 sw_prod=86 hw_before(p=0 c=8) hw_after(p=1 c=80) first=0x06f66502 first_stat=0x00a26fc0 last=0x06f66502 last_stat=0x00a26fc0
--
[ 4239.052878] bcmgenet 12c00000.ethernet eth0: NETDEV WATCHDOG: CPU: 0: transmit queue 0 timed out 2010 ms
[ 4240.233858] bcmgenet 12c00000.ethernet eth0: tc7200u tx submit ring=0 q=0 len=98 frags=0 free_now=1386 sw_prod=151 hw_before(p=0 c=8) hw_after(p=1 c=96) first=0x06df3902 first_stat=0x00a26fc0 last=0x06df3902 last_stat=0x00a26fc0
[ 4243.256353] bcmgenet 12c00000.ethernet eth0: tc7200u tx submit ring=0 q=0 len=98 frags=0 free_now=1385 sw_prod=152 hw_before(p=0 c=8) hw_after(p=1 c=112) first=0x06df3b82 first_stat=0x00a26fc0 last=0x06df3b82 last_stat=0x00a26fc0
[ 4246.285157] bcmgenet 12c00000.ethernet eth0: tc7200u tx submit ring=0 q=0 len=98 frags=0 free_now=1384 sw_prod=153 hw_before(p=0 c=8) hw_after(p=1 c=128) first=0x06df2782 first_stat=0x00a26fc0 last=0x06df2782 last_stat=0x00a26fc0
[ 4248.743805] bcmgenet 12c00000.ethernet eth0: tc7200u tx submit ring=0 q=0 len=98 frags=0 free_now=1383 sw_prod=154 hw_before(p=0 c=8) hw_after(p=1 c=144) first=0x06df2002 first_stat=0x00a26fc0 last=0x06df2002 last_stat=0x00a26fc0
[ 4251.577325] bcmgenet 12c00000.ethernet eth0: tc7200u tx submit ring=0 q=0 len=98 frags=0 free_now=1382 sw_prod=155 hw_before(p=0 c=8) hw_after(p=1 c=160) first=0x06df3182 first_stat=0x00a26fc0 last=0x06df3182 last_stat=0x00a26fc0
[ 4254.532672] bcmgenet 12c00000.ethernet eth0: tc7200u tx submit ring=0 q=0 len=98 frags=0 free_now=1381 sw_prod=156 hw_before(p=0 c=8) hw_after(p=1 c=176) first=0x06df3402 first_stat=0x00a26fc0 last=0x06df3402 last_stat=0x00a26fc0
[ 4257.123809] bcmgenet 12c00000.ethernet eth0: tc7200u tx submit ring=0 q=0 len=98 frags=0 free_now=1380 sw_prod=157 hw_before(p=0 c=8) hw_after(p=1 c=192) first=0x06df2282 first_stat=0x00a26fc0 last=0x06df2282 last_stat=0x00a26fc0
[ 4260.025140] bcmgenet 12c00000.ethernet eth0: tc7200u tx submit ring=0 q=0 len=98 frags=0 free_now=1379 sw_prod=158 hw_before(p=0 c=8) hw_after(p=1 c=208) first=0x06df2a02 first_stat=0x00a26fc0 last=0x06df2a02 last_stat=0x00a26fc0
root@OpenWrt:~# 
root@OpenWrt:~# 
root@OpenWrt:~# 
root@OpenWrt:~# echo "=== tx tail ==="
=== tx tail ===
root@OpenWrt:~# 
root@OpenWrt:~# dmesg | grep -E 'tc7200u tx submit' | tail -n 360
[ 3720.840525] bcmgenet 12c00000.ethernet eth0: tc7200u tx submit ring=0 q=0 len=150 frags=0 free_now=255 sw_prod=9 hw_before(p=0 c=8) hw_after(p=1 c=128) first=0x06e9b002 first_stat=0x00d66fc0 last=0x06e9b002 last_stat=0x00d66fc0
[ 3721.264412] bcmgenet 12c00000.ethernet eth0: tc7200u tx submit ring=0 q=0 len=86 frags=0 free_now=254 sw_prod=10 hw_before(p=0 c=8) hw_after(p=1 c=144) first=0x06c05402 first_stat=0x00966fc0 last=0x06c05402 last_stat=0x00966fc0
[ 3721.593239] bcmgenet 12c00000.ethernet eth0: tc7200u tx submit ring=0 q=0 len=150 frags=0 free_now=253 sw_prod=11 hw_before(p=0 c=8) hw_after(p=1 c=160) first=0x06e98002 first_stat=0x00d66fc0 last=0x06e98002 last_stat=0x00d66fc0
[ 3722.350770] bcmgenet 12c00000.ethernet eth0: tc7200u tx submit ring=0 q=0 len=150 frags=0 free_now=252 sw_prod=12 hw_before(p=0 c=8) hw_after(p=1 c=176) first=0x06e98802 first_stat=0x00d66fc0 last=0x06e98802 last_stat=0x00d66fc0
[ 3722.403122] bcmgenet 12c00000.ethernet eth0: tc7200u tx submit ring=0 q=0 len=90 frags=0 free_now=251 sw_prod=13 hw_before(p=0 c=8) hw_after(p=1 c=192) first=0x06e99802 first_stat=0x009a6fc0 last=0x06e99802 last_stat=0x009a6fc0
[ 3722.561111] bcmgenet 12c00000.ethernet eth0: tc7200u tx submit ring=0 q=0 len=150 frags=0 free_now=250 sw_prod=14 hw_before(p=0 c=8) hw_after(p=1 c=208) first=0x06e99002 first_stat=0x00d66fc0 last=0x06e99002 last_stat=0x00d66fc0
[ 3723.003436] bcmgenet 12c00000.ethernet eth0: tc7200u tx submit ring=0 q=0 len=90 frags=0 free_now=249 sw_prod=15 hw_before(p=0 c=8) hw_after(p=1 c=224) first=0x06835002 first_stat=0x009a6fc0 last=0x06835002 last_stat=0x009a6fc0
[ 3873.957008] bcmgenet 12c00000.ethernet eth0: tc7200u tx submit ring=0 q=0 len=98 frags=0 free_now=496 sw_prod=16 hw_before(p=0 c=8) hw_after(p=1 c=240) first=0x06c05182 first_stat=0x00a26fc0 last=0x06c05182 last_stat=0x00a26fc0
[ 3875.093192] bcmgenet 12c00000.ethernet eth0: tc7200u tx submit ring=0 q=0 len=98 frags=0 free_now=495 sw_prod=17 hw_before(p=0 c=8) hw_after(p=1 c=0) first=0x06c04782 first_stat=0x00a26fc0 last=0x06c04782 last_stat=0x00a26fc0
[ 3876.185648] bcmgenet 12c00000.ethernet eth0: tc7200u tx submit ring=0 q=0 len=98 frags=0 free_now=494 sw_prod=18 hw_before(p=0 c=8) hw_after(p=1 c=16) first=0x06c05402 first_stat=0x00a26fc0 last=0x06c05402 last_stat=0x00a26fc0
[ 3877.274275] bcmgenet 12c00000.ethernet eth0: tc7200u tx submit ring=0 q=0 len=98 frags=0 free_now=493 sw_prod=19 hw_before(p=0 c=8) hw_after(p=1 c=32) first=0x06c04282 first_stat=0x00a26fc0 last=0x06c04282 last_stat=0x00a26fc0
[ 3878.372451] bcmgenet 12c00000.ethernet eth0: tc7200u tx submit ring=0 q=0 len=98 frags=0 free_now=492 sw_prod=20 hw_before(p=0 c=8) hw_after(p=1 c=48) first=0x06c05902 first_stat=0x00a26fc0 last=0x06c05902 last_stat=0x00a26fc0
[ 3879.465555] bcmgenet 12c00000.ethernet eth0: tc7200u tx submit ring=0 q=0 len=98 frags=0 free_now=491 sw_prod=21 hw_before(p=0 c=8) hw_after(p=1 c=64) first=0x06c04002 first_stat=0x00a26fc0 last=0x06c04002 last_stat=0x00a26fc0
[ 3880.536018] bcmgenet 12c00000.ethernet eth0: tc7200u tx submit ring=0 q=0 len=98 frags=0 free_now=490 sw_prod=22 hw_before(p=0 c=8) hw_after(p=1 c=80) first=0x06c05b82 first_stat=0x00a26fc0 last=0x06c05b82 last_stat=0x00a26fc0
[ 3881.606427] bcmgenet 12c00000.ethernet eth0: tc7200u tx submit ring=0 q=0 len=98 frags=0 free_now=489 sw_prod=23 hw_before(p=0 c=8) hw_after(p=1 c=96) first=0x06c04f02 first_stat=0x00a26fc0 last=0x06c04f02 last_stat=0x00a26fc0
[ 3882.703951] bcmgenet 12c00000.ethernet eth0: tc7200u tx submit ring=0 q=0 len=98 frags=0 free_now=488 sw_prod=24 hw_before(p=0 c=8) hw_after(p=1 c=112) first=0x06c04a02 first_stat=0x00a26fc0 last=0x06c04a02 last_stat=0x00a26fc0
[ 3890.916330] bcmgenet 12c00000.ethernet eth0: tc7200u tx submit ring=0 q=0 len=98 frags=0 free_now=747 sw_prod=25 hw_before(p=0 c=8) hw_after(p=1 c=128) first=0x06c04502 first_stat=0x00a26fc0 last=0x06c04502 last_stat=0x00a26fc0
[ 3890.948613] bcmgenet 12c00000.ethernet eth0: tc7200u tx submit ring=0 q=0 len=98 frags=0 free_now=741 sw_prod=31 hw_before(p=0 c=8) hw_after(p=1 c=224) first=0x068f9682 first_stat=0x00a26fc0 last=0x068f9682 last_stat=0x00a26fc0
[ 3890.973135] bcmgenet 12c00000.ethernet eth0: tc7200u tx submit ring=0 q=0 len=98 frags=0 free_now=740 sw_prod=32 hw_before(p=0 c=8) hw_after(p=1 c=240) first=0x068f9402 first_stat=0x00a26fc0 last=0x068f9402 last_stat=0x00a26fc0
[ 3892.047145] bcmgenet 12c00000.ethernet eth0: tc7200u tx submit ring=0 q=0 len=98 frags=0 free_now=739 sw_prod=33 hw_before(p=0 c=8) hw_after(p=1 c=0) first=0x068f8c82 first_stat=0x00a26fc0 last=0x068f8c82 last_stat=0x00a26fc0
[ 3893.138599] bcmgenet 12c00000.ethernet eth0: tc7200u tx submit ring=0 q=0 len=98 frags=0 free_now=738 sw_prod=34 hw_before(p=0 c=8) hw_after(p=1 c=16) first=0x068f9b82 first_stat=0x00a26fc0 last=0x068f9b82 last_stat=0x00a26fc0
[ 3915.805847] bcmgenet 12c00000.ethernet eth0: tc7200u tx submit ring=0 q=0 len=98 frags=0 free_now=737 sw_prod=35 hw_before(p=0 c=8) hw_after(p=1 c=32) first=0x068f8782 first_stat=0x00a26fc0 last=0x068f8782 last_stat=0x00a26fc0
[ 3916.906322] bcmgenet 12c00000.ethernet eth0: tc7200u tx submit ring=0 q=0 len=98 frags=0 free_now=736 sw_prod=36 hw_before(p=0 c=8) hw_after(p=1 c=48) first=0x068f8002 first_stat=0x00a26fc0 last=0x068f8002 last_stat=0x00a26fc0
[ 3917.990929] bcmgenet 12c00000.ethernet eth0: tc7200u tx submit ring=0 q=0 len=98 frags=0 free_now=735 sw_prod=37 hw_before(p=0 c=8) hw_after(p=1 c=64) first=0x068f8a02 first_stat=0x00a26fc0 last=0x068f8a02 last_stat=0x00a26fc0
[ 3919.084046] bcmgenet 12c00000.ethernet eth0: tc7200u tx submit ring=0 q=0 len=98 frags=0 free_now=734 sw_prod=38 hw_before(p=0 c=8) hw_after(p=1 c=80) first=0x068f8f02 first_stat=0x00a26fc0 last=0x068f8f02 last_stat=0x00a26fc0
[ 3920.163909] bcmgenet 12c00000.ethernet eth0: tc7200u tx submit ring=0 q=0 len=98 frags=0 free_now=733 sw_prod=39 hw_before(p=0 c=8) hw_after(p=1 c=96) first=0x06c04f02 first_stat=0x00a26fc0 last=0x06c04f02 last_stat=0x00a26fc0
[ 3921.264856] bcmgenet 12c00000.ethernet eth0: tc7200u tx submit ring=0 q=0 len=98 frags=0 free_now=732 sw_prod=40 hw_before(p=0 c=8) hw_after(p=1 c=112) first=0x06c04a02 first_stat=0x00a26fc0 last=0x06c04a02 last_stat=0x00a26fc0
[ 3922.332461] bcmgenet 12c00000.ethernet eth0: tc7200u tx submit ring=0 q=0 len=98 frags=0 free_now=731 sw_prod=41 hw_before(p=0 c=8) hw_after(p=1 c=128) first=0x06c05b82 first_stat=0x00a26fc0 last=0x06c05b82 last_stat=0x00a26fc0
[ 3923.393139] bcmgenet 12c00000.ethernet eth0: tc7200u tx submit ring=0 q=0 len=98 frags=0 free_now=730 sw_prod=42 hw_before(p=0 c=8) hw_after(p=1 c=144) first=0x06c04002 first_stat=0x00a26fc0 last=0x06c04002 last_stat=0x00a26fc0
[ 3925.928194] bcmgenet 12c00000.ethernet eth0: tc7200u tx submit ring=0 q=0 len=98 frags=0 free_now=982 sw_prod=43 hw_before(p=0 c=8) hw_after(p=1 c=160) first=0x06c05902 first_stat=0x00a26fc0 last=0x06c05902 last_stat=0x00a26fc0
[ 3925.940598] bcmgenet 12c00000.ethernet eth0: tc7200u tx submit ring=0 q=0 len=98 frags=0 free_now=981 sw_prod=44 hw_before(p=0 c=8) hw_after(p=1 c=176) first=0x06c05402 first_stat=0x00a26fc0 last=0x06c05402 last_stat=0x00a26fc0
[ 3926.490868] bcmgenet 12c00000.ethernet eth0: tc7200u tx submit ring=0 q=0 len=98 frags=0 free_now=980 sw_prod=45 hw_before(p=0 c=8) hw_after(p=1 c=192) first=0x06c04002 first_stat=0x00a26fc0 last=0x06c04002 last_stat=0x00a26fc0
[ 3927.604172] bcmgenet 12c00000.ethernet eth0: tc7200u tx submit ring=0 q=0 len=98 frags=0 free_now=979 sw_prod=46 hw_before(p=0 c=8) hw_after(p=1 c=208) first=0x06c05b82 first_stat=0x00a26fc0 last=0x06c05b82 last_stat=0x00a26fc0
[ 3928.684916] bcmgenet 12c00000.ethernet eth0: tc7200u tx submit ring=0 q=0 len=98 frags=0 free_now=978 sw_prod=47 hw_before(p=0 c=8) hw_after(p=1 c=224) first=0x06c04f02 first_stat=0x00a26fc0 last=0x06c04f02 last_stat=0x00a26fc0
[ 3929.785751] bcmgenet 12c00000.ethernet eth0: tc7200u tx submit ring=0 q=0 len=98 frags=0 free_now=977 sw_prod=48 hw_before(p=0 c=8) hw_after(p=1 c=240) first=0x06c04a02 first_stat=0x00a26fc0 last=0x06c04a02 last_stat=0x00a26fc0
[ 3930.864108] bcmgenet 12c00000.ethernet eth0: tc7200u tx submit ring=0 q=0 len=98 frags=0 free_now=976 sw_prod=49 hw_before(p=0 c=8) hw_after(p=1 c=0) first=0x06c04c82 first_stat=0x00a26fc0 last=0x06c04c82 last_stat=0x00a26fc0
[ 3931.934348] bcmgenet 12c00000.ethernet eth0: tc7200u tx submit ring=0 q=0 len=98 frags=0 free_now=975 sw_prod=50 hw_before(p=0 c=8) hw_after(p=1 c=16) first=0x06c04502 first_stat=0x00a26fc0 last=0x06c04502 last_stat=0x00a26fc0
[ 3933.020871] bcmgenet 12c00000.ethernet eth0: tc7200u tx submit ring=0 q=0 len=98 frags=0 free_now=974 sw_prod=51 hw_before(p=0 c=8) hw_after(p=1 c=32) first=0x06c04282 first_stat=0x00a26fc0 last=0x06c04282 last_stat=0x00a26fc0
[ 3934.096874] bcmgenet 12c00000.ethernet eth0: tc7200u tx submit ring=0 q=0 len=98 frags=0 free_now=973 sw_prod=52 hw_before(p=0 c=8) hw_after(p=1 c=48) first=0x06c05182 first_stat=0x00a26fc0 last=0x06c05182 last_stat=0x00a26fc0
[ 3935.195101] bcmgenet 12c00000.ethernet eth0: tc7200u tx submit ring=0 q=0 len=98 frags=0 free_now=972 sw_prod=53 hw_before(p=0 c=8) hw_after(p=1 c=64) first=0x06c04782 first_stat=0x00a26fc0 last=0x06c04782 last_stat=0x00a26fc0
[ 3957.727566] bcmgenet 12c00000.ethernet eth0: tc7200u tx submit ring=0 q=0 len=98 frags=0 free_now=971 sw_prod=54 hw_before(p=0 c=8) hw_after(p=1 c=80) first=0x06c05682 first_stat=0x00a26fc0 last=0x06c05682 last_stat=0x00a26fc0
[ 3958.834722] bcmgenet 12c00000.ethernet eth0: tc7200u tx submit ring=0 q=0 len=98 frags=0 free_now=970 sw_prod=55 hw_before(p=0 c=8) hw_after(p=1 c=96) first=0x068f8f02 first_stat=0x00a26fc0 last=0x068f8f02 last_stat=0x00a26fc0
[ 3959.917594] bcmgenet 12c00000.ethernet eth0: tc7200u tx submit ring=0 q=0 len=98 frags=0 free_now=969 sw_prod=56 hw_before(p=0 c=8) hw_after(p=1 c=112) first=0x068f8a02 first_stat=0x00a26fc0 last=0x068f8a02 last_stat=0x00a26fc0
[ 3961.014659] bcmgenet 12c00000.ethernet eth0: tc7200u tx submit ring=0 q=0 len=98 frags=0 free_now=968 sw_prod=57 hw_before(p=0 c=8) hw_after(p=1 c=128) first=0x068f8002 first_stat=0x00a26fc0 last=0x068f8002 last_stat=0x00a26fc0
[ 3962.104349] bcmgenet 12c00000.ethernet eth0: tc7200u tx submit ring=0 q=0 len=98 frags=0 free_now=967 sw_prod=58 hw_before(p=0 c=8) hw_after(p=1 c=144) first=0x068f9b82 first_stat=0x00a26fc0 last=0x068f9b82 last_stat=0x00a26fc0
[ 3963.191179] bcmgenet 12c00000.ethernet eth0: tc7200u tx submit ring=0 q=0 len=98 frags=0 free_now=966 sw_prod=59 hw_before(p=0 c=8) hw_after(p=1 c=160) first=0x068f8782 first_stat=0x00a26fc0 last=0x068f8782 last_stat=0x00a26fc0
[ 3964.245954] bcmgenet 12c00000.ethernet eth0: tc7200u tx submit ring=0 q=0 len=98 frags=0 free_now=965 sw_prod=60 hw_before(p=0 c=8) hw_after(p=1 c=176) first=0x068f8c82 first_stat=0x00a26fc0 last=0x068f8c82 last_stat=0x00a26fc0
[ 3965.337166] bcmgenet 12c00000.ethernet eth0: tc7200u tx submit ring=0 q=0 len=98 frags=0 free_now=964 sw_prod=61 hw_before(p=0 c=8) hw_after(p=1 c=192) first=0x068f9402 first_stat=0x00a26fc0 last=0x068f9402 last_stat=0x00a26fc0
[ 3966.442764] bcmgenet 12c00000.ethernet eth0: tc7200u tx submit ring=0 q=0 len=98 frags=0 free_now=963 sw_prod=62 hw_before(p=0 c=8) hw_after(p=1 c=208) first=0x068f9682 first_stat=0x00a26fc0 last=0x068f9682 last_stat=0x00a26fc0
[ 3967.535083] bcmgenet 12c00000.ethernet eth0: tc7200u tx submit ring=0 q=0 len=98 frags=0 free_now=962 sw_prod=63 hw_before(p=0 c=8) hw_after(p=1 c=224) first=0x068f8502 first_stat=0x00a26fc0 last=0x068f8502 last_stat=0x00a26fc0
[ 3968.622569] bcmgenet 12c00000.ethernet eth0: tc7200u tx submit ring=0 q=0 len=98 frags=0 free_now=961 sw_prod=64 hw_before(p=0 c=8) hw_after(p=1 c=240) first=0x068f9902 first_stat=0x00a26fc0 last=0x068f9902 last_stat=0x00a26fc0
[ 3969.695473] bcmgenet 12c00000.ethernet eth0: tc7200u tx submit ring=0 q=0 len=98 frags=0 free_now=960 sw_prod=65 hw_before(p=0 c=8) hw_after(p=1 c=0) first=0x068f8282 first_stat=0x00a26fc0 last=0x068f8282 last_stat=0x00a26fc0
[ 3970.795176] bcmgenet 12c00000.ethernet eth0: tc7200u tx submit ring=0 q=0 len=98 frags=0 free_now=959 sw_prod=66 hw_before(p=0 c=8) hw_after(p=1 c=16) first=0x06f8e282 first_stat=0x00a26fc0 last=0x06f8e282 last_stat=0x00a26fc0
[ 3971.896671] bcmgenet 12c00000.ethernet eth0: tc7200u tx submit ring=0 q=0 len=98 frags=0 free_now=958 sw_prod=67 hw_before(p=0 c=8) hw_after(p=1 c=32) first=0x06f8f182 first_stat=0x00a26fc0 last=0x06f8f182 last_stat=0x00a26fc0
[ 3972.984398] bcmgenet 12c00000.ethernet eth0: tc7200u tx submit ring=0 q=0 len=98 frags=0 free_now=957 sw_prod=68 hw_before(p=0 c=8) hw_after(p=1 c=48) first=0x06f8f402 first_stat=0x00a26fc0 last=0x06f8f402 last_stat=0x00a26fc0
[ 3974.065430] bcmgenet 12c00000.ethernet eth0: tc7200u tx submit ring=0 q=0 len=98 frags=0 free_now=956 sw_prod=69 hw_before(p=0 c=8) hw_after(p=1 c=64) first=0x06f8ea02 first_stat=0x00a26fc0 last=0x06f8ea02 last_stat=0x00a26fc0
[ 3975.205701] bcmgenet 12c00000.ethernet eth0: tc7200u tx submit ring=0 q=0 len=98 frags=0 free_now=955 sw_prod=70 hw_before(p=0 c=8) hw_after(p=1 c=80) first=0x06f8ef02 first_stat=0x00a26fc0 last=0x06f8ef02 last_stat=0x00a26fc0
[ 3976.304559] bcmgenet 12c00000.ethernet eth0: tc7200u tx submit ring=0 q=0 len=98 frags=0 free_now=954 sw_prod=71 hw_before(p=0 c=8) hw_after(p=1 c=96) first=0x06f8e502 first_stat=0x00a26fc0 last=0x06f8e502 last_stat=0x00a26fc0
[ 3977.404939] bcmgenet 12c00000.ethernet eth0: tc7200u tx submit ring=0 q=0 len=98 frags=0 free_now=953 sw_prod=72 hw_before(p=0 c=8) hw_after(p=1 c=112) first=0x06f8ec82 first_stat=0x00a26fc0 last=0x06f8ec82 last_stat=0x00a26fc0
[ 3998.695997] bcmgenet 12c00000.ethernet eth0: tc7200u tx submit ring=0 q=0 len=98 frags=0 free_now=952 sw_prod=73 hw_before(p=0 c=8) hw_after(p=1 c=128) first=0x06f8f682 first_stat=0x00a26fc0 last=0x06f8f682 last_stat=0x00a26fc0
[ 4002.196652] bcmgenet 12c00000.ethernet eth0: tc7200u tx submit ring=0 q=0 len=98 frags=0 free_now=951 sw_prod=74 hw_before(p=0 c=8) hw_after(p=1 c=144) first=0x06f8f902 first_stat=0x00a26fc0 last=0x06f8f902 last_stat=0x00a26fc0
[ 4005.622969] bcmgenet 12c00000.ethernet eth0: tc7200u tx submit ring=0 q=0 len=98 frags=0 free_now=950 sw_prod=75 hw_before(p=0 c=8) hw_after(p=1 c=160) first=0x06f8fb82 first_stat=0x00a26fc0 last=0x06f8fb82 last_stat=0x00a26fc0
[ 4009.032906] bcmgenet 12c00000.ethernet eth0: tc7200u tx submit ring=0 q=0 len=98 frags=0 free_now=949 sw_prod=76 hw_before(p=0 c=8) hw_after(p=1 c=176) first=0x06f8e002 first_stat=0x00a26fc0 last=0x06f8e002 last_stat=0x00a26fc0
[ 4012.413345] bcmgenet 12c00000.ethernet eth0: tc7200u tx submit ring=0 q=0 len=98 frags=0 free_now=948 sw_prod=77 hw_before(p=0 c=8) hw_after(p=1 c=192) first=0x06f8e782 first_stat=0x00a26fc0 last=0x06f8e782 last_stat=0x00a26fc0
[ 4015.413066] bcmgenet 12c00000.ethernet eth0: tc7200u tx submit ring=0 q=0 len=98 frags=0 free_now=947 sw_prod=78 hw_before(p=0 c=8) hw_after(p=1 c=208) first=0x068f9182 first_stat=0x00a26fc0 last=0x068f9182 last_stat=0x00a26fc0
[ 4021.948220] bcmgenet 12c00000.ethernet eth0: tc7200u tx submit ring=0 q=0 len=98 frags=0 free_now=1204 sw_prod=79 hw_before(p=0 c=8) hw_after(p=1 c=224) first=0x06f66282 first_stat=0x00a26fc0 last=0x06f66282 last_stat=0x00a26fc0
[ 4022.380592] bcmgenet 12c00000.ethernet eth0: tc7200u tx submit ring=0 q=0 len=98 frags=0 free_now=1203 sw_prod=80 hw_before(p=0 c=8) hw_after(p=1 c=240) first=0x06f66782 first_stat=0x00a26fc0 last=0x06f66782 last_stat=0x00a26fc0
[ 4025.813086] bcmgenet 12c00000.ethernet eth0: tc7200u tx submit ring=0 q=0 len=98 frags=0 free_now=1202 sw_prod=81 hw_before(p=0 c=8) hw_after(p=1 c=0) first=0x06f67402 first_stat=0x00a26fc0 last=0x06f67402 last_stat=0x00a26fc0
[ 4028.675927] bcmgenet 12c00000.ethernet eth0: tc7200u tx submit ring=0 q=0 len=98 frags=0 free_now=1201 sw_prod=82 hw_before(p=0 c=8) hw_after(p=1 c=16) first=0x06f67182 first_stat=0x00a26fc0 last=0x06f67182 last_stat=0x00a26fc0
[ 4032.158587] bcmgenet 12c00000.ethernet eth0: tc7200u tx submit ring=0 q=0 len=98 frags=0 free_now=1200 sw_prod=83 hw_before(p=0 c=8) hw_after(p=1 c=32) first=0x06f66f02 first_stat=0x00a26fc0 last=0x06f66f02 last_stat=0x00a26fc0
[ 4036.118290] bcmgenet 12c00000.ethernet eth0: tc7200u tx submit ring=0 q=0 len=98 frags=0 free_now=1199 sw_prod=84 hw_before(p=0 c=8) hw_after(p=1 c=48) first=0x06f66a02 first_stat=0x00a26fc0 last=0x06f66a02 last_stat=0x00a26fc0
[ 4039.617335] bcmgenet 12c00000.ethernet eth0: tc7200u tx submit ring=0 q=0 len=98 frags=0 free_now=1198 sw_prod=85 hw_before(p=0 c=8) hw_after(p=1 c=64) first=0x06f66c82 first_stat=0x00a26fc0 last=0x06f66c82 last_stat=0x00a26fc0
[ 4043.083415] bcmgenet 12c00000.ethernet eth0: tc7200u tx submit ring=0 q=0 len=98 frags=0 free_now=1197 sw_prod=86 hw_before(p=0 c=8) hw_after(p=1 c=80) first=0x06f66502 first_stat=0x00a26fc0 last=0x06f66502 last_stat=0x00a26fc0
[ 4046.086322] bcmgenet 12c00000.ethernet eth0: tc7200u tx submit ring=0 q=0 len=98 frags=0 free_now=1196 sw_prod=87 hw_before(p=0 c=8) hw_after(p=1 c=96) first=0x06f67682 first_stat=0x00a26fc0 last=0x06f67682 last_stat=0x00a26fc0
[ 4048.999713] bcmgenet 12c00000.ethernet eth0: tc7200u tx submit ring=0 q=0 len=98 frags=0 free_now=1195 sw_prod=88 hw_before(p=0 c=8) hw_after(p=1 c=112) first=0x06f67902 first_stat=0x00a26fc0 last=0x06f67902 last_stat=0x00a26fc0
[ 4051.918733] bcmgenet 12c00000.ethernet eth0: tc7200u tx submit ring=0 q=0 len=98 frags=0 free_now=1194 sw_prod=89 hw_before(p=0 c=8) hw_after(p=1 c=128) first=0x06f67b82 first_stat=0x00a26fc0 last=0x06f67b82 last_stat=0x00a26fc0
[ 4054.878817] bcmgenet 12c00000.ethernet eth0: tc7200u tx submit ring=0 q=0 len=98 frags=0 free_now=1193 sw_prod=90 hw_before(p=0 c=8) hw_after(p=1 c=144) first=0x06f66002 first_stat=0x00a26fc0 last=0x06f66002 last_stat=0x00a26fc0
[ 4057.886577] bcmgenet 12c00000.ethernet eth0: tc7200u tx submit ring=0 q=0 len=98 frags=0 free_now=1192 sw_prod=91 hw_before(p=0 c=8) hw_after(p=1 c=160) first=0x06f8e782 first_stat=0x00a26fc0 last=0x06f8e782 last_stat=0x00a26fc0
[ 4061.203484] bcmgenet 12c00000.ethernet eth0: tc7200u tx submit ring=0 q=0 len=98 frags=0 free_now=1191 sw_prod=92 hw_before(p=0 c=8) hw_after(p=1 c=176) first=0x06f8e002 first_stat=0x00a26fc0 last=0x06f8e002 last_stat=0x00a26fc0
[ 4064.734241] bcmgenet 12c00000.ethernet eth0: tc7200u tx submit ring=0 q=0 len=98 frags=0 free_now=1190 sw_prod=93 hw_before(p=0 c=8) hw_after(p=1 c=192) first=0x06f8f902 first_stat=0x00a26fc0 last=0x06f8f902 last_stat=0x00a26fc0
[ 4068.011131] bcmgenet 12c00000.ethernet eth0: tc7200u tx submit ring=0 q=0 len=98 frags=0 free_now=1189 sw_prod=94 hw_before(p=0 c=8) hw_after(p=1 c=208) first=0x06f8fb82 first_stat=0x00a26fc0 last=0x06f8fb82 last_stat=0x00a26fc0
[ 4071.409745] bcmgenet 12c00000.ethernet eth0: tc7200u tx submit ring=0 q=0 len=98 frags=0 free_now=1188 sw_prod=95 hw_before(p=0 c=8) hw_after(p=1 c=224) first=0x06f8ec82 first_stat=0x00a26fc0 last=0x06f8ec82 last_stat=0x00a26fc0
[ 4074.878158] bcmgenet 12c00000.ethernet eth0: tc7200u tx submit ring=0 q=0 len=98 frags=0 free_now=1187 sw_prod=96 hw_before(p=0 c=8) hw_after(p=1 c=240) first=0x06f8f682 first_stat=0x00a26fc0 last=0x06f8f682 last_stat=0x00a26fc0
[ 4078.383043] bcmgenet 12c00000.ethernet eth0: tc7200u tx submit ring=0 q=0 len=98 frags=0 free_now=1186 sw_prod=97 hw_before(p=0 c=8) hw_after(p=1 c=0) first=0x06f8ef02 first_stat=0x00a26fc0 last=0x06f8ef02 last_stat=0x00a26fc0
[ 4081.714542] bcmgenet 12c00000.ethernet eth0: tc7200u tx submit ring=0 q=0 len=98 frags=0 free_now=1185 sw_prod=98 hw_before(p=0 c=8) hw_after(p=1 c=16) first=0x06f8e502 first_stat=0x00a26fc0 last=0x06f8e502 last_stat=0x00a26fc0
[ 4085.145665] bcmgenet 12c00000.ethernet eth0: tc7200u tx submit ring=0 q=0 len=98 frags=0 free_now=1184 sw_prod=99 hw_before(p=0 c=8) hw_after(p=1 c=32) first=0x06f8f402 first_stat=0x00a26fc0 last=0x06f8f402 last_stat=0x00a26fc0
[ 4088.640438] bcmgenet 12c00000.ethernet eth0: tc7200u tx submit ring=0 q=0 len=98 frags=0 free_now=1183 sw_prod=100 hw_before(p=0 c=8) hw_after(p=1 c=48) first=0x06f8ea02 first_stat=0x00a26fc0 last=0x06f8ea02 last_stat=0x00a26fc0
[ 4091.854512] bcmgenet 12c00000.ethernet eth0: tc7200u tx submit ring=0 q=0 len=98 frags=0 free_now=1182 sw_prod=101 hw_before(p=0 c=8) hw_after(p=1 c=64) first=0x06f8f182 first_stat=0x00a26fc0 last=0x06f8f182 last_stat=0x00a26fc0
[ 4094.854154] bcmgenet 12c00000.ethernet eth0: tc7200u tx submit ring=0 q=0 len=98 frags=0 free_now=1181 sw_prod=102 hw_before(p=0 c=8) hw_after(p=1 c=80) first=0x06f8e282 first_stat=0x00a26fc0 last=0x06f8e282 last_stat=0x00a26fc0
[ 4097.848547] bcmgenet 12c00000.ethernet eth0: tc7200u tx submit ring=0 q=0 len=98 frags=0 free_now=1180 sw_prod=103 hw_before(p=0 c=8) hw_after(p=1 c=96) first=0x068f9182 first_stat=0x00a26fc0 last=0x068f9182 last_stat=0x00a26fc0
[ 4101.655922] bcmgenet 12c00000.ethernet eth0: tc7200u tx submit ring=0 q=0 len=98 frags=0 free_now=1179 sw_prod=104 hw_before(p=0 c=8) hw_after(p=1 c=112) first=0x068f8282 first_stat=0x00a26fc0 last=0x068f8282 last_stat=0x00a26fc0
[ 4104.714072] bcmgenet 12c00000.ethernet eth0: tc7200u tx submit ring=0 q=0 len=98 frags=0 free_now=1178 sw_prod=105 hw_before(p=0 c=8) hw_after(p=1 c=128) first=0x068f9902 first_stat=0x00a26fc0 last=0x068f9902 last_stat=0x00a26fc0
[ 4107.844049] bcmgenet 12c00000.ethernet eth0: tc7200u tx submit ring=0 q=0 len=98 frags=0 free_now=1177 sw_prod=106 hw_before(p=0 c=8) hw_after(p=1 c=144) first=0x068f8502 first_stat=0x00a26fc0 last=0x068f8502 last_stat=0x00a26fc0
[ 4110.782790] bcmgenet 12c00000.ethernet eth0: tc7200u tx submit ring=0 q=0 len=98 frags=0 free_now=1176 sw_prod=107 hw_before(p=0 c=8) hw_after(p=1 c=160) first=0x068f9682 first_stat=0x00a26fc0 last=0x068f9682 last_stat=0x00a26fc0
[ 4113.685825] bcmgenet 12c00000.ethernet eth0: tc7200u tx submit ring=0 q=0 len=98 frags=0 free_now=1175 sw_prod=108 hw_before(p=0 c=8) hw_after(p=1 c=176) first=0x068f9402 first_stat=0x00a26fc0 last=0x068f9402 last_stat=0x00a26fc0
[ 4116.392766] bcmgenet 12c00000.ethernet eth0: tc7200u tx submit ring=0 q=0 len=98 frags=0 free_now=1174 sw_prod=109 hw_before(p=0 c=8) hw_after(p=1 c=192) first=0x068f8782 first_stat=0x00a26fc0 last=0x068f8782 last_stat=0x00a26fc0
[ 4119.311168] bcmgenet 12c00000.ethernet eth0: tc7200u tx submit ring=0 q=0 len=98 frags=0 free_now=1173 sw_prod=110 hw_before(p=0 c=8) hw_after(p=1 c=208) first=0x068f8c82 first_stat=0x00a26fc0 last=0x068f8c82 last_stat=0x00a26fc0
[ 4122.323688] bcmgenet 12c00000.ethernet eth0: tc7200u tx submit ring=0 q=0 len=98 frags=0 free_now=1172 sw_prod=111 hw_before(p=0 c=8) hw_after(p=1 c=224) first=0x068f8002 first_stat=0x00a26fc0 last=0x068f8002 last_stat=0x00a26fc0
[ 4125.360906] bcmgenet 12c00000.ethernet eth0: tc7200u tx submit ring=0 q=0 len=98 frags=0 free_now=1171 sw_prod=112 hw_before(p=0 c=8) hw_after(p=1 c=240) first=0x068f8a02 first_stat=0x00a26fc0 last=0x068f8a02 last_stat=0x00a26fc0
[ 4147.570246] bcmgenet 12c00000.ethernet eth0: tc7200u tx submit ring=0 q=0 len=98 frags=0 free_now=1170 sw_prod=113 hw_before(p=0 c=8) hw_after(p=1 c=0) first=0x068f8f02 first_stat=0x00a26fc0 last=0x068f8f02 last_stat=0x00a26fc0
[ 4148.676847] bcmgenet 12c00000.ethernet eth0: tc7200u tx submit ring=0 q=0 len=98 frags=0 free_now=1169 sw_prod=114 hw_before(p=0 c=8) hw_after(p=1 c=16) first=0x068f9b82 first_stat=0x00a26fc0 last=0x068f9b82 last_stat=0x00a26fc0
[ 4149.785174] bcmgenet 12c00000.ethernet eth0: tc7200u tx submit ring=0 q=0 len=98 frags=0 free_now=1168 sw_prod=115 hw_before(p=0 c=8) hw_after(p=1 c=32) first=0x06c05682 first_stat=0x00a26fc0 last=0x06c05682 last_stat=0x00a26fc0
[ 4150.877360] bcmgenet 12c00000.ethernet eth0: tc7200u tx submit ring=0 q=0 len=98 frags=0 free_now=1167 sw_prod=116 hw_before(p=0 c=8) hw_after(p=1 c=48) first=0x06c04782 first_stat=0x00a26fc0 last=0x06c04782 last_stat=0x00a26fc0
[ 4151.974273] bcmgenet 12c00000.ethernet eth0: tc7200u tx submit ring=0 q=0 len=98 frags=0 free_now=1166 sw_prod=117 hw_before(p=0 c=8) hw_after(p=1 c=64) first=0x06c05182 first_stat=0x00a26fc0 last=0x06c05182 last_stat=0x00a26fc0
[ 4153.053728] bcmgenet 12c00000.ethernet eth0: tc7200u tx submit ring=0 q=0 len=98 frags=0 free_now=1165 sw_prod=118 hw_before(p=0 c=8) hw_after(p=1 c=80) first=0x06c04282 first_stat=0x00a26fc0 last=0x06c04282 last_stat=0x00a26fc0
[ 4154.142827] bcmgenet 12c00000.ethernet eth0: tc7200u tx submit ring=0 q=0 len=98 frags=0 free_now=1164 sw_prod=119 hw_before(p=0 c=8) hw_after(p=1 c=96) first=0x06c04502 first_stat=0x00a26fc0 last=0x06c04502 last_stat=0x00a26fc0
[ 4155.226120] bcmgenet 12c00000.ethernet eth0: tc7200u tx submit ring=0 q=0 len=98 frags=0 free_now=1163 sw_prod=120 hw_before(p=0 c=8) hw_after(p=1 c=112) first=0x06c04c82 first_stat=0x00a26fc0 last=0x06c04c82 last_stat=0x00a26fc0
[ 4156.345055] bcmgenet 12c00000.ethernet eth0: tc7200u tx submit ring=0 q=0 len=98 frags=0 free_now=1162 sw_prod=121 hw_before(p=0 c=8) hw_after(p=1 c=128) first=0x06c04a02 first_stat=0x00a26fc0 last=0x06c04a02 last_stat=0x00a26fc0
[ 4157.417520] bcmgenet 12c00000.ethernet eth0: tc7200u tx submit ring=0 q=0 len=98 frags=0 free_now=1161 sw_prod=122 hw_before(p=0 c=8) hw_after(p=1 c=144) first=0x06c04f02 first_stat=0x00a26fc0 last=0x06c04f02 last_stat=0x00a26fc0
[ 4158.524594] bcmgenet 12c00000.ethernet eth0: tc7200u tx submit ring=0 q=0 len=98 frags=0 free_now=1160 sw_prod=123 hw_before(p=0 c=8) hw_after(p=1 c=160) first=0x06c04002 first_stat=0x00a26fc0 last=0x06c04002 last_stat=0x00a26fc0
[ 4159.614078] bcmgenet 12c00000.ethernet eth0: tc7200u tx submit ring=0 q=0 len=98 frags=0 free_now=1159 sw_prod=124 hw_before(p=0 c=8) hw_after(p=1 c=176) first=0x06c05b82 first_stat=0x00a26fc0 last=0x06c05b82 last_stat=0x00a26fc0
[ 4160.684008] bcmgenet 12c00000.ethernet eth0: tc7200u tx submit ring=0 q=0 len=98 frags=0 free_now=1158 sw_prod=125 hw_before(p=0 c=8) hw_after(p=1 c=192) first=0x06c05402 first_stat=0x00a26fc0 last=0x06c05402 last_stat=0x00a26fc0
[ 4161.744486] bcmgenet 12c00000.ethernet eth0: tc7200u tx submit ring=0 q=0 len=98 frags=0 free_now=1157 sw_prod=126 hw_before(p=0 c=8) hw_after(p=1 c=208) first=0x06c05902 first_stat=0x00a26fc0 last=0x06c05902 last_stat=0x00a26fc0
[ 4162.825841] bcmgenet 12c00000.ethernet eth0: tc7200u tx submit ring=0 q=0 len=98 frags=0 free_now=1156 sw_prod=127 hw_before(p=0 c=8) hw_after(p=1 c=224) first=0x06fb1682 first_stat=0x00a26fc0 last=0x06fb1682 last_stat=0x00a26fc0
[ 4163.935663] bcmgenet 12c00000.ethernet eth0: tc7200u tx submit ring=0 q=0 len=98 frags=0 free_now=1155 sw_prod=128 hw_before(p=0 c=8) hw_after(p=1 c=240) first=0x06fb1b82 first_stat=0x00a26fc0 last=0x06fb1b82 last_stat=0x00a26fc0
[ 4165.035716] bcmgenet 12c00000.ethernet eth0: tc7200u tx submit ring=0 q=0 len=98 frags=0 free_now=1154 sw_prod=129 hw_before(p=0 c=8) hw_after(p=1 c=0) first=0x06fb1902 first_stat=0x00a26fc0 last=0x06fb1902 last_stat=0x00a26fc0
[ 4166.134529] bcmgenet 12c00000.ethernet eth0: tc7200u tx submit ring=0 q=0 len=98 frags=0 free_now=1153 sw_prod=130 hw_before(p=0 c=8) hw_after(p=1 c=16) first=0x06fb0002 first_stat=0x00a26fc0 last=0x06fb0002 last_stat=0x00a26fc0
[ 4167.224959] bcmgenet 12c00000.ethernet eth0: tc7200u tx submit ring=0 q=0 len=98 frags=0 free_now=1152 sw_prod=131 hw_before(p=0 c=8) hw_after(p=1 c=32) first=0x06fb0282 first_stat=0x00a26fc0 last=0x06fb0282 last_stat=0x00a26fc0
[ 4184.568885] bcmgenet 12c00000.ethernet eth0: tc7200u tx submit ring=0 q=0 len=98 frags=0 free_now=1151 sw_prod=132 hw_before(p=0 c=8) hw_after(p=1 c=48) first=0x06fb1182 first_stat=0x00a26fc0 last=0x06fb1182 last_stat=0x00a26fc0
[ 4187.543369] bcmgenet 12c00000.ethernet eth0: tc7200u tx submit ring=0 q=0 len=98 frags=0 free_now=1150 sw_prod=133 hw_before(p=0 c=8) hw_after(p=1 c=64) first=0x06fb0782 first_stat=0x00a26fc0 last=0x06fb0782 last_stat=0x00a26fc0
[ 4190.514351] bcmgenet 12c00000.ethernet eth0: tc7200u tx submit ring=0 q=0 len=98 frags=0 free_now=1149 sw_prod=134 hw_before(p=0 c=8) hw_after(p=1 c=80) first=0x06fb1402 first_stat=0x00a26fc0 last=0x06fb1402 last_stat=0x00a26fc0
[ 4193.574029] bcmgenet 12c00000.ethernet eth0: tc7200u tx submit ring=0 q=0 len=98 frags=0 free_now=1148 sw_prod=135 hw_before(p=0 c=8) hw_after(p=1 c=96) first=0x06fb0a02 first_stat=0x00a26fc0 last=0x06fb0a02 last_stat=0x00a26fc0
[ 4196.540064] bcmgenet 12c00000.ethernet eth0: tc7200u tx submit ring=0 q=0 len=98 frags=0 free_now=1147 sw_prod=136 hw_before(p=0 c=8) hw_after(p=1 c=112) first=0x06fb0f02 first_stat=0x00a26fc0 last=0x06fb0f02 last_stat=0x00a26fc0
[ 4199.445279] bcmgenet 12c00000.ethernet eth0: tc7200u tx submit ring=0 q=0 len=98 frags=0 free_now=1146 sw_prod=137 hw_before(p=0 c=8) hw_after(p=1 c=128) first=0x06fb0c82 first_stat=0x00a26fc0 last=0x06fb0c82 last_stat=0x00a26fc0
[ 4202.367045] bcmgenet 12c00000.ethernet eth0: tc7200u tx submit ring=0 q=0 len=98 frags=0 free_now=1145 sw_prod=138 hw_before(p=0 c=8) hw_after(p=1 c=144) first=0x06fb0502 first_stat=0x00a26fc0 last=0x06fb0502 last_stat=0x00a26fc0
[ 4205.108758] bcmgenet 12c00000.ethernet eth0: tc7200u tx submit ring=0 q=0 len=98 frags=0 free_now=1144 sw_prod=139 hw_before(p=0 c=8) hw_after(p=1 c=160) first=0x06f06a02 first_stat=0x00a26fc0 last=0x06f06a02 last_stat=0x00a26fc0
[ 4208.007143] bcmgenet 12c00000.ethernet eth0: tc7200u tx submit ring=0 q=0 len=98 frags=0 free_now=1143 sw_prod=140 hw_before(p=0 c=8) hw_after(p=1 c=176) first=0x06f07402 first_stat=0x00a26fc0 last=0x06f07402 last_stat=0x00a26fc0
[ 4210.962808] bcmgenet 12c00000.ethernet eth0: tc7200u tx submit ring=0 q=0 len=98 frags=0 free_now=1142 sw_prod=141 hw_before(p=0 c=8) hw_after(p=1 c=192) first=0x06f06c82 first_stat=0x00a26fc0 last=0x06f06c82 last_stat=0x00a26fc0
[ 4213.668312] bcmgenet 12c00000.ethernet eth0: tc7200u tx submit ring=0 q=0 len=98 frags=0 free_now=1141 sw_prod=142 hw_before(p=0 c=8) hw_after(p=1 c=208) first=0x06f06502 first_stat=0x00a26fc0 last=0x06f06502 last_stat=0x00a26fc0
[ 4216.487224] bcmgenet 12c00000.ethernet eth0: tc7200u tx submit ring=0 q=0 len=98 frags=0 free_now=1140 sw_prod=143 hw_before(p=0 c=8) hw_after(p=1 c=224) first=0x06f06f02 first_stat=0x00a26fc0 last=0x06f06f02 last_stat=0x00a26fc0
[ 4219.432792] bcmgenet 12c00000.ethernet eth0: tc7200u tx submit ring=0 q=0 len=98 frags=0 free_now=1139 sw_prod=144 hw_before(p=0 c=8) hw_after(p=1 c=240) first=0x06f07902 first_stat=0x00a26fc0 last=0x06f07902 last_stat=0x00a26fc0
[ 4222.337840] bcmgenet 12c00000.ethernet eth0: tc7200u tx submit ring=0 q=0 len=98 frags=0 free_now=1138 sw_prod=145 hw_before(p=0 c=8) hw_after(p=1 c=0) first=0x06f07682 first_stat=0x00a26fc0 last=0x06f07682 last_stat=0x00a26fc0
[ 4225.290587] bcmgenet 12c00000.ethernet eth0: tc7200u tx submit ring=0 q=0 len=98 frags=0 free_now=1137 sw_prod=146 hw_before(p=0 c=8) hw_after(p=1 c=16) first=0x06f07b82 first_stat=0x00a26fc0 last=0x06f07b82 last_stat=0x00a26fc0
[ 4228.175041] bcmgenet 12c00000.ethernet eth0: tc7200u tx submit ring=0 q=0 len=98 frags=0 free_now=1136 sw_prod=147 hw_before(p=0 c=8) hw_after(p=1 c=32) first=0x06f06002 first_stat=0x00a26fc0 last=0x06f06002 last_stat=0x00a26fc0
[ 4231.086596] bcmgenet 12c00000.ethernet eth0: tc7200u tx submit ring=0 q=0 len=98 frags=0 free_now=1135 sw_prod=148 hw_before(p=0 c=8) hw_after(p=1 c=48) first=0x06f06782 first_stat=0x00a26fc0 last=0x06f06782 last_stat=0x00a26fc0
[ 4234.045780] bcmgenet 12c00000.ethernet eth0: tc7200u tx submit ring=0 q=0 len=98 frags=0 free_now=1134 sw_prod=149 hw_before(p=0 c=8) hw_after(p=1 c=64) first=0x06f06282 first_stat=0x00a26fc0 last=0x06f06282 last_stat=0x00a26fc0
[ 4237.038588] bcmgenet 12c00000.ethernet eth0: tc7200u tx submit ring=0 q=0 len=98 frags=0 free_now=1133 sw_prod=150 hw_before(p=0 c=8) hw_after(p=1 c=80) first=0x06f07182 first_stat=0x00a26fc0 last=0x06f07182 last_stat=0x00a26fc0
[ 4240.233858] bcmgenet 12c00000.ethernet eth0: tc7200u tx submit ring=0 q=0 len=98 frags=0 free_now=1386 sw_prod=151 hw_before(p=0 c=8) hw_after(p=1 c=96) first=0x06df3902 first_stat=0x00a26fc0 last=0x06df3902 last_stat=0x00a26fc0
[ 4243.256353] bcmgenet 12c00000.ethernet eth0: tc7200u tx submit ring=0 q=0 len=98 frags=0 free_now=1385 sw_prod=152 hw_before(p=0 c=8) hw_after(p=1 c=112) first=0x06df3b82 first_stat=0x00a26fc0 last=0x06df3b82 last_stat=0x00a26fc0
[ 4246.285157] bcmgenet 12c00000.ethernet eth0: tc7200u tx submit ring=0 q=0 len=98 frags=0 free_now=1384 sw_prod=153 hw_before(p=0 c=8) hw_after(p=1 c=128) first=0x06df2782 first_stat=0x00a26fc0 last=0x06df2782 last_stat=0x00a26fc0
[ 4248.743805] bcmgenet 12c00000.ethernet eth0: tc7200u tx submit ring=0 q=0 len=98 frags=0 free_now=1383 sw_prod=154 hw_before(p=0 c=8) hw_after(p=1 c=144) first=0x06df2002 first_stat=0x00a26fc0 last=0x06df2002 last_stat=0x00a26fc0
[ 4251.577325] bcmgenet 12c00000.ethernet eth0: tc7200u tx submit ring=0 q=0 len=98 frags=0 free_now=1382 sw_prod=155 hw_before(p=0 c=8) hw_after(p=1 c=160) first=0x06df3182 first_stat=0x00a26fc0 last=0x06df3182 last_stat=0x00a26fc0
[ 4254.532672] bcmgenet 12c00000.ethernet eth0: tc7200u tx submit ring=0 q=0 len=98 frags=0 free_now=1381 sw_prod=156 hw_before(p=0 c=8) hw_after(p=1 c=176) first=0x06df3402 first_stat=0x00a26fc0 last=0x06df3402 last_stat=0x00a26fc0
[ 4257.123809] bcmgenet 12c00000.ethernet eth0: tc7200u tx submit ring=0 q=0 len=98 frags=0 free_now=1380 sw_prod=157 hw_before(p=0 c=8) hw_after(p=1 c=192) first=0x06df2282 first_stat=0x00a26fc0 last=0x06df2282 last_stat=0x00a26fc0
[ 4260.025140] bcmgenet 12c00000.ethernet eth0: tc7200u tx submit ring=0 q=0 len=98 frags=0 free_now=1379 sw_prod=158 hw_before(p=0 c=8) hw_after(p=1 c=208) first=0x06df2a02 first_stat=0x00a26fc0 last=0x06df2a02 last_stat=0x00a26fc0
[ 4262.996933] bcmgenet 12c00000.ethernet eth0: tc7200u tx submit ring=0 q=0 len=98 frags=0 free_now=1378 sw_prod=159 hw_before(p=0 c=8) hw_after(p=1 c=224) first=0x06df2c82 first_stat=0x00a26fc0 last=0x06df2c82 last_stat=0x00a26fc0
[ 4265.985799] bcmgenet 12c00000.ethernet eth0: tc7200u tx submit ring=0 q=0 len=98 frags=0 free_now=1377 sw_prod=160 hw_before(p=0 c=8) hw_after(p=1 c=240) first=0x06df2f02 first_stat=0x00a26fc0 last=0x06df2f02 last_stat=0x00a26fc0
[ 4268.963327] bcmgenet 12c00000.ethernet eth0: tc7200u tx submit ring=0 q=0 len=98 frags=0 free_now=1376 sw_prod=161 hw_before(p=0 c=8) hw_after(p=1 c=0) first=0x06df2502 first_stat=0x00a26fc0 last=0x06df2502 last_stat=0x00a26fc0
[ 4271.935251] bcmgenet 12c00000.ethernet eth0: tc7200u tx submit ring=0 q=0 len=98 frags=0 free_now=1375 sw_prod=162 hw_before(p=0 c=8) hw_after(p=1 c=16) first=0x06df3682 first_stat=0x00a26fc0 last=0x06df3682 last_stat=0x00a26fc0
[ 4274.893029] bcmgenet 12c00000.ethernet eth0: tc7200u tx submit ring=0 q=0 len=98 frags=0 free_now=1374 sw_prod=163 hw_before(p=0 c=8) hw_after(p=1 c=32) first=0x06f07182 first_stat=0x00a26fc0 last=0x06f07182 last_stat=0x00a26fc0
[ 4277.758568] bcmgenet 12c00000.ethernet eth0: tc7200u tx submit ring=0 q=0 len=98 frags=0 free_now=1373 sw_prod=164 hw_before(p=0 c=8) hw_after(p=1 c=48) first=0x06f06282 first_stat=0x00a26fc0 last=0x06f06282 last_stat=0x00a26fc0
[ 4280.729760] bcmgenet 12c00000.ethernet eth0: tc7200u tx submit ring=0 q=0 len=98 frags=0 free_now=1372 sw_prod=165 hw_before(p=0 c=8) hw_after(p=1 c=64) first=0x06f06782 first_stat=0x00a26fc0 last=0x06f06782 last_stat=0x00a26fc0
[ 4283.775074] bcmgenet 12c00000.ethernet eth0: tc7200u tx submit ring=0 q=0 len=98 frags=0 free_now=1371 sw_prod=166 hw_before(p=0 c=8) hw_after(p=1 c=80) first=0x06f06002 first_stat=0x00a26fc0 last=0x06f06002 last_stat=0x00a26fc0
[ 4286.673976] bcmgenet 12c00000.ethernet eth0: tc7200u tx submit ring=0 q=0 len=98 frags=0 free_now=1370 sw_prod=167 hw_before(p=0 c=8) hw_after(p=1 c=96) first=0x06f07b82 first_stat=0x00a26fc0 last=0x06f07b82 last_stat=0x00a26fc0
[ 4289.657577] bcmgenet 12c00000.ethernet eth0: tc7200u tx submit ring=0 q=0 len=98 frags=0 free_now=1369 sw_prod=168 hw_before(p=0 c=8) hw_after(p=1 c=112) first=0x06f07902 first_stat=0x00a26fc0 last=0x06f07902 last_stat=0x00a26fc0
[ 4292.224471] bcmgenet 12c00000.ethernet eth0: tc7200u tx submit ring=0 q=0 len=98 frags=0 free_now=1368 sw_prod=169 hw_before(p=0 c=8) hw_after(p=1 c=128) first=0x06f07682 first_stat=0x00a26fc0 last=0x06f07682 last_stat=0x00a26fc0
[ 4295.216208] bcmgenet 12c00000.ethernet eth0: tc7200u tx submit ring=0 q=0 len=98 frags=0 free_now=1367 sw_prod=170 hw_before(p=0 c=8) hw_after(p=1 c=144) first=0x06f06502 first_stat=0x00a26fc0 last=0x06f06502 last_stat=0x00a26fc0
[ 4298.248136] bcmgenet 12c00000.ethernet eth0: tc7200u tx submit ring=0 q=0 len=98 frags=0 free_now=1366 sw_prod=171 hw_before(p=0 c=8) hw_after(p=1 c=160) first=0x06f06c82 first_stat=0x00a26fc0 last=0x06f06c82 last_stat=0x00a26fc0
[ 4321.296104] bcmgenet 12c00000.ethernet eth0: tc7200u tx submit ring=0 q=0 len=98 frags=0 free_now=1365 sw_prod=172 hw_before(p=0 c=8) hw_after(p=1 c=176) first=0x06f07402 first_stat=0x00a26fc0 last=0x06f07402 last_stat=0x00a26fc0
[ 4322.440874] bcmgenet 12c00000.ethernet eth0: tc7200u tx submit ring=0 q=0 len=98 frags=0 free_now=1364 sw_prod=173 hw_before(p=0 c=8) hw_after(p=1 c=192) first=0x06f06f02 first_stat=0x00a26fc0 last=0x06f06f02 last_stat=0x00a26fc0
[ 4323.552768] bcmgenet 12c00000.ethernet eth0: tc7200u tx submit ring=0 q=0 len=98 frags=0 free_now=1363 sw_prod=174 hw_before(p=0 c=8) hw_after(p=1 c=208) first=0x06f06a02 first_stat=0x00a26fc0 last=0x06f06a02 last_stat=0x00a26fc0
[ 4324.680868] bcmgenet 12c00000.ethernet eth0: tc7200u tx submit ring=0 q=0 len=98 frags=0 free_now=1362 sw_prod=175 hw_before(p=0 c=8) hw_after(p=1 c=224) first=0x06fb0502 first_stat=0x00a26fc0 last=0x06fb0502 last_stat=0x00a26fc0
[ 4325.782439] bcmgenet 12c00000.ethernet eth0: tc7200u tx submit ring=0 q=0 len=98 frags=0 free_now=1361 sw_prod=176 hw_before(p=0 c=8) hw_after(p=1 c=240) first=0x06fb0c82 first_stat=0x00a26fc0 last=0x06fb0c82 last_stat=0x00a26fc0
[ 4326.906690] bcmgenet 12c00000.ethernet eth0: tc7200u tx submit ring=0 q=0 len=98 frags=0 free_now=1360 sw_prod=177 hw_before(p=0 c=8) hw_after(p=1 c=0) first=0x06fb0f02 first_stat=0x00a26fc0 last=0x06fb0f02 last_stat=0x00a26fc0
[ 4328.054843] bcmgenet 12c00000.ethernet eth0: tc7200u tx submit ring=0 q=0 len=98 frags=0 free_now=1359 sw_prod=178 hw_before(p=0 c=8) hw_after(p=1 c=16) first=0x06fb0a02 first_stat=0x00a26fc0 last=0x06fb0a02 last_stat=0x00a26fc0
[ 4329.185611] bcmgenet 12c00000.ethernet eth0: tc7200u tx submit ring=0 q=0 len=98 frags=0 free_now=1358 sw_prod=179 hw_before(p=0 c=8) hw_after(p=1 c=32) first=0x06fb1402 first_stat=0x00a26fc0 last=0x06fb1402 last_stat=0x00a26fc0
[ 4330.333337] bcmgenet 12c00000.ethernet eth0: tc7200u tx submit ring=0 q=0 len=98 frags=0 free_now=1357 sw_prod=180 hw_before(p=0 c=8) hw_after(p=1 c=48) first=0x06fb0782 first_stat=0x00a26fc0 last=0x06fb0782 last_stat=0x00a26fc0
[ 4331.454291] bcmgenet 12c00000.ethernet eth0: tc7200u tx submit ring=0 q=0 len=98 frags=0 free_now=1356 sw_prod=181 hw_before(p=0 c=8) hw_after(p=1 c=64) first=0x06fb1182 first_stat=0x00a26fc0 last=0x06fb1182 last_stat=0x00a26fc0
[ 4332.562471] bcmgenet 12c00000.ethernet eth0: tc7200u tx submit ring=0 q=0 len=98 frags=0 free_now=1355 sw_prod=182 hw_before(p=0 c=8) hw_after(p=1 c=80) first=0x06fb0282 first_stat=0x00a26fc0 last=0x06fb0282 last_stat=0x00a26fc0
[ 4333.694085] bcmgenet 12c00000.ethernet eth0: tc7200u tx submit ring=0 q=0 len=98 frags=0 free_now=1354 sw_prod=183 hw_before(p=0 c=8) hw_after(p=1 c=96) first=0x06fb0002 first_stat=0x00a26fc0 last=0x06fb0002 last_stat=0x00a26fc0
[ 4334.817283] bcmgenet 12c00000.ethernet eth0: tc7200u tx submit ring=0 q=0 len=98 frags=0 free_now=1353 sw_prod=184 hw_before(p=0 c=8) hw_after(p=1 c=112) first=0x06fb1902 first_stat=0x00a26fc0 last=0x06fb1902 last_stat=0x00a26fc0
[ 4335.951105] bcmgenet 12c00000.ethernet eth0: tc7200u tx submit ring=0 q=0 len=98 frags=0 free_now=1352 sw_prod=185 hw_before(p=0 c=8) hw_after(p=1 c=128) first=0x06fb1b82 first_stat=0x00a26fc0 last=0x06fb1b82 last_stat=0x00a26fc0
[ 4337.085425] bcmgenet 12c00000.ethernet eth0: tc7200u tx submit ring=0 q=0 len=98 frags=0 free_now=1351 sw_prod=186 hw_before(p=0 c=8) hw_after(p=1 c=144) first=0x06fb1682 first_stat=0x00a26fc0 last=0x06fb1682 last_stat=0x00a26fc0
[ 4338.206820] bcmgenet 12c00000.ethernet eth0: tc7200u tx submit ring=0 q=0 len=98 frags=0 free_now=1350 sw_prod=187 hw_before(p=0 c=8) hw_after(p=1 c=160) first=0x06c05902 first_stat=0x00a26fc0 last=0x06c05902 last_stat=0x00a26fc0
[ 4339.335456] bcmgenet 12c00000.ethernet eth0: tc7200u tx submit ring=0 q=0 len=98 frags=0 free_now=1349 sw_prod=188 hw_before(p=0 c=8) hw_after(p=1 c=176) first=0x06c05402 first_stat=0x00a26fc0 last=0x06c05402 last_stat=0x00a26fc0
[ 4340.453265] bcmgenet 12c00000.ethernet eth0: tc7200u tx submit ring=0 q=0 len=98 frags=0 free_now=1348 sw_prod=189 hw_before(p=0 c=8) hw_after(p=1 c=192) first=0x06c04002 first_stat=0x00a26fc0 last=0x06c04002 last_stat=0x00a26fc0
[ 4361.015594] bcmgenet 12c00000.ethernet eth0: tc7200u tx submit ring=0 q=0 len=98 frags=0 free_now=1347 sw_prod=190 hw_before(p=0 c=8) hw_after(p=1 c=208) first=0x06c04f02 first_stat=0x00a26fc0 last=0x06c04f02 last_stat=0x00a26fc0
[ 4364.426777] bcmgenet 12c00000.ethernet eth0: tc7200u tx submit ring=0 q=0 len=98 frags=0 free_now=1346 sw_prod=191 hw_before(p=0 c=8) hw_after(p=1 c=224) first=0x06c05b82 first_stat=0x00a26fc0 last=0x06c05b82 last_stat=0x00a26fc0
[ 4367.930025] bcmgenet 12c00000.ethernet eth0: tc7200u tx submit ring=0 q=0 len=98 frags=0 free_now=1345 sw_prod=192 hw_before(p=0 c=8) hw_after(p=1 c=240) first=0x06c04a02 first_stat=0x00a26fc0 last=0x06c04a02 last_stat=0x00a26fc0
[ 4371.306490] bcmgenet 12c00000.ethernet eth0: tc7200u tx submit ring=0 q=0 len=98 frags=0 free_now=1344 sw_prod=193 hw_before(p=0 c=8) hw_after(p=1 c=0) first=0x06c04c82 first_stat=0x00a26fc0 last=0x06c04c82 last_stat=0x00a26fc0
[ 4374.646241] bcmgenet 12c00000.ethernet eth0: tc7200u tx submit ring=0 q=0 len=98 frags=0 free_now=1343 sw_prod=194 hw_before(p=0 c=8) hw_after(p=1 c=16) first=0x06c04502 first_stat=0x00a26fc0 last=0x06c04502 last_stat=0x00a26fc0
[ 4377.984027] bcmgenet 12c00000.ethernet eth0: tc7200u tx submit ring=0 q=0 len=98 frags=0 free_now=1342 sw_prod=195 hw_before(p=0 c=8) hw_after(p=1 c=32) first=0x06c04282 first_stat=0x00a26fc0 last=0x06c04282 last_stat=0x00a26fc0
[ 4381.394661] bcmgenet 12c00000.ethernet eth0: tc7200u tx submit ring=0 q=0 len=98 frags=0 free_now=1341 sw_prod=196 hw_before(p=0 c=8) hw_after(p=1 c=48) first=0x06c05182 first_stat=0x00a26fc0 last=0x06c05182 last_stat=0x00a26fc0
[ 4384.903256] bcmgenet 12c00000.ethernet eth0: tc7200u tx submit ring=0 q=0 len=98 frags=0 free_now=1340 sw_prod=197 hw_before(p=0 c=8) hw_after(p=1 c=64) first=0x06c04782 first_stat=0x00a26fc0 last=0x06c04782 last_stat=0x00a26fc0
[ 4388.309430] bcmgenet 12c00000.ethernet eth0: tc7200u tx submit ring=0 q=0 len=98 frags=0 free_now=1339 sw_prod=198 hw_before(p=0 c=8) hw_after(p=1 c=80) first=0x06c05682 first_stat=0x00a26fc0 last=0x06c05682 last_stat=0x00a26fc0
[ 4391.835070] bcmgenet 12c00000.ethernet eth0: tc7200u tx submit ring=0 q=0 len=98 frags=0 free_now=1338 sw_prod=199 hw_before(p=0 c=8) hw_after(p=1 c=96) first=0x068f9b82 first_stat=0x00a26fc0 last=0x068f9b82 last_stat=0x00a26fc0
[ 4395.374270] bcmgenet 12c00000.ethernet eth0: tc7200u tx submit ring=0 q=0 len=98 frags=0 free_now=1337 sw_prod=200 hw_before(p=0 c=8) hw_after(p=1 c=112) first=0x068f8f02 first_stat=0x00a26fc0 last=0x068f8f02 last_stat=0x00a26fc0
[ 4399.417271] bcmgenet 12c00000.ethernet eth0: tc7200u tx submit ring=0 q=0 len=98 frags=0 free_now=1336 sw_prod=201 hw_before(p=0 c=8) hw_after(p=1 c=128) first=0x068f8002 first_stat=0x00a26fc0 last=0x068f8002 last_stat=0x00a26fc0
[ 4402.575167] bcmgenet 12c00000.ethernet eth0: tc7200u tx submit ring=0 q=0 len=98 frags=0 free_now=1335 sw_prod=202 hw_before(p=0 c=8) hw_after(p=1 c=144) first=0x068f8a02 first_stat=0x00a26fc0 last=0x068f8a02 last_stat=0x00a26fc0
[ 4406.235541] bcmgenet 12c00000.ethernet eth0: tc7200u tx submit ring=0 q=0 len=98 frags=0 free_now=1334 sw_prod=203 hw_before(p=0 c=8) hw_after(p=1 c=160) first=0x068f9402 first_stat=0x00a26fc0 last=0x068f9402 last_stat=0x00a26fc0
[ 4409.215914] bcmgenet 12c00000.ethernet eth0: tc7200u tx submit ring=0 q=0 len=98 frags=0 free_now=1333 sw_prod=204 hw_before(p=0 c=8) hw_after(p=1 c=176) first=0x068f8782 first_stat=0x00a26fc0 last=0x068f8782 last_stat=0x00a26fc0
[ 4411.716482] bcmgenet 12c00000.ethernet eth0: tc7200u tx submit ring=0 q=0 len=98 frags=0 free_now=1332 sw_prod=205 hw_before(p=0 c=8) hw_after(p=1 c=192) first=0x068f8c82 first_stat=0x00a26fc0 last=0x068f8c82 last_stat=0x00a26fc0
[ 4414.539383] bcmgenet 12c00000.ethernet eth0: tc7200u tx submit ring=0 q=0 len=98 frags=0 free_now=1331 sw_prod=206 hw_before(p=0 c=8) hw_after(p=1 c=208) first=0x068f9682 first_stat=0x00a26fc0 last=0x068f9682 last_stat=0x00a26fc0
[ 4417.583731] bcmgenet 12c00000.ethernet eth0: tc7200u tx submit ring=0 q=0 len=98 frags=0 free_now=1330 sw_prod=207 hw_before(p=0 c=8) hw_after(p=1 c=224) first=0x068f9902 first_stat=0x00a26fc0 last=0x068f9902 last_stat=0x00a26fc0
[ 4420.523810] bcmgenet 12c00000.ethernet eth0: tc7200u tx submit ring=0 q=0 len=98 frags=0 free_now=1329 sw_prod=208 hw_before(p=0 c=8) hw_after(p=1 c=240) first=0x068f8502 first_stat=0x00a26fc0 last=0x068f8502 last_stat=0x00a26fc0
[ 4423.494467] bcmgenet 12c00000.ethernet eth0: tc7200u tx submit ring=0 q=0 len=98 frags=0 free_now=1328 sw_prod=209 hw_before(p=0 c=8) hw_after(p=1 c=0) first=0x068f8282 first_stat=0x00a26fc0 last=0x068f8282 last_stat=0x00a26fc0
[ 4426.357760] bcmgenet 12c00000.ethernet eth0: tc7200u tx submit ring=0 q=0 len=98 frags=0 free_now=1327 sw_prod=210 hw_before(p=0 c=8) hw_after(p=1 c=16) first=0x068f9182 first_stat=0x00a26fc0 last=0x068f9182 last_stat=0x00a26fc0
[ 4429.285342] bcmgenet 12c00000.ethernet eth0: tc7200u tx submit ring=0 q=0 len=98 frags=0 free_now=1326 sw_prod=211 hw_before(p=0 c=8) hw_after(p=1 c=32) first=0x06f8e282 first_stat=0x00a26fc0 last=0x06f8e282 last_stat=0x00a26fc0
[ 4432.244271] bcmgenet 12c00000.ethernet eth0: tc7200u tx submit ring=0 q=0 len=98 frags=0 free_now=1325 sw_prod=212 hw_before(p=0 c=8) hw_after(p=1 c=48) first=0x06f8f182 first_stat=0x00a26fc0 last=0x06f8f182 last_stat=0x00a26fc0
[ 4435.140670] bcmgenet 12c00000.ethernet eth0: tc7200u tx submit ring=0 q=0 len=98 frags=0 free_now=1324 sw_prod=213 hw_before(p=0 c=8) hw_after(p=1 c=64) first=0x06f8ea02 first_stat=0x00a26fc0 last=0x06f8ea02 last_stat=0x00a26fc0
[ 4438.059345] bcmgenet 12c00000.ethernet eth0: tc7200u tx submit ring=0 q=0 len=98 frags=0 free_now=1323 sw_prod=214 hw_before(p=0 c=8) hw_after(p=1 c=80) first=0x06f8f402 first_stat=0x00a26fc0 last=0x06f8f402 last_stat=0x00a26fc0
[ 4441.073342] bcmgenet 12c00000.ethernet eth0: tc7200u tx submit ring=0 q=0 len=98 frags=0 free_now=1322 sw_prod=215 hw_before(p=0 c=8) hw_after(p=1 c=96) first=0x06f8e502 first_stat=0x00a26fc0 last=0x06f8e502 last_stat=0x00a26fc0
[ 4444.017218] bcmgenet 12c00000.ethernet eth0: tc7200u tx submit ring=0 q=0 len=98 frags=0 free_now=1321 sw_prod=216 hw_before(p=0 c=8) hw_after(p=1 c=112) first=0x06f8f682 first_stat=0x00a26fc0 last=0x06f8f682 last_stat=0x00a26fc0
[ 4446.568069] bcmgenet 12c00000.ethernet eth0: tc7200u tx submit ring=0 q=0 len=98 frags=0 free_now=1320 sw_prod=217 hw_before(p=0 c=8) hw_after(p=1 c=128) first=0x06f8ef02 first_stat=0x00a26fc0 last=0x06f8ef02 last_stat=0x00a26fc0
[ 4449.580485] bcmgenet 12c00000.ethernet eth0: tc7200u tx submit ring=0 q=0 len=98 frags=0 free_now=1319 sw_prod=218 hw_before(p=0 c=8) hw_after(p=1 c=144) first=0x06f8fb82 first_stat=0x00a26fc0 last=0x06f8fb82 last_stat=0x00a26fc0
[ 4452.549660] bcmgenet 12c00000.ethernet eth0: tc7200u tx submit ring=0 q=0 len=98 frags=0 free_now=1318 sw_prod=219 hw_before(p=0 c=8) hw_after(p=1 c=160) first=0x06f8f902 first_stat=0x00a26fc0 last=0x06f8f902 last_stat=0x00a26fc0
[ 4454.976442] bcmgenet 12c00000.ethernet eth0: tc7200u tx submit ring=0 q=0 len=98 frags=0 free_now=1317 sw_prod=220 hw_before(p=0 c=8) hw_after(p=1 c=176) first=0x06f8ec82 first_stat=0x00a26fc0 last=0x06f8ec82 last_stat=0x00a26fc0
[ 4457.946002] bcmgenet 12c00000.ethernet eth0: tc7200u tx submit ring=0 q=0 len=98 frags=0 free_now=1316 sw_prod=221 hw_before(p=0 c=8) hw_after(p=1 c=192) first=0x06f8e002 first_stat=0x00a26fc0 last=0x06f8e002 last_stat=0x00a26fc0
[ 4460.876163] bcmgenet 12c00000.ethernet eth0: tc7200u tx submit ring=0 q=0 len=98 frags=0 free_now=1315 sw_prod=222 hw_before(p=0 c=8) hw_after(p=1 c=208) first=0x06f66002 first_stat=0x00a26fc0 last=0x06f66002 last_stat=0x00a26fc0
[ 4463.785136] bcmgenet 12c00000.ethernet eth0: tc7200u tx submit ring=0 q=0 len=98 frags=0 free_now=1314 sw_prod=223 hw_before(p=0 c=8) hw_after(p=1 c=224) first=0x06f67b82 first_stat=0x00a26fc0 last=0x06f67b82 last_stat=0x00a26fc0
[ 4466.676006] bcmgenet 12c00000.ethernet eth0: tc7200u tx submit ring=0 q=0 len=98 frags=0 free_now=1313 sw_prod=224 hw_before(p=0 c=8) hw_after(p=1 c=240) first=0x06f67902 first_stat=0x00a26fc0 last=0x06f67902 last_stat=0x00a26fc0
[ 4469.992768] bcmgenet 12c00000.ethernet eth0: tc7200u tx submit ring=0 q=0 len=98 frags=0 free_now=1312 sw_prod=225 hw_before(p=0 c=8) hw_after(p=1 c=0) first=0x06f67682 first_stat=0x00a26fc0 last=0x06f67682 last_stat=0x00a26fc0
[ 4472.925453] bcmgenet 12c00000.ethernet eth0: tc7200u tx submit ring=0 q=0 len=98 frags=0 free_now=1311 sw_prod=226 hw_before(p=0 c=8) hw_after(p=1 c=16) first=0x06f66502 first_stat=0x00a26fc0 last=0x06f66502 last_stat=0x00a26fc0
[ 4475.828889] bcmgenet 12c00000.ethernet eth0: tc7200u tx submit ring=0 q=0 len=98 frags=0 free_now=1310 sw_prod=227 hw_before(p=0 c=8) hw_after(p=1 c=32) first=0x06f66c82 first_stat=0x00a26fc0 last=0x06f66c82 last_stat=0x00a26fc0
[ 4478.778590] bcmgenet 12c00000.ethernet eth0: tc7200u tx submit ring=0 q=0 len=98 frags=0 free_now=1309 sw_prod=228 hw_before(p=0 c=8) hw_after(p=1 c=48) first=0x06f66a02 first_stat=0x00a26fc0 last=0x06f66a02 last_stat=0x00a26fc0
[ 4481.694376] bcmgenet 12c00000.ethernet eth0: tc7200u tx submit ring=0 q=0 len=98 frags=0 free_now=1308 sw_prod=229 hw_before(p=0 c=8) hw_after(p=1 c=64) first=0x06f66f02 first_stat=0x00a26fc0 last=0x06f66f02 last_stat=0x00a26fc0
[ 4502.534921] bcmgenet 12c00000.ethernet eth0: tc7200u tx submit ring=0 q=0 len=98 frags=0 free_now=1307 sw_prod=230 hw_before(p=0 c=8) hw_after(p=1 c=80) first=0x06f67402 first_stat=0x00a26fc0 last=0x06f67402 last_stat=0x00a26fc0
[ 4503.615737] bcmgenet 12c00000.ethernet eth0: tc7200u tx submit ring=0 q=0 len=98 frags=0 free_now=1306 sw_prod=231 hw_before(p=0 c=8) hw_after(p=1 c=96) first=0x06f66782 first_stat=0x00a26fc0 last=0x06f66782 last_stat=0x00a26fc0
[ 4504.716157] bcmgenet 12c00000.ethernet eth0: tc7200u tx submit ring=0 q=0 len=98 frags=0 free_now=1305 sw_prod=232 hw_before(p=0 c=8) hw_after(p=1 c=112) first=0x06f67182 first_stat=0x00a26fc0 last=0x06f67182 last_stat=0x00a26fc0
[ 4505.815358] bcmgenet 12c00000.ethernet eth0: tc7200u tx submit ring=0 q=0 len=98 frags=0 free_now=1304 sw_prod=233 hw_before(p=0 c=8) hw_after(p=1 c=128) first=0x06f66282 first_stat=0x00a26fc0 last=0x06f66282 last_stat=0x00a26fc0
[ 4506.915727] bcmgenet 12c00000.ethernet eth0: tc7200u tx submit ring=0 q=0 len=98 frags=0 free_now=1303 sw_prod=234 hw_before(p=0 c=8) hw_after(p=1 c=144) first=0x06f8e782 first_stat=0x00a26fc0 last=0x06f8e782 last_stat=0x00a26fc0
[ 4508.014449] bcmgenet 12c00000.ethernet eth0: tc7200u tx submit ring=0 q=0 len=98 frags=0 free_now=1302 sw_prod=235 hw_before(p=0 c=8) hw_after(p=1 c=160) first=0x06ad8502 first_stat=0x00a26fc0 last=0x06ad8502 last_stat=0x00a26fc0
[ 4509.105779] bcmgenet 12c00000.ethernet eth0: tc7200u tx submit ring=0 q=0 len=98 frags=0 free_now=1301 sw_prod=236 hw_before(p=0 c=8) hw_after(p=1 c=176) first=0x06ad9682 first_stat=0x00a26fc0 last=0x06ad9682 last_stat=0x00a26fc0
[ 4510.205617] bcmgenet 12c00000.ethernet eth0: tc7200u tx submit ring=0 q=0 len=98 frags=0 free_now=1300 sw_prod=237 hw_before(p=0 c=8) hw_after(p=1 c=192) first=0x06ad9902 first_stat=0x00a26fc0 last=0x06ad9902 last_stat=0x00a26fc0
[ 4511.309474] bcmgenet 12c00000.ethernet eth0: tc7200u tx submit ring=0 q=0 len=98 frags=0 free_now=1299 sw_prod=238 hw_before(p=0 c=8) hw_after(p=1 c=208) first=0x06ad9b82 first_stat=0x00a26fc0 last=0x06ad9b82 last_stat=0x00a26fc0
[ 4512.405041] bcmgenet 12c00000.ethernet eth0: tc7200u tx submit ring=0 q=0 len=98 frags=0 free_now=1298 sw_prod=239 hw_before(p=0 c=8) hw_after(p=1 c=224) first=0x06ad8002 first_stat=0x00a26fc0 last=0x06ad8002 last_stat=0x00a26fc0
[ 4513.504141] bcmgenet 12c00000.ethernet eth0: tc7200u tx submit ring=0 q=0 len=98 frags=0 free_now=1297 sw_prod=240 hw_before(p=0 c=8) hw_after(p=1 c=240) first=0x06ad8782 first_stat=0x00a26fc0 last=0x06ad8782 last_stat=0x00a26fc0
[ 4514.595900] bcmgenet 12c00000.ethernet eth0: tc7200u tx submit ring=0 q=0 len=98 frags=0 free_now=1296 sw_prod=241 hw_before(p=0 c=8) hw_after(p=1 c=0) first=0x06ad8282 first_stat=0x00a26fc0 last=0x06ad8282 last_stat=0x00a26fc0
[ 4515.695702] bcmgenet 12c00000.ethernet eth0: tc7200u tx submit ring=0 q=0 len=98 frags=0 free_now=1295 sw_prod=242 hw_before(p=0 c=8) hw_after(p=1 c=16) first=0x06ad9182 first_stat=0x00a26fc0 last=0x06ad9182 last_stat=0x00a26fc0
[ 4516.795402] bcmgenet 12c00000.ethernet eth0: tc7200u tx submit ring=0 q=0 len=98 frags=0 free_now=1294 sw_prod=243 hw_before(p=0 c=8) hw_after(p=1 c=32) first=0x06ad9402 first_stat=0x00a26fc0 last=0x06ad9402 last_stat=0x00a26fc0
[ 4517.894253] bcmgenet 12c00000.ethernet eth0: tc7200u tx submit ring=0 q=0 len=98 frags=0 free_now=1293 sw_prod=244 hw_before(p=0 c=8) hw_after(p=1 c=48) first=0x06ad8a02 first_stat=0x00a26fc0 last=0x06ad8a02 last_stat=0x00a26fc0
[ 4518.983692] bcmgenet 12c00000.ethernet eth0: tc7200u tx submit ring=0 q=0 len=98 frags=0 free_now=1292 sw_prod=245 hw_before(p=0 c=8) hw_after(p=1 c=64) first=0x06ad8f02 first_stat=0x00a26fc0 last=0x06ad8f02 last_stat=0x00a26fc0
[ 4520.063817] bcmgenet 12c00000.ethernet eth0: tc7200u tx submit ring=0 q=0 len=98 frags=0 free_now=1291 sw_prod=246 hw_before(p=0 c=8) hw_after(p=1 c=80) first=0x06ad8c82 first_stat=0x00a26fc0 last=0x06ad8c82 last_stat=0x00a26fc0
[ 4521.171104] bcmgenet 12c00000.ethernet eth0: tc7200u tx submit ring=0 q=0 len=98 frags=0 free_now=1290 sw_prod=247 hw_before(p=0 c=8) hw_after(p=1 c=96) first=0x06ebac82 first_stat=0x00a26fc0 last=0x06ebac82 last_stat=0x00a26fc0
[ 4522.234581] bcmgenet 12c00000.ethernet eth0: tc7200u tx submit ring=0 q=0 len=98 frags=0 free_now=1289 sw_prod=248 hw_before(p=0 c=8) hw_after(p=1 c=112) first=0x06eba502 first_stat=0x00a26fc0 last=0x06eba502 last_stat=0x00a26fc0
[ 4539.334163] bcmgenet 12c00000.ethernet eth0: tc7200u tx submit ring=0 q=0 len=98 frags=0 free_now=1288 sw_prod=249 hw_before(p=0 c=8) hw_after(p=1 c=128) first=0x06ebb682 first_stat=0x00a26fc0 last=0x06ebb682 last_stat=0x00a26fc0
[ 4542.168324] bcmgenet 12c00000.ethernet eth0: tc7200u tx submit ring=0 q=0 len=98 frags=0 free_now=1287 sw_prod=250 hw_before(p=0 c=8) hw_after(p=1 c=144) first=0x06ebbb82 first_stat=0x00a26fc0 last=0x06ebbb82 last_stat=0x00a26fc0
[ 4544.934255] bcmgenet 12c00000.ethernet eth0: tc7200u tx submit ring=0 q=0 len=98 frags=0 free_now=1286 sw_prod=251 hw_before(p=0 c=8) hw_after(p=1 c=160) first=0x06ebb902 first_stat=0x00a26fc0 last=0x06ebb902 last_stat=0x00a26fc0
[ 4547.942445] bcmgenet 12c00000.ethernet eth0: tc7200u tx submit ring=0 q=0 len=98 frags=0 free_now=1285 sw_prod=252 hw_before(p=0 c=8) hw_after(p=1 c=176) first=0x06eba782 first_stat=0x00a26fc0 last=0x06eba782 last_stat=0x00a26fc0
[ 4550.930621] bcmgenet 12c00000.ethernet eth0: tc7200u tx submit ring=0 q=0 len=98 frags=0 free_now=1284 sw_prod=253 hw_before(p=0 c=8) hw_after(p=1 c=192) first=0x06eba002 first_stat=0x00a26fc0 last=0x06eba002 last_stat=0x00a26fc0
[ 4553.877474] bcmgenet 12c00000.ethernet eth0: tc7200u tx submit ring=0 q=0 len=98 frags=0 free_now=1283 sw_prod=254 hw_before(p=0 c=8) hw_after(p=1 c=208) first=0x06eba282 first_stat=0x00a26fc0 last=0x06eba282 last_stat=0x00a26fc0
[ 4557.347912] bcmgenet 12c00000.ethernet eth0: tc7200u tx submit ring=0 q=0 len=98 frags=0 free_now=1282 sw_prod=255 hw_before(p=0 c=8) hw_after(p=1 c=224) first=0x06ebb182 first_stat=0x00a26fc0 last=0x06ebb182 last_stat=0x00a26fc0
[ 4560.738226] bcmgenet 12c00000.ethernet eth0: tc7200u tx submit ring=0 q=0 len=98 frags=0 free_now=1281 sw_prod=0 hw_before(p=0 c=8) hw_after(p=1 c=240) first=0x06ebb402 first_stat=0x00a26fc0 last=0x06ebb402 last_stat=0x00a26fc0
[ 4564.004134] bcmgenet 12c00000.ethernet eth0: tc7200u tx submit ring=0 q=0 len=98 frags=0 free_now=1280 sw_prod=1 hw_before(p=0 c=8) hw_after(p=1 c=0) first=0x06ebaa02 first_stat=0x00a26fc0 ebaa02 last_stat=0x00a26fc0
[ 4566.937442] bcmgenet 12c00000.ethernet eth0: tc7200u tx submit ring=0 q=0 len=98 frags=0 free_now=1279 sw_prod=2 hw_before(p=0 c=8) hw_after(p=1 c=16) first=0x06ebaf02 first_stat=0x00a26fc0 last=0x06ebaf02 last_stat=0x00a26fc0
[ 4569.956984] bcmgenet 12c00000.ethernet eth0: tc7200u tx submit ring=0 q=0 len=98 frags=0 free_now=1278 sw_prod=3 hw_before(p=0 c=8) hw_after(p=1 c=32) first=0x06efd182 first_stat=0x00a26fc0 last=0x06efd182 last_stat=0x00a26fc0
[ 4572.943280] bcmgenet 12c00000.ethernet eth0: tc7200u tx submit ring=0 q=0 len=98 frags=0 free_now=1277 sw_prod=4 hw_before(p=0 c=8) hw_after(p=1 c=48) first=0x06efd402 first_stat=0x00a26fc0 last=0x06efd402 last_stat=0x00a26fc0
[ 4575.861028] bcmgenet 12c00000.ethernet eth0: tc7200u tx submit ring=0 q=0 len=98 frags=0 free_now=1276 sw_prod=5 hw_before(p=0 c=8) hw_after(p=1 c=64) first=0x06efcf02 first_stat=0x00a26fc0 last=0x06efcf02 last_stat=0x00a26fc0
[ 4578.310151] bcmgenet 12c00000.ethernet eth0: tc7200u tx submit ring=0 q=0 len=98 frags=0 free_now=1275 sw_prod=6 hw_before(p=0 c=8) hw_after(p=1 c=80) first=0x06efca02 first_stat=0x00a26fc0 last=0x06efca02 last_stat=0x00a26fc0
[ 4581.245977] bcmgenet 12c00000.ethernet eth0: tc7200u tx submit ring=0 q=0 len=98 frags=0 free_now=1274 sw_prod=7 hw_before(p=0 c=8) hw_after(p=1 c=96) first=0x06efc502 first_stat=0x00a26fc0 last=0x06efc502 last_stat=0x00a26fc0
[ 4584.251160] bcmgenet 12c00000.ethernet eth0: tc7200u tx submit ring=0 q=0 len=98 frags=0 free_now=1273 sw_prod=8 hw_before(p=0 c=8) hw_after(p=1 c=112) first=0x06efcc82 first_stat=0x00a26fc0 last=0x06efcc82 last_stat=0x00a26fc0
[ 4587.140944] bcmgenet 12c00000.ethernet eth0: tc7200u tx submit ring=0 q=0 len=98 frags=0 free_now=1272 sw_prod=9 hw_before(p=0 c=8) hw_after(p=1 c=128) first=0x06efd902 first_stat=0x00a26fc0 last=0x06efd902 last_stat=0x00a26fc0
[ 4589.936763] bcmgenet 12c00000.ethernet eth0: tc7200u tx submit ring=0 q=0 len=98 frags=0 free_now=1271 sw_prod=10 hw_before(p=0 c=8) hw_after(p=1 c=144) first=0x06efd682 first_stat=0x00a26fc0 last=0x06efd682 last_stat=0x00a26fc0
[ 4592.870833] bcmgenet 12c00000.ethernet eth0: tc7200u tx submit ring=0 q=0 len=98 frags=0 free_now=1270 sw_prod=11 hw_before(p=0 c=8) hw_after(p=1 c=160) first=0x06efc002 first_stat=0x00a26fc0 last=0x06efc002 last_stat=0x00a26fc0
[ 4595.876780] bcmgenet 12c00000.ethernet eth0: tc7200u tx submit ring=0 q=0 len=98 frags=0 free_now=1269 sw_prod=12 hw_before(p=0 c=8) hw_after(p=1 c=176) first=0x06efdb82 first_stat=0x00a26fc0 last=0x06efdb82 last_stat=0x00a26fc0
[ 4599.108370] bcmgenet 12c00000.ethernet eth0: tc7200u tx submit ring=0 q=0 len=98 frags=0 free_now=1268 sw_prod=13 hw_before(p=0 c=8) hw_after(p=1 c=192) first=0x06efc782 first_stat=0x00a26fc0 last=0x06efc782 last_stat=0x00a26fc0
[ 4602.184079] bcmgenet 12c00000.ethernet eth0: tc7200u tx submit ring=0 q=0 len=98 frags=0 free_now=1267 sw_prod=14 hw_before(p=0 c=8) hw_after(p=1 c=208) first=0x06efc282 first_stat=0x00a26fc0 last=0x06efc282 last_stat=0x00a26fc0
[ 4605.284642] bcmgenet 12c00000.ethernet eth0: tc7200u tx submit ring=0 q=0 len=98 frags=0 free_now=1266 sw_prod=15 hw_before(p=0 c=8) hw_after(p=1 c=224) first=0x06fe2c82 first_stat=0x00a26fc0 last=0x06fe2c82 last_stat=0x00a26fc0
[ 4607.787457] bcmgenet 12c00000.ethernet eth0: tc7200u tx submit ring=0 q=0 len=98 frags=0 free_now=1265 sw_prod=16 hw_before(p=0 c=8) hw_after(p=1 c=240) first=0x06fe2502 first_stat=0x00a26fc0 last=0x06fe2502 last_stat=0x00a26fc0
[ 4610.245995] bcmgenet 12c00000.ethernet eth0: tc7200u tx submit ring=0 q=0 len=98 frags=0 free_now=1264 sw_prod=17 hw_before(p=0 c=8) hw_after(p=1 c=0) first=0x06fe3682 first_stat=0x00a26fc0 last=0x06fe3682 last_stat=0x00a26fc0
[ 4612.675275] bcmgenet 12c00000.ethernet eth0: tc7200u tx submit ring=0 q=0 len=98 frags=0 free_now=1263 sw_prod=18 hw_before(p=0 c=8) hw_after(p=1 c=16) first=0x06fe3902 first_stat=0x00a26fc0 last=0x06fe3902 last_stat=0x00a26fc0
[ 4615.137579] bcmgenet 12c00000.ethernet eth0: tc7200u tx submit ring=0 q=0 len=98 frags=0 free_now=1262 sw_prod=19 hw_before(p=0 c=8) hw_after(p=1 c=32) first=0x06fe3b82 first_stat=0x00a26fc0 last=0x06fe3b82 last_stat=0x00a26fc0
[ 4617.173377] bcmgenet 12c00000.ethernet eth0: tc7200u tx submit ring=0 q=0 len=98 frags=0 free_now=1261 sw_prod=20 hw_before(p=0 c=8) hw_after(p=1 c=48) first=0x06fe2782 first_stat=0x00a26fc0 last=0x06fe2782 last_stat=0x00a26fc0
[ 4619.654319] bcmgenet 12c00000.ethernet eth0: tc7200u tx submit ring=0 q=0 len=98 frags=0 free_now=1260 sw_prod=21 hw_before(p=0 c=8) hw_after(p=1 c=64) first=0x06fe2002 first_stat=0x00a26fc0 last=0x06fe2002 last_stat=0x00a26fc0
[ 4622.184765] bcmgenet 12c00000.ethernet eth0: tc7200u tx submit ring=0 q=0 len=98 frags=0 free_now=1259 sw_prod=22 hw_before(p=0 c=8) hw_after(p=1 c=80) first=0x06fe2282 first_stat=0x00a26fc0 last=0x06fe2282 last_stat=0x00a26fc0
[ 4624.181057] bcmgenet 12c00000.ethernet eth0: tc7200u tx submit ring=0 q=0 len=98 frags=0 free_now=1258 sw_prod=23 hw_before(p=0 c=8) hw_after(p=1 c=96) first=0x06fe3182 first_stat=0x00a26fc0 last=0x06fe3182 last_stat=0x00a26fc0
[ 4626.623553] bcmgenet 12c00000.ethernet eth0: tc7200u tx submit ring=0 q=0 len=98 frags=0 free_now=1257 sw_prod=24 hw_before(p=0 c=8) hw_after(p=1 c=112) first=0x06fe2a02 first_stat=0x00a26fc0 last=0x06fe2a02 last_stat=0x00a26fc0
[ 4629.083399] bcmgenet 12c00000.ethernet eth0: tc7200u tx submit ring=0 q=0 len=98 frags=0 free_now=1256 sw_prod=25 hw_before(p=0 c=8) hw_after(p=1 c=128) first=0x06fe3402 first_stat=0x00a26fc0 last=0x06fe3402 last_stat=0x00a26fc0
[ 4631.585026] bcmgenet 12c00000.ethernet eth0: tc7200u tx submit ring=0 q=0 len=98 frags=0 free_now=1255 sw_prod=26 hw_before(p=0 c=8) hw_after(p=1 c=144) first=0x06fe2f02 first_stat=0x00a26fc0 last=0x06fe2f02 last_stat=0x00a26fc0
[ 4634.074271] bcmgenet 12c00000.ethernet eth0: tc7200u tx submit ring=0 q=0 len=98 frags=0 free_now=1254 sw_prod=27 hw_before(p=0 c=8) hw_after(p=1 c=160) first=0x06ef6002 first_stat=0x00a26fc0 last=0x06ef6002 last_stat=0x00a26fc0
[ 4636.569513] bcmgenet 12c00000.ethernet eth0: tc7200u tx submit ring=0 q=0 len=98 frags=0 free_now=1253 sw_prod=28 hw_before(p=0 c=8) hw_after(p=1 c=176) first=0x06ef6782 first_stat=0x00a26fc0 last=0x06ef6782 last_stat=0x00a26fc0
[ 4639.045866] bcmgenet 12c00000.ethernet eth0: tc7200u tx submit ring=0 q=0 len=98 frags=0 free_now=1252 sw_prod=29 hw_before(p=0 c=8) hw_after(p=1 c=192) first=0x06ef6282 first_stat=0x00a26fc0 last=0x06ef6282 last_stat=0x00a26fc0
[ 4641.543511] bcmgenet 12c00000.ethernet eth0: tc7200u tx submit ring=0 q=0 len=98 frags=0 free_now=1251 sw_prod=30 hw_before(p=0 c=8) hw_after(p=1 c=208) first=0x06ef7182 first_stat=0x00a26fc0 last=0x06ef7182 last_stat=0x00a26fc0
[ 4644.003014] bcmgenet 12c00000.ethernet eth0: tc7200u tx submit ring=0 q=0 len=98 frags=0 free_now=1250 sw_prod=31 hw_before(p=0 c=8) hw_after(p=1 c=224) first=0x06ef7402 first_stat=0x00a26fc0 last=0x06ef7402 last_stat=0x00a26fc0
[ 4646.413204] bcmgenet 12c00000.ethernet eth0: tc7200u tx submit ring=0 q=0 len=98 frags=0 free_now=1249 sw_prod=32 hw_before(p=0 c=8) hw_after(p=1 c=240) first=0x06ef6f02 first_stat=0x00a26fc0 last=0x06ef6f02 last_stat=0x00a26fc0
root@OpenWrt:~# 
root@OpenWrt:~# 
root@OpenWrt:~# 
root@OpenWrt:~# echo "=== done ==="
=== done ===
root@OpenWrt:~# 
root@OpenWrt:~# 